Component: ARM Compiler 6.12 Tool: armlink [5d624300]

==============================================================================

Section Cross References

    main.o(.text.__cxx_global_var_init) refers to queue.o(.text.xQueueGenericCreate) for xQueueGenericCreate
    main.o(.text.__cxx_global_var_init) refers to main.o(.bss.WristCommandQueue) for WristCommandQueue
    main.o(.ARM.exidx.text.__cxx_global_var_init) refers to main.o(.text.__cxx_global_var_init) for [Anonymous Symbol]
    main.o(.text.__cxx_global_var_init.1) refers to queue.o(.text.xQueueGenericCreate) for xQueueGenericCreate
    main.o(.text.__cxx_global_var_init.1) refers to main.o(.bss.WristPosQueue) for WristPosQueue
    main.o(.ARM.exidx.text.__cxx_global_var_init.1) refers to main.o(.text.__cxx_global_var_init.1) for [Anonymous Symbol]
    main.o(.text.__cxx_global_var_init.2) refers to queue.o(.text.xQueueGenericCreate) for xQueueGenericCreate
    main.o(.text.__cxx_global_var_init.2) refers to main.o(.bss.ElbowCommandQueue) for ElbowCommandQueue
    main.o(.ARM.exidx.text.__cxx_global_var_init.2) refers to main.o(.text.__cxx_global_var_init.2) for [Anonymous Symbol]
    main.o(.text.__cxx_global_var_init.3) refers to queue.o(.text.xQueueGenericCreate) for xQueueGenericCreate
    main.o(.text.__cxx_global_var_init.3) refers to main.o(.bss.ElbowKdataQueue) for ElbowKdataQueue
    main.o(.ARM.exidx.text.__cxx_global_var_init.3) refers to main.o(.text.__cxx_global_var_init.3) for [Anonymous Symbol]
    main.o(.text.__cxx_global_var_init.4) refers to event_groups.o(.text.xEventGroupCreate) for xEventGroupCreate
    main.o(.text.__cxx_global_var_init.4) refers to main.o(.bss.EventGroupHandler) for EventGroupHandler
    main.o(.ARM.exidx.text.__cxx_global_var_init.4) refers to main.o(.text.__cxx_global_var_init.4) for [Anonymous Symbol]
    main.o(.text.main) refers to stm32f4xx_hal.o(.text.HAL_Init) for HAL_Init
    main.o(.text.main) refers to sys.o(.text.Stm32_Clock_Init) for Stm32_Clock_Init
    main.o(.text.main) refers to delay.o(.text.delay_init) for delay_init
    main.o(.text.main) refers to gpio.o(.text.MX_GPIO_Init) for MX_GPIO_Init
    main.o(.text.main) refers to usart.o(.text.Serialport_Init) for Serialport_Init
    main.o(.text.main) refers to can.o(.text.CAN_Config) for CAN_Config
    main.o(.text.main) refers to main.o(.bss.StartTask_Handler) for StartTask_Handler
    main.o(.text.main) refers to main.o(.text._Z10start_taskPv) for start_task(void*)
    main.o(.text.main) refers to main.o(.rodata.str1.1) for .L.str
    main.o(.text.main) refers to tasks.o(.text.xTaskCreate) for xTaskCreate
    main.o(.text.main) refers to tasks.o(.text.vTaskStartScheduler) for vTaskStartScheduler
    main.o(.ARM.exidx.text.main) refers to main.o(.text.main) for [Anonymous Symbol]
    main.o(.text._Z10start_taskPv) refers to port.o(.text.vPortEnterCritical) for vPortEnterCritical
    main.o(.text._Z10start_taskPv) refers to main.o(.bss.CommandTask_Handler) for CommandTask_Handler
    main.o(.text._Z10start_taskPv) refers to main.o(.text._Z12Command_taskPv) for Command_task(void*)
    main.o(.text._Z10start_taskPv) refers to main.o(.rodata.str1.1) for .L.str.5
    main.o(.text._Z10start_taskPv) refers to tasks.o(.text.xTaskCreate) for xTaskCreate
    main.o(.text._Z10start_taskPv) refers to main.o(.bss.WristPosTask_Handler) for WristPosTask_Handler
    main.o(.text._Z10start_taskPv) refers to main.o(.text._Z13WristPos_taskPv) for WristPos_task(void*)
    main.o(.text._Z10start_taskPv) refers to main.o(.bss.StartTask_Handler) for StartTask_Handler
    main.o(.text._Z10start_taskPv) refers to tasks.o(.text.vTaskDelete) for vTaskDelete
    main.o(.text._Z10start_taskPv) refers to port.o(.text.vPortExitCritical) for vPortExitCritical
    main.o(.ARM.exidx.text._Z10start_taskPv) refers to main.o(.text._Z10start_taskPv) for [Anonymous Symbol]
    main.o(.text._Z12Command_taskPv) refers to port.o(.text.vPortEnterCritical) for vPortEnterCritical
    main.o(.text._Z12Command_taskPv) refers to usart.o(.bss.USART1_RX_STA) for USART1_RX_STA
    main.o(.text._Z12Command_taskPv) refers to can.o(.bss.CAN1_RX_FLAG) for CAN1_RX_FLAG
    main.o(.text._Z12Command_taskPv) refers to memseta.o(.text) for __aeabi_memclr4
    main.o(.text._Z12Command_taskPv) refers to canget.o(.text.Get_CAN_Command) for Get_CAN_Command
    main.o(.text._Z12Command_taskPv) refers to usart.o(.bss.UART1_Handler) for UART1_Handler
    main.o(.text._Z12Command_taskPv) refers to usart_get.o(.text.Get_USART_Command) for Get_USART_Command
    main.o(.text._Z12Command_taskPv) refers to motioncontrol.o(.text.WristPostureControl) for WristPostureControl
    main.o(.text._Z12Command_taskPv) refers to motioncontrol.o(.text.Motor_QB) for Motor_QB
    main.o(.text._Z12Command_taskPv) refers to canprint.o(.text.MotorData_CAN_Send) for MotorData_CAN_Send
    main.o(.text._Z12Command_taskPv) refers to port.o(.text.vPortExitCritical) for vPortExitCritical
[...]
    I2C3_ER_IRQHandler                       0x080001bf   Thumb Code     0  startup_stm32f407xx.o(.text)
    I2C3_EV_IRQHandler                       0x080001bf   Thumb Code     0  startup_stm32f407xx.o(.text)
    OTG_FS_IRQHandler                        0x080001bf   Thumb Code     0  startup_stm32f407xx.o(.text)
    OTG_FS_WKUP_IRQHandler                   0x080001bf   Thumb Code     0  startup_stm32f407xx.o(.text)
    OTG_HS_EP1_IN_IRQHandler                 0x080001bf   Thumb Code     0  startup_stm32f407xx.o(.text)
    OTG_HS_EP1_OUT_IRQHandler                0x080001bf   Thumb Code     0  startup_stm32f407xx.o(.text)
    OTG_HS_IRQHandler                        0x080001bf   Thumb Code     0  startup_stm32f407xx.o(.text)
    OTG_HS_WKUP_IRQHandler                   0x080001bf   Thumb Code     0  startup_stm32f407xx.o(.text)
    PVD_IRQHandler                           0x080001bf   Thumb Code     0  startup_stm32f407xx.o(.text)
    RCC_IRQHandler                           0x080001bf   Thumb Code     0  startup_stm32f407xx.o(.text)
    RTC_Alarm_IRQHandler                     0x080001bf   Thumb Code     0  startup_stm32f407xx.o(.text)
    RTC_WKUP_IRQHandler                      0x080001bf   Thumb Code     0  startup_stm32f407xx.o(.text)
    SDIO_IRQHandler                          0x080001bf   Thumb Code     0  startup_stm32f407xx.o(.text)
    SPI1_IRQHandler                          0x080001bf   Thumb Code     0  startup_stm32f407xx.o(.text)
    SPI2_IRQHandler                          0x080001bf   Thumb Code     0  startup_stm32f407xx.o(.text)
    SPI3_IRQHandler                          0x080001bf   Thumb Code     0  startup_stm32f407xx.o(.text)
    TAMP_STAMP_IRQHandler                    0x080001bf   Thumb Code     0  startup_stm32f407xx.o(.text)
    TIM1_BRK_TIM9_IRQHandler                 0x080001bf   Thumb Code     0  startup_stm32f407xx.o(.text)
    TIM1_CC_IRQHandler                       0x080001bf   Thumb Code     0  startup_stm32f407xx.o(.text)
    TIM1_TRG_COM_TIM11_IRQHandler            0x080001bf   Thumb Code     0  startup_stm32f407xx.o(.text)
    TIM1_UP_TIM10_IRQHandler                 0x080001bf   Thumb Code     0  startup_stm32f407xx.o(.text)
    TIM2_IRQHandler                          0x080001bf   Thumb Code     0  startup_stm32f407xx.o(.text)
    TIM3_IRQHandler                          0x080001bf   Thumb Code     0  startup_stm32f407xx.o(.text)
    TIM4_IRQHandler                          0x080001bf   Thumb Code     0  startup_stm32f407xx.o(.text)
    TIM5_IRQHandler                          0x080001bf   Thumb Code     0  startup_stm32f407xx.o(.text)
    TIM6_DAC_IRQHandler                      0x080001bf   Thumb Code     0  startup_stm32f407xx.o(.text)
    TIM7_IRQHandler                          0x080001bf   Thumb Code     0  startup_stm32f407xx.o(.text)
    TIM8_BRK_TIM12_IRQHandler                0x080001bf   Thumb Code     0  startup_stm32f407xx.o(.text)
    TIM8_CC_IRQHandler                       0x080001bf   Thumb Code     0  startup_stm32f407xx.o(.text)
    TIM8_TRG_COM_TIM14_IRQHandler            0x080001bf   Thumb Code     0  startup_stm32f407xx.o(.text)
    TIM8_UP_TIM13_IRQHandler                 0x080001bf   Thumb Code     0  startup_stm32f407xx.o(.text)
    USART3_IRQHandler                        0x080001bf   Thumb Code     0  startup_stm32f407xx.o(.text)
    USART6_IRQHandler                        0x080001bf   Thumb Code     0  startup_stm32f407xx.o(.text)
    WWDG_IRQHandler                          0x080001bf   Thumb Code     0  startup_stm32f407xx.o(.text)
    __aeabi_uldivmod                         0x080001c9   Thumb Code    98  uldiv.o(.text)
    __aeabi_memcpy                           0x0800022b   Thumb Code    36  memcpya.o(.text)
    __aeabi_memcpy4                          0x0800022b   Thumb Code     0  memcpya.o(.text)
    __aeabi_memcpy8                          0x0800022b   Thumb Code     0  memcpya.o(.text)
    __aeabi_memset                           0x0800024f   Thumb Code    14  memseta.o(.text)
    __aeabi_memset4                          0x0800024f   Thumb Code     0  memseta.o(.text)
    __aeabi_memset8                          0x0800024f   Thumb Code     0  memseta.o(.text)
    __aeabi_memclr                           0x0800025d   Thumb Code     4  memseta.o(.text)
    __aeabi_memclr4                          0x0800025d   Thumb Code     0  memseta.o(.text)
    __aeabi_memclr8                          0x0800025d   Thumb Code     0  memseta.o(.text)
    _memset$wrapper                          0x08000261   Thumb Code    18  memseta.o(.text)
    strlen                                   0x08000273   Thumb Code    14  strlen.o(.text)
    __cpp_initialize__aeabi_                 0x08000281   Thumb Code    22  cpp_init.o(.text)
    __cxa_atexit                             0x080002a1   Thumb Code    10  cxa_atexit.o(.text)
    __aeabi_dadd                             0x080002ab   Thumb Code   322  dadd.o(.text)
    __aeabi_dsub                             0x080003ed   Thumb Code     6  dadd.o(.text)
    __aeabi_drsub                            0x080003f3   Thumb Code     6  dadd.o(.text)
    __aeabi_dmul                             0x080003f9   Thumb Code   228  dmul.o(.text)
    __aeabi_ddiv                             0x080004dd   Thumb Code   222  ddiv.o(.text)
    __aeabi_i2d                              0x080005bb   Thumb Code    34  dflti.o(.text)
    __aeabi_d2iz                             0x080005dd   Thumb Code    62  dfixi.o(.text)
    __aeabi_f2d                              0x0800061b   Thumb Code    38  f2d.o(.text)
    __aeabi_d2f                              0x08000641   Thumb Code    56  d2f.o(.text)
    __aeabi_uidiv                            0x08000679   Thumb Code     0  uidiv.o(.text)
    __aeabi_uidivmod                         0x08000679   Thumb Code    44  uidiv.o(.text)
    __aeabi_llsl                             0x080006a5   Thumb Code    30  llshl.o(.text)
    _ll_shift_l                              0x080006a5   Thumb Code     0  llshl.o(.text)
    __aeabi_llsr                             0x080006c3   Thumb Code    32  llushr.o(.text)
    _ll_ushift_r                             0x080006c3   Thumb Code     0  llushr.o(.text)
    __aeabi_lasr                             0x080006e3   Thumb Code    36  llsshr.o(.text)
    _ll_sshift_r                             0x080006e3   Thumb Code     0  llsshr.o(.text)
    __I$use$fp                               0x08000707   Thumb Code     0  iusefp.o(.text)
    __aeabi_atexit                           0x08000707   Thumb Code    46  aeabi_atexit.o(.text)
    _float_round                             0x08000735   Thumb Code    18  fepilogue.o(.text)
    _float_epilogue                          0x08000747   Thumb Code    92  fepilogue.o(.text)
    _double_round                            0x080007a3   Thumb Code    30  depilogue.o(.text)
    _double_epilogue                         0x080007c1   Thumb Code   156  depilogue.o(.text)
    __ARM_scalbn                             0x0800085d   Thumb Code    46  dscalb.o(.text)
    scalbn                                   0x0800085d   Thumb Code     0  dscalb.o(.text)
    _dsqrt                                   0x0800088b   Thumb Code   162  dsqrt.o(.text)
    __aeabi_d2ulz                            0x0800092d   Thumb Code    48  dfixul.o(.text)
    __aeabi_cdrcmple                         0x0800095d   Thumb Code    48  cdrcmple.o(.text)
    __scatterload                            0x0800098d   Thumb Code    28  init.o(.text)
    __scatterload_rt2                        0x0800098d   Thumb Code     0  init.o(.text)
    __rt_ddtor_pointer_addr                  0x080009b1   Thumb Code     4  cpp_dtor.o(.text)
    __cxa_finalize                           0x080009b9   Thumb Code    66  cxa_finalize.o(.text)
    __aeabi_ui2d                             0x080009fb   Thumb Code    26  dfltui.o(.text)
    __rt_lib_shutdown_cpp_2                  0x08000a15   Thumb Code     2  cpp_final.o(.text)
    BusFault_Handler                         0x08000a19   Thumb Code     4  stm32f4xx_it.o(.text.BusFault_Handler)
    CAN1_RX1_IRQHandler                      0x08000a1d   Thumb Code   320  can.o(.text.CAN1_RX1_IRQHandler)
    CAN_Config                               0x08000b5d   Thumb Code    94  can.o(.text.CAN_Config)
    CAN_Filter_Config                        0x08000bbd   Thumb Code   156  can.o(.text.CAN_Filter_Config)
    CAN_ReceiveMsg                           0x08000c59   Thumb Code   172  can.o(.text.CAN_ReceiveMsg)
    CAN_SendMsg                              0x08000d05   Thumb Code   158  can.o(.text.CAN_SendMsg)
    CopeMPData                               0x08000da5   Thumb Code   368  kaerman.o(.text.CopeMPData)
    CopeSPData                               0x08000f15   Thumb Code   368  kaerman.o(.text.CopeSPData)
    DebugMon_Handler                         0x080011e1   Thumb Code     2  stm32f4xx_it.o(.text.DebugMon_Handler)
    Get_CAN_Command                          0x080011e5   Thumb Code   158  canget.o(.text.Get_CAN_Command)
    Get_USART_Command                        0x08001285   Thumb Code   418  usart_get.o(.text.Get_USART_Command)
    HAL_CAN_ActivateNotification             0x08001429   Thumb Code    90  stm32f4xx_hal_can.o(.text.HAL_CAN_ActivateNotification)
    HAL_CAN_AddTxMessage                     0x08001485   Thumb Code   396  stm32f4xx_hal_can.o(.text.HAL_CAN_AddTxMessage)
    HAL_CAN_ConfigFilter                     0x08001611   Thumb Code   444  stm32f4xx_hal_can.o(.text.HAL_CAN_ConfigFilter)
    HAL_CAN_GetRxMessage                     0x080017cd   Thumb Code   528  stm32f4xx_hal_can.o(.text.HAL_CAN_GetRxMessage)
    HAL_CAN_Init                             0x080019dd   Thumb Code   496  stm32f4xx_hal_can.o(.text.HAL_CAN_Init)
    HAL_CAN_MspInit                          0x08001bcd   Thumb Code   170  can.o(.text.HAL_CAN_MspInit)
    HAL_CAN_Start                            0x08001c79   Thumb Code   148  stm32f4xx_hal_can.o(.text.HAL_CAN_Start)
    HAL_DMA_Abort_IT                         0x08001d0d   Thumb Code    72  stm32f4xx_hal_dma.o(.text.HAL_DMA_Abort_IT)
    HAL_GPIO_Init                            0x08001d55   Thumb Code   974  stm32f4xx_hal_gpio.o(.text.HAL_GPIO_Init)
    HAL_GPIO_WritePin                        0x08002125   Thumb Code    66  stm32f4xx_hal_gpio.o(.text.HAL_GPIO_WritePin)
    HAL_GetREVID                             0x08002169   Thumb Code    14  stm32f4xx_hal.o(.text.HAL_GetREVID)
    HAL_GetTick                              0x08002179   Thumb Code    12  stm32f4xx_hal.o(.text.HAL_GetTick)
    HAL_Init                                 0x08002185   Thumb Code    52  stm32f4xx_hal.o(.text.HAL_Init)
    HAL_InitTick                             0x080021b9   Thumb Code   118  stm32f4xx_hal.o(.text.HAL_InitTick)
    HAL_MspInit                              0x08002231   Thumb Code     2  stm32f4xx_hal_msp.o(.text.HAL_MspInit)
    HAL_NVIC_EnableIRQ                       0x08002235   Thumb Code    24  stm32f4xx_hal_cortex.o(.text.HAL_NVIC_EnableIRQ)
    HAL_NVIC_SetPriority                     0x0800224d   Thumb Code    76  stm32f4xx_hal_cortex.o(.text.HAL_NVIC_SetPriority)
    HAL_NVIC_SetPriorityGrouping             0x08002299   Thumb Code    20  stm32f4xx_hal_cortex.o(.text.HAL_NVIC_SetPriorityGrouping)
    HAL_RCC_ClockConfig                      0x080022ad   Thumb Code   626  stm32f4xx_hal_rcc.o(.text.HAL_RCC_ClockConfig)
    HAL_RCC_GetHCLKFreq                      0x08002521   Thumb Code    12  stm32f4xx_hal_rcc.o(.text.HAL_RCC_GetHCLKFreq)
    HAL_RCC_GetPCLK1Freq                     0x0800252d   Thumb Code    38  stm32f4xx_hal_rcc.o(.text.HAL_RCC_GetPCLK1Freq)
    HAL_RCC_GetPCLK2Freq                     0x08002555   Thumb Code    42  stm32f4xx_hal_rcc.o(.text.HAL_RCC_GetPCLK2Freq)
    HAL_RCC_GetSysClockFreq                  0x08002581   Thumb Code   232  stm32f4xx_hal_rcc.o(.text.HAL_RCC_GetSysClockFreq)
    HAL_RCC_OscConfig                        0x08002669   Thumb Code  1650  stm32f4xx_hal_rcc.o(.text.HAL_RCC_OscConfig)
    HAL_SYSTICK_CLKSourceConfig              0x08002cdd   Thumb Code    56  stm32f4xx_hal_cortex.o(.text.HAL_SYSTICK_CLKSourceConfig)
    HAL_SYSTICK_Config                       0x08002d15   Thumb Code    20  stm32f4xx_hal_cortex.o(.text.HAL_SYSTICK_Config)
    HAL_UART_ErrorCallback                   0x08002d29   Thumb Code    12  stm32f4xx_hal_uart.o(.text.HAL_UART_ErrorCallback)
    HAL_UART_GetState                        0x08002d35   Thumb Code    44  stm32f4xx_hal_uart.o(.text.HAL_UART_GetState)
    HAL_UART_IRQHandler                      0x08002d61   Thumb Code   544  stm32f4xx_hal_uart.o(.text.HAL_UART_IRQHandler)
    HAL_UART_Init                            0x08002f81   Thumb Code   166  stm32f4xx_hal_uart.o(.text.HAL_UART_Init)
    HAL_UART_MspInit                         0x08003029   Thumb Code   810  usart.o(.text.HAL_UART_MspInit)
    HAL_UART_Receive                         0x08003355   Thumb Code   396  stm32f4xx_hal_uart.o(.text.HAL_UART_Receive)
    HAL_UART_Receive_IT                      0x080034e1   Thumb Code   208  stm32f4xx_hal_uart.o(.text.HAL_UART_Receive_IT)
    HAL_UART_RxCpltCallback                  0x080035b1   Thumb Code   260  usart.o(.text.HAL_UART_RxCpltCallback)
    HAL_UART_Transmit                        0x080036b5   Thumb Code   384  stm32f4xx_hal_uart.o(.text.HAL_UART_Transmit)
    HAL_UART_TxCpltCallback                  0x08003835   Thumb Code    12  stm32f4xx_hal_uart.o(.text.HAL_UART_TxCpltCallback)
    HardFault_Handler                        0x08003841   Thumb Code     4  stm32f4xx_it.o(.text.HardFault_Handler)
    MX_CAN1_Init                             0x08003845   Thumb Code   104  can.o(.text.MX_CAN1_Init)
    MX_GPIO_Init                             0x080038ad   Thumb Code   246  gpio.o(.text.MX_GPIO_Init)
    MemManage_Handler                        0x080039a5   Thumb Code     4  stm32f4xx_it.o(.text.MemManage_Handler)
    MotorData_CAN_Send                       0x080039a9   Thumb Code   354  canprint.o(.text.MotorData_CAN_Send)
    Motor_QB                                 0x08003b11   Thumb Code    96  motioncontrol.o(.text.Motor_QB)
    Motor_W1                                 0x08003b71   Thumb Code    48  motioncontrol.o(.text.Motor_W1)
    Motor_W2                                 0x08003ba1   Thumb Code    48  motioncontrol.o(.text.Motor_W2)
    NMI_Handler                              0x08003bd1   Thumb Code     2  stm32f4xx_it.o(.text.NMI_Handler)
    NMT_State_Change                         0x08003bd5   Thumb Code    64  nmt_control.o(.text.NMT_State_Change)
    PendSV_Handler                           0x08003ca1   Thumb Code   100  port.o(.text.PendSV_Handler)
    RPY                                      0x08003d09   Thumb Code  2008  kaerman.o(.text.RPY)
    ReceivePDO                               0x080044e1   Thumb Code   228  pdo.o(.text.ReceivePDO)
    SDO_Read                                 0x080045c5   Thumb Code   238  sdo.o(.text.SDO_Read)
    SDO_Write                                0x080046b5   Thumb Code   164  sdo.o(.text.SDO_Write)
    SVC_Handler                              0x08004761   Thumb Code    36  port.o(.text.SVC_Handler)
    Serialport_Init                          0x08004785   Thumb Code    72  usart.o(.text.Serialport_Init)
    Stm32_Clock_Init                         0x080047cd   Thumb Code   256  sys.o(.text.Stm32_Clock_Init)
    Sync_Send                                0x080048cd   Thumb Code    38  nmt_control.o(.text.Sync_Send)
    SysTick_Handler                          0x08004951   Thumb Code    40  delay.o(.text.SysTick_Handler)
    SystemInit                               0x08004979   Thumb Code   110  system_stm32f4xx.o(.text.SystemInit)
    TransmitPDO                              0x080049e9   Thumb Code   248  pdo.o(.text.TransmitPDO)
    UART4_IRQHandler                         0x08004ae1   Thumb Code   142  usart.o(.text.UART4_IRQHandler)
    UART5_IRQHandler                         0x08004b71   Thumb Code   142  usart.o(.text.UART5_IRQHandler)
    USART1_IRQHandler                        0x08005341   Thumb Code   126  usart.o(.text.USART1_IRQHandler)
    USART2_IRQHandler                        0x080053c1   Thumb Code   142  usart.o(.text.USART2_IRQHandler)
    UsageFault_Handler                       0x08005451   Thumb Code     4  stm32f4xx_it.o(.text.UsageFault_Handler)
    WitSerialDataIn                          0x08005455   Thumb Code   328  hwt101.o(.text.WitSerialDataIn)
    WristPoseEstimate                        0x0800559d   Thumb Code    92  kaerman.o(.text.WristPoseEstimate)
    WristPostureControl                      0x080055f9   Thumb Code  1704  motioncontrol.o(.text.WristPostureControl)
    start_task(void*)                        0x08005ce1   Thumb Code   138  main.o(.text._Z10start_taskPv)
    Command_task(void*)                      0x08005d6d   Thumb Code   156  main.o(.text._Z12Command_taskPv)
    WristPos_task(void*)                     0x08005e09   Thumb Code   484  main.o(.text._Z13WristPos_taskPv)
    ImpedanceModel::ImpedanceModel()         0x08005fed   Thumb Code    58  impedancecontrol.o(.text._ZN14ImpedanceModelC2Ev)
    ImpedanceModel::ImpedanceModel__sub_object() 0x08005fed   Thumb Code    58  impedancecontrol.o(.text._ZN14ImpedanceModelC2Ev)
    Epos::ClearFault()                       0x08006029   Thumb Code    62  epos.o(.text._ZN4Epos10ClearFaultEv)
    Epos::WriteObject(unsigned short, unsigned char, unsigned) 0x08006069   Thumb Code    78  epos.o(.text._ZN4Epos11WriteObjectEthj)
    Epos::EnableDevice()                     0x080060b9   Thumb Code    34  epos.o(.text._ZN4Epos12EnableDeviceEv)
    Epos::Get_ActualPos(unsigned char*)      0x080060dd   Thumb Code    44  epos.o(.text._ZN4Epos13Get_ActualPosEPh)
    Epos::Get_ActualVel(unsigned char*)      0x08006109   Thumb Code    44  epos.o(.text._ZN4Epos13Get_ActualVelEPh)
    Epos::MoveToPosition(unsigned, unsigned, unsigned, unsigned char, int) 0x08006135   Thumb Code   136  epos.o(.text._ZN4Epos14MoveToPositionEjjjhi)
    Epos::Set_ProfileAcc(unsigned)           0x080061bd   Thumb Code    88  epos.o(.text._ZN4Epos14Set_ProfileAccEj)
    Epos::Set_ProfileDec(unsigned)           0x08006215   Thumb Code    88  epos.o(.text._ZN4Epos14Set_ProfileDecEj)
    Epos::Set_ProfileVel(unsigned)           0x0800626d   Thumb Code    84  epos.o(.text._ZN4Epos14Set_ProfileVelEj)
    Epos::WriteControlword(unsigned short)   0x080062c1   Thumb Code    56  epos.o(.text._ZN4Epos16WriteControlwordEt)
    Epos::Get_ActualCurrent(unsigned char*)  0x080062f9   Thumb Code    50  epos.o(.text._ZN4Epos17Get_ActualCurrentEPh)
    Epos::Set_Operation_Mode(unsigned char)  0x0800632d   Thumb Code    86  epos.o(.text._ZN4Epos18Set_Operation_ModeEh)
    Epos::Set_TargetPosition(unsigned char, int) 0x08006385   Thumb Code   108  epos.o(.text._ZN4Epos18Set_TargetPositionEhi)
    Epos::InitPPM()                          0x080063f1   Thumb Code    60  epos.o(.text._ZN4Epos7InitPPMEv)
    Epos::Epos__sub_object(unsigned char, unsigned char, int, int, unsigned, unsigned, unsigned, unsigned, unsigned, double, unsigned char) 0x0800642d   Thumb Code   168  epos.o(.text._ZN4EposC2Ehhiijjjjjdh)
    FuzzyPID::FuzzyPID()                     0x080064d5   Thumb Code  1724  fuzzypid.o(.text._ZN8FuzzyPIDC2Ev)
    FuzzyPID::FuzzyPID__sub_object()         0x080064d5   Thumb Code  1724  fuzzypid.o(.text._ZN8FuzzyPIDC2Ev)
    FuzzyPID::~FuzzyPID()                    0x08006b91   Thumb Code    14  fuzzypid.o(.text._ZN8FuzzyPIDD2Ev)
    FuzzyPID::~FuzzyPID__sub_object()        0x08006b91   Thumb Code    14  fuzzypid.o(.text._ZN8FuzzyPIDD2Ev)
    delay_init                               0x08006ed5   Thumb Code   102  delay.o(.text.delay_init)
    delay_ms                                 0x08006f3d   Thumb Code   112  delay.o(.text.delay_ms)
    delay_us                                 0x08006fad   Thumb Code   142  delay.o(.text.delay_us)
    fputc                                    0x0800703d   Thumb Code    56  usart.o(.text.fputc)
    main                                     0x08007075   Thumb Code   120  main.o(.text.main)
    printCANframe                            0x080070ed   Thumb Code   196  usart_print.o(.text.printCANframe)
    print_data_dec                           0x080071b1   Thumb Code    98  usart_print.o(.text.print_data_dec)
    print_data_format                        0x08007215   Thumb Code    72  usart_print.o(.text.print_data_format)
    print_data_hex                           0x0800725d   Thumb Code    80  usart_print.o(.text.print_data_hex)
    print_str                                0x080072ad   Thumb Code    48  usart_print.o(.text.print_str)
    println_str                              0x080072dd   Thumb Code    66  usart_print.o(.text.println_str)
    pvPortMalloc                             0x08008139   Thumb Code   476  heap_4.o(.text.pvPortMalloc)
    pxPortInitialiseStack                    0x08008315   Thumb Code   112  port.o(.text.pxPortInitialiseStack)
    uart1_init                               0x08008385   Thumb Code    80  usart.o(.text.uart1_init)
    uart2_init                               0x080083d5   Thumb Code    76  usart.o(.text.uart2_init)
    uart3_init                               0x08008421   Thumb Code    76  usart.o(.text.uart3_init)
    uart4_init                               0x0800846d   Thumb Code    76  usart.o(.text.uart4_init)
    uart5_init                               0x080084b9   Thumb Code    80  usart.o(.text.uart5_init)
    uxListRemove                             0x08008509   Thumb Code    76  list.o(.text.uxListRemove)
    vApplicationStackOverflowHook            0x08008555   Thumb Code    36  tasks.o(.text.vApplicationStackOverflowHook)
    vListInitialise                          0x08008579   Thumb Code    50  list.o(.text.vListInitialise)
    vListInitialiseItem                      0x080085ad   Thumb Code    18  list.o(.text.vListInitialiseItem)
    vListInsert                              0x080085c1   Thumb Code   116  list.o(.text.vListInsert)
    vListInsertEnd                           0x08008635   Thumb Code    66  list.o(.text.vListInsertEnd)
    vPortEnterCritical                       0x0800868d   Thumb Code    88  port.o(.text.vPortEnterCritical)
    vPortExitCritical                        0x080086e5   Thumb Code    78  port.o(.text.vPortExitCritical)
    vPortFree                                0x08008735   Thumb Code   198  heap_4.o(.text.vPortFree)
    vPortSetupTimerInterrupt                 0x080087fd   Thumb Code    74  port.o(.text.vPortSetupTimerInterrupt)
    vQueueAddToRegistry                      0x08008849   Thumb Code   200  queue.o(.text.vQueueAddToRegistry)
    vQueueWaitForMessageRestricted           0x08008911   Thumb Code   128  queue.o(.text.vQueueWaitForMessageRestricted)
    vTaskDelay                               0x08008991   Thumb Code   120  tasks.o(.text.vTaskDelay)
    vTaskDelete                              0x08008a09   Thumb Code   362  tasks.o(.text.vTaskDelete)
    vTaskInternalSetTimeOutState             0x08008b75   Thumb Code    40  tasks.o(.text.vTaskInternalSetTimeOutState)
    vTaskMissedYield                         0x08008b9d   Thumb Code    14  tasks.o(.text.vTaskMissedYield)
    vTaskPlaceOnEventList                    0x08008bad   Thumb Code    76  tasks.o(.text.vTaskPlaceOnEventList)
    vTaskPlaceOnEventListRestricted          0x08008bf9   Thumb Code   144  tasks.o(.text.vTaskPlaceOnEventListRestricted)
    vTaskStartScheduler                      0x08008c89   Thumb Code   194  tasks.o(.text.vTaskStartScheduler)
    vTaskSuspendAll                          0x08008d4d   Thumb Code    16  tasks.o(.text.vTaskSuspendAll)
    vTaskSwitchContext                       0x08008d5d   Thumb Code   290  tasks.o(.text.vTaskSwitchContext)
    xEventGroupCreate                        0x08008e81   Thumb Code    44  event_groups.o(.text.xEventGroupCreate)
    xPortStartScheduler                      0x08008ead   Thumb Code   342  port.o(.text.xPortStartScheduler)
    xPortSysTickHandler                      0x08009005   Thumb Code    62  port.o(.text.xPortSysTickHandler)
    xQueueGenericCreate                      0x08009045   Thumb Code   176  queue.o(.text.xQueueGenericCreate)
    xQueueGenericReset                       0x080090f5   Thumb Code   294  queue.o(.text.xQueueGenericReset)
    xQueueReceive                            0x0800921d   Thumb Code   558  queue.o(.text.xQueueReceive)
    xTaskCheckForTimeOut                     0x0800944d   Thumb Code   232  tasks.o(.text.xTaskCheckForTimeOut)
    xTaskCreate                              0x08009535   Thumb Code   188  tasks.o(.text.xTaskCreate)
    xTaskGetSchedulerState                   0x080095f1   Thumb Code    60  tasks.o(.text.xTaskGetSchedulerState)
    xTaskGetTickCount                        0x0800962d   Thumb Code    20  tasks.o(.text.xTaskGetTickCount)
    xTaskIncrementTick                       0x08009641   Thumb Code   618  tasks.o(.text.xTaskIncrementTick)
    xTaskRemoveFromEventList                 0x080098ad   Thumb Code   402  tasks.o(.text.xTaskRemoveFromEventList)
    xTaskResumeAll                           0x08009a41   Thumb Code   562  tasks.o(.text.xTaskResumeAll)
    xTimerCreateTimerTask                    0x08009c75   Thumb Code   112  timers.o(.text.xTimerCreateTimerTask)
    __0printf                                0x08009ce5   Thumb Code    22  printfa.o(i.__0printf)
    __1printf                                0x08009ce5   Thumb Code     0  printfa.o(i.__0printf)
    __2printf                                0x08009ce5   Thumb Code     0  printfa.o(i.__0printf)
    __c89printf                              0x08009ce5   Thumb Code     0  printfa.o(i.__0printf)
    printf                                   0x08009ce5   Thumb Code     0  printfa.o(i.__0printf)
    __0sprintf                               0x08009d05   Thumb Code    34  printfa.o(i.__0sprintf)
    __1sprintf                               0x08009d05   Thumb Code     0  printfa.o(i.__0sprintf)
    __2sprintf                               0x08009d05   Thumb Code     0  printfa.o(i.__0sprintf)
    __c89sprintf                             0x08009d05   Thumb Code     0  printfa.o(i.__0sprintf)
    sprintf                                  0x08009d05   Thumb Code     0  printfa.o(i.__0sprintf)
    __ARM_fpclassify                         0x08009d2d   Thumb Code    48  fpclassify.o(i.__ARM_fpclassify)
    __ARM_fpclassifyf                        0x08009d5d   Thumb Code    38  fpclassifyf.o(i.__ARM_fpclassifyf)
    __hardfp_cos                             0x08009d89   Thumb Code   180  cos.o(i.__hardfp_cos)
    __hardfp_cosf                            0x08009e51   Thumb Code   280  cosf.o(i.__hardfp_cosf)
    __hardfp_pow                             0x08009fa1   Thumb Code  3072  pow.o(i.__hardfp_pow)
    __hardfp_sinf                            0x0800abf1   Thumb Code   344  sinf.o(i.__hardfp_sinf)
    __hardfp_sqrt                            0x0800ad81   Thumb Code   122  sqrt.o(i.__hardfp_sqrt)
    __ieee754_rem_pio2                       0x0800ae01   Thumb Code   938  rred.o(i.__ieee754_rem_pio2)
    __kernel_cos                             0x0800b239   Thumb Code   322  cos_i.o(i.__kernel_cos)
    __kernel_poly                            0x0800b3a9   Thumb Code   248  poly.o(i.__kernel_poly)
    __kernel_sin                             0x0800b4a1   Thumb Code   280  sin_i.o(i.__kernel_sin)
    __mathlib_dbl_divzero                    0x0800b5d1   Thumb Code    28  dunder.o(i.__mathlib_dbl_divzero)
    __mathlib_dbl_infnan                     0x0800b601   Thumb Code    20  dunder.o(i.__mathlib_dbl_infnan)
    __mathlib_dbl_infnan2                    0x0800b615   Thumb Code    20  dunder.o(i.__mathlib_dbl_infnan2)
    __mathlib_dbl_invalid                    0x0800b629   Thumb Code    24  dunder.o(i.__mathlib_dbl_invalid)
    __mathlib_dbl_overflow                   0x0800b649   Thumb Code    24  dunder.o(i.__mathlib_dbl_overflow)
    __mathlib_dbl_underflow                  0x0800b669   Thumb Code    24  dunder.o(i.__mathlib_dbl_underflow)
    __mathlib_flt_infnan                     0x0800b689   Thumb Code     6  funder.o(i.__mathlib_flt_infnan)
    __mathlib_flt_invalid                    0x0800b691   Thumb Code    10  funder.o(i.__mathlib_flt_invalid)
    __mathlib_flt_underflow                  0x0800b6a1   Thumb Code    10  funder.o(i.__mathlib_flt_underflow)
    __mathlib_rredf2                         0x0800b6b1   Thumb Code   316  rredf.o(i.__mathlib_rredf2)
    __scatterload_copy                       0x0800b805   Thumb Code    14  handlers.o(i.__scatterload_copy)
    __scatterload_null                       0x0800b813   Thumb Code     2  handlers.o(i.__scatterload_null)
    __scatterload_zeroinit                   0x0800b815   Thumb Code    14  handlers.o(i.__scatterload_zeroinit)
    __set_errno                              0x0800b825   Thumb Code     6  errno.o(i.__set_errno)
    fabs                                     0x0800c0ed   Thumb Code    24  fabs.o(i.fabs)
    free                                     0x0800c105   Thumb Code    76  malloc.o(i.free)
    malloc                                   0x0800c155   Thumb Code    92  malloc.o(i.malloc)
    sqrt                                     0x0800c1c1   Thumb Code   110  sqrt.o(i.sqrt)
    __mathlib_zero                           0x0800c2e8   Data           8  qnan.o(.constdata)
    AHBPrescTable                            0x0800c400   Data          16  system_stm32f4xx.o(.rodata.AHBPrescTable)
    APBPrescTable                            0x0800c410   Data           8  system_stm32f4xx.o(.rodata.APBPrescTable)
    uxTopUsedPriority                        0x0800c620   Data           4  tasks.o(.rodata.uxTopUsedPriority)
    Region$$Table$$Base                      0x0800c624   Number         0  anon$$obj.o(Region$$Table)
    Region$$Table$$Limit                     0x0800c644   Number         0  anon$$obj.o(Region$$Table)
    SHT$$INIT_ARRAY$$Base                    0x0800c644   Number         0  main.o(.init_array)
    SHT$$INIT_ARRAY$$Limit                   0x0800c654   Number         0  cpp_init.o(.init_array)
    __stdout                                 0x20000000   Data           4  stdout.o(.data)
    __microlib_freelist                      0x2000000c   Data           4  mvars.o(.data)
    __microlib_freelist_initialised          0x20000010   Data           4  mvars.o(.data)
    RxPDO                                    0x200000a0   Data           8  pdo.o(.data.RxPDO)
    SystemCoreClock                          0x200000a8   Data           4  system_stm32f4xx.o(.data.SystemCoreClock)
    TxPDO                                    0x200000ac   Data           8  pdo.o(.data.TxPDO)
    uwTickFreq                               0x200000b4   Data           1  stm32f4xx_hal.o(.data.uwTickFreq)
    uwTickPrio                               0x200000b8   Data           4  stm32f4xx_hal.o(.data.uwTickPrio)
    CAN1_RX_FLAG                             0x20000130   Data           1  can.o(.bss.CAN1_RX_FLAG)
    CommandTask_Handler                      0x20000134   Data           4  main.o(.bss.CommandTask_Handler)
    ElbowCommandQueue                        0x20000138   Data           4  main.o(.bss.ElbowCommandQueue)
    ElbowKdataQueue                          0x2000013c   Data           4  main.o(.bss.ElbowKdataQueue)
    EventGroupHandler                        0x20000140   Data           4  main.o(.bss.EventGroupHandler)
    Impedance_Adjustment                     0x20000144   Data          28  motioncontrol.o(.bss.Impedance_Adjustment)
    MPlatform                                0x20000160   Data          12  kaerman.o(.bss.MPlatform)
    Poseture_Adjustment                      0x2000016c   Data         968  motioncontrol.o(.bss.Poseture_Adjustment)
    RxMessage                                0x20000534   Data          28  can.o(.bss.RxMessage)
    SPlatform                                0x20000550   Data          12  kaerman.o(.bss.SPlatform)
    StartTask_Handler                        0x2000055c   Data           4  main.o(.bss.StartTask_Handler)
    UART1_Handler                            0x20000560   Data          64  usart.o(.bss.UART1_Handler)
    UART2_Handler                            0x200005a0   Data          64  usart.o(.bss.UART2_Handler)
    UART3_Handler                            0x200005e0   Data          64  usart.o(.bss.UART3_Handler)
    UART4_Handler                            0x20000620   Data          64  usart.o(.bss.UART4_Handler)
    UART5_Handler                            0x20000660   Data          64  usart.o(.bss.UART5_Handler)
    USART1_RX_BUF                            0x200006a0   Data         200  usart.o(.bss.USART1_RX_BUF)
    USART1_RX_STA                            0x20000768   Data           2  usart.o(.bss.USART1_RX_STA)
    WristCommandQueue                        0x2000076c   Data           4  main.o(.bss.WristCommandQueue)
    WristPosQueue                            0x20000770   Data           4  main.o(.bss.WristPosQueue)
    WristPosTask_Handler                     0x20000774   Data           4  main.o(.bss.WristPosTask_Handler)
    aRxBuffer                                0x200007a0   Data           1  usart.o(.bss.aRxBuffer)
    bRxBuffer                                0x200007a1   Data          22  usart.o(.bss.bRxBuffer)
    cRxBuffer                                0x200007b7   Data         200  usart.o(.bss.cRxBuffer)
    dRxBuffer                                0x2000087f   Data          22  usart.o(.bss.dRxBuffer)
    data_ret                                 0x20000895   Data          88  canprint.o(.bss.data_ret)
    eRxBuffer                                0x200008ed   Data           1  usart.o(.bss.eRxBuffer)
    g_tickcount                              0x200008f4   Data           4  timer.o(.bss.g_tickcount)
    hcan1                                    0x200008f8   Data          40  can.o(.bss.hcan1)
    motor_QB                                 0x20000920   Data          48  epos.o(.bss.motor_QB)
    motor_W1                                 0x20000950   Data          48  epos.o(.bss.motor_W1)
    motor_W2                                 0x20000980   Data          48  epos.o(.bss.motor_W2)
    motor_ZB                                 0x200009b0   Data          48  epos.o(.bss.motor_ZB)
    motor_test                               0x200009e0   Data          48  motor_test.o(.bss.motor_test)
    pxCurrentTCB                             0x20000a18   Data           4  tasks.o(.bss.pxCurrentTCB)
    sReg                                     0x20000a94   Data         288  hwt101.o(.bss.sReg)
    statuscommand                            0x20000cc0   Data          64  can.o(.bss.statuscommand)
    uwTick                                   0x20013908   Data           4  stm32f4xx_hal.o(.bss.uwTick)
    xQueueRegistry                           0x200139a4   Data          64  queue.o(.bss.xQueueRegistry)
    __heap_base                              0x20013a28   Data           0  startup_stm32f407xx.o(HEAP)
    __heap_limit                             0x20013c28   Data           0  startup_stm32f407xx.o(HEAP)
    __initial_sp                             0x20014028   Data           0  startup_stm32f407xx.o(STACK)



==============================================================================

Memory Map of the image

  Image Entry point : 0x08000189

  Load Region LR_IROM1 (Base: 0x08000000, Size: 0x0000c718, Max: 0x00100000, ABSOLUTE)

    Execution Region ER_IROM1 (Exec base: 0x08000000, Load base: 0x08000000, Size: 0x0000c654, Max: 0x00100000, ABSOLUTE)

    Exec Addr    Load Addr    Size         Type   Attr      Idx    E Section Name        Object

    0x08000000   0x08000000   0x00000188   Data   RO           91    RESET               startup_stm32f407xx.o
    0x08000188   0x08000188   0x00000000   Code   RO         2332  * .ARM.Collect$$$$00000000  mc_w.l(entry.o)
    0x08000188   0x08000188   0x00000004   Code   RO         2458    .ARM.Collect$$$$00000001  mc_w.l(entry2.o)
    0x0800018c   0x0800018c   0x00000004   Code   RO         2461    .ARM.Collect$$$$00000004  mc_w.l(entry5.o)
    0x08000190   0x08000190   0x00000000   Code   RO         2463    .ARM.Collect$$$$00000008  mc_w.l(entry7b.o)
    0x08000190   0x08000190   0x00000004   Code   RO         2464    .ARM.Collect$$$$00000009  mc_w.l(entry8a.o)
    0x08000194   0x08000194   0x00000000   Code   RO         2465    .ARM.Collect$$$$0000000A  mc_w.l(entry8b.o)
    0x08000194   0x08000194   0x00000008   Code   RO         2466    .ARM.Collect$$$$0000000B  mc_w.l(entry9a.o)
    0x0800019c   0x0800019c   0x00000000   Code   RO         2468    .ARM.Collect$$$$0000000D  mc_w.l(entry10a.o)
    0x0800019c   0x0800019c   0x00000004   Code   RO         2469    .ARM.Collect$$$$0000000E  mc_w.l(entry10b.o)
    0x080001a0   0x080001a0   0x00000000   Code   RO         2470    .ARM.Collect$$$$0000000F  mc_w.l(entry11a.o)
    0x080001a0   0x080001a0   0x00000004   Code   RO         2459    .ARM.Collect$$$$00002712  mc_w.l(entry2.o)
    0x080001a4   0x080001a4   0x00000024   Code   RO           92    .text               startup_stm32f407xx.o
    0x080001c8   0x080001c8   0x00000062   Code   RO         2335    .text               mc_w.l(uldiv.o)
    0x0800022a   0x0800022a   0x00000024   Code   RO         2337    .text               mc_w.l(memcpya.o)
    0x0800024e   0x0800024e   0x00000024   Code   RO         2339    .text               mc_w.l(memseta.o)
    0x08000272   0x08000272   0x0000000e   Code   RO         2341    .text               mc_w.l(strlen.o)
    0x08000280   0x08000280   0x00000020   Code   RO         2376    .text               mc_w.l(cpp_init.o)
    0x080002a0   0x080002a0   0x0000000a   Code   RO         2378    .text               mc_w.l(cxa_atexit.o)
    0x080002aa   0x080002aa   0x0000014e   Code   RO         2380    .text               mf_w.l(dadd.o)
    0x080003f8   0x080003f8   0x000000e4   Code   RO         2382    .text               mf_w.l(dmul.o)
    0x080004dc   0x080004dc   0x000000de   Code   RO         2384    .text               mf_w.l(ddiv.o)
    0x080005ba   0x080005ba   0x00000022   Code   RO         2392    .text               mf_w.l(dflti.o)
    0x080005dc   0x080005dc   0x0000003e   Code   RO         2394    .text               mf_w.l(dfixi.o)
    0x0800061a   0x0800061a   0x00000026   Code   RO         2396    .text               mf_w.l(f2d.o)
    0x08000640   0x08000640   0x00000038   Code   RO         2398    .text               mf_w.l(d2f.o)
    0x08000678   0x08000678   0x0000002c   Code   RO         2473    .text               mc_w.l(uidiv.o)
    0x080006a4   0x080006a4   0x0000001e   Code   RO         2475    .text               mc_w.l(llshl.o)
    0x080006c2   0x080006c2   0x00000020   Code   RO         2477    .text               mc_w.l(llushr.o)
    0x080006e2   0x080006e2   0x00000024   Code   RO         2479    .text               mc_w.l(llsshr.o)
    0x08000706   0x08000706   0x00000000   Code   RO         2488    .text               mc_w.l(iusefp.o)
    0x08000706   0x08000706   0x0000002e   Code   RO         2489    .text               mc_w.l(aeabi_atexit.o)
    0x08000734   0x08000734   0x0000006e   Code   RO         2491    .text               mf_w.l(fepilogue.o)
    0x080007a2   0x080007a2   0x000000ba   Code   RO         2493    .text               mf_w.l(depilogue.o)
    0x0800085c   0x0800085c   0x0000002e   Code   RO         2497    .text               mf_w.l(dscalb.o)
    0x0800088a   0x0800088a   0x000000a2   Code   RO         2499    .text               mf_w.l(dsqrt.o)
    0x0800092c   0x0800092c   0x00000030   Code   RO         2501    .text               mf_w.l(dfixul.o)
    0x0800095c   0x0800095c   0x00000030   Code   RO         2505    .text               mf_w.l(cdrcmple.o)
    0x0800098c   0x0800098c   0x00000024   Code   RO         2507    .text               mc_w.l(init.o)
    0x080009b0   0x080009b0   0x00000008   Code   RO         2537    .text               mc_w.l(cpp_dtor.o)
    0x080009b8   0x080009b8   0x00000042   Code   RO         2540    .text               mc_w.l(cxa_finalize.o)
    0x080009fa   0x080009fa   0x0000001a   Code   RO         2542    .text               mf_w.l(dfltui.o)
    0x08000a14   0x08000a14   0x00000002   Code   RO         2546    .text               mc_w.l(cpp_final.o)
    0x08000a16   0x08000a16   0x00000002   PAD
    0x08000a18   0x08000a18   0x00000004   Code   RO           49    .text.BusFault_Handler  stm32f4xx_it.o
    0x08000a1c   0x08000a1c   0x00000140   Code   RO         1241    .text.CAN1_RX1_IRQHandler  can.o
    0x08000b5c   0x08000b5c   0x0000005e   Code   RO         1239    .text.CAN_Config    can.o
    0x08000bba   0x08000bba   0x00000002   PAD
    0x08000bbc   0x08000bbc   0x0000009c   Code   RO         1237    .text.CAN_Filter_Config  can.o
    0x08000c58   0x08000c58   0x000000ac   Code   RO         1245    .text.CAN_ReceiveMsg  can.o
    0x08000d04   0x08000d04   0x0000009e   Code   RO         1243    .text.CAN_SendMsg   can.o
    0x08000da2   0x08000da2   0x00000002   PAD
    0x08000da4   0x08000da4   0x00000170   Code   RO         2225    .text.CopeMPData    kaerman.o
    0x08000f14   0x08000f14   0x00000170   Code   RO         2227    .text.CopeSPData    kaerman.o
    0x08001084   0x08001084   0x0000015c   Code   RO         2176    .text.CopeWitData   hwt101.o
    0x080011e0   0x080011e0   0x00000002   Code   RO           53    .text.DebugMon_Handler  stm32f4xx_it.o
    0x080011e2   0x080011e2   0x00000002   PAD
    0x080011e4   0x080011e4   0x0000009e   Code   RO         1392    .text.Get_CAN_Command  canget.o
    0x08001282   0x08001282   0x00000002   PAD
    0x08001284   0x08001284   0x000001a2   Code   RO         1312    .text.Get_USART_Command  usart_get.o
    0x08001426   0x08001426   0x00000002   PAD
    0x08001428   0x08001428   0x0000005a   Code   RO          681    .text.HAL_CAN_ActivateNotification  stm32f4xx_hal_can.o
    0x08001482   0x08001482   0x00000002   PAD
    0x08001484   0x08001484   0x0000018c   Code   RO          667    .text.HAL_CAN_AddTxMessage  stm32f4xx_hal_can.o
    0x08001610   0x08001610   0x000001bc   Code   RO          657    .text.HAL_CAN_ConfigFilter  stm32f4xx_hal_can.o
    0x080017cc   0x080017cc   0x00000210   Code   RO          677    .text.HAL_CAN_GetRxMessage  stm32f4xx_hal_can.o
    0x080019dc   0x080019dc   0x000001f0   Code   RO          647    .text.HAL_CAN_Init  stm32f4xx_hal_can.o
    0x08001bcc   0x08001bcc   0x000000aa   Code   RO         1235    .text.HAL_CAN_MspInit  can.o
    0x08001c76   0x08001c76   0x00000002   PAD
    0x08001c78   0x08001c78   0x00000094   Code   RO          659    .text.HAL_CAN_Start  stm32f4xx_hal_can.o
    0x08001d0c   0x08001d0c   0x00000048   Code   RO          608    .text.HAL_DMA_Abort_IT  stm32f4xx_hal_dma.o
    0x08001d54   0x08001d54   0x000003ce   Code   RO          236    .text.HAL_GPIO_Init  stm32f4xx_hal_gpio.o
    0x08002122   0x08002122   0x00000002   PAD
    0x08002124   0x08002124   0x00000042   Code   RO          242    .text.HAL_GPIO_WritePin  stm32f4xx_hal_gpio.o
    0x08002166   0x08002166   0x00000002   PAD
    0x08002168   0x08002168   0x0000000e   Code   RO          127    .text.HAL_GetREVID  stm32f4xx_hal.o
    0x08002176   0x08002176   0x00000002   PAD
    0x08002178   0x08002178   0x0000000c   Code   RO          111    .text.HAL_GetTick   stm32f4xx_hal.o
    0x08002184   0x08002184   0x00000034   Code   RO           99    .text.HAL_Init      stm32f4xx_hal.o
    0x080021b8   0x080021b8   0x00000076   Code   RO          101    .text.HAL_InitTick  stm32f4xx_hal.o
    0x0800222e   0x0800222e   0x00000002   PAD
    0x08002230   0x08002230   0x00000002   Code   RO           78    .text.HAL_MspInit   stm32f4xx_hal_msp.o
    0x08002232   0x08002232   0x00000002   PAD
    0x08002234   0x08002234   0x00000018   Code   RO          176    .text.HAL_NVIC_EnableIRQ  stm32f4xx_hal_cortex.o
    0x0800224c   0x0800224c   0x0000004c   Code   RO          168    .text.HAL_NVIC_SetPriority  stm32f4xx_hal_cortex.o
    0x08002298   0x08002298   0x00000014   Code   RO          164    .text.HAL_NVIC_SetPriorityGrouping  stm32f4xx_hal_cortex.o
    0x080022ac   0x080022ac   0x00000272   Code   RO          326    .text.HAL_RCC_ClockConfig  stm32f4xx_hal_rcc.o
    0x0800251e   0x0800251e   0x00000002   PAD
    0x08002520   0x08002520   0x0000000c   Code   RO          336    .text.HAL_RCC_GetHCLKFreq  stm32f4xx_hal_rcc.o
    0x0800252c   0x0800252c   0x00000026   Code   RO          338    .text.HAL_RCC_GetPCLK1Freq  stm32f4xx_hal_rcc.o
    0x08002552   0x08002552   0x00000002   PAD
    0x08002554   0x08002554   0x0000002a   Code   RO          340    .text.HAL_RCC_GetPCLK2Freq  stm32f4xx_hal_rcc.o
    0x0800257e   0x0800257e   0x00000002   PAD
    0x08002580   0x08002580   0x000000e8   Code   RO          328    .text.HAL_RCC_GetSysClockFreq  stm32f4xx_hal_rcc.o
    0x08002668   0x08002668   0x00000672   Code   RO          324    .text.HAL_RCC_OscConfig  stm32f4xx_hal_rcc.o
    0x08002cda   0x08002cda   0x00000002   PAD
    0x08002cdc   0x08002cdc   0x00000038   Code   RO          222    .text.HAL_SYSTICK_CLKSourceConfig  stm32f4xx_hal_cortex.o
    0x08002d14   0x08002d14   0x00000014   Code   RO          188    .text.HAL_SYSTICK_Config  stm32f4xx_hal_cortex.o
    0x08002d28   0x08002d28   0x0000000c   Code   RO          460    .text.HAL_UART_ErrorCallback  stm32f4xx_hal_uart.o
    0x08002d34   0x08002d34   0x0000002c   Code   RO          484    .text.HAL_UART_GetState  stm32f4xx_hal_uart.o
    0x08002d60   0x08002d60   0x00000220   Code   RO          454    .text.HAL_UART_IRQHandler  stm32f4xx_hal_uart.o
    0x08002f80   0x08002f80   0x000000a6   Code   RO          378    .text.HAL_UART_Init  stm32f4xx_hal_uart.o
    0x08003026   0x08003026   0x00000002   PAD
    0x08003028   0x08003028   0x0000032a   Code   RO         1190    .text.HAL_UART_MspInit  usart.o
    0x08003352   0x08003352   0x00000002   PAD
    0x08003354   0x08003354   0x0000018c   Code   RO          398    .text.HAL_UART_Receive  stm32f4xx_hal_uart.o
    0x080034e0   0x080034e0   0x000000d0   Code   RO          402    .text.HAL_UART_Receive_IT  stm32f4xx_hal_uart.o
    0x080035b0   0x080035b0   0x00000104   Code   RO         1192    .text.HAL_UART_RxCpltCallback  usart.o
    0x080036b4   0x080036b4   0x00000180   Code   RO          394    .text.HAL_UART_Transmit  stm32f4xx_hal_uart.o
    0x08003834   0x08003834   0x0000000c   Code   RO          466    .text.HAL_UART_TxCpltCallback  stm32f4xx_hal_uart.o
    0x08003840   0x08003840   0x00000004   Code   RO           45    .text.HardFault_Handler  stm32f4xx_it.o
    0x08003844   0x08003844   0x00000068   Code   RO         1233    .text.MX_CAN1_Init  can.o
    0x080038ac   0x080038ac   0x000000f6   Code   RO         1265    .text.MX_GPIO_Init  gpio.o
    0x080039a2   0x080039a2   0x00000002   PAD
    0x080039a4   0x080039a4   0x00000004   Code   RO           47    .text.MemManage_Handler  stm32f4xx_it.o
    0x080039a8   0x080039a8   0x00000162   Code   RO         1401    .text.MotorData_CAN_Send  canprint.o
    0x08003b0a   0x08003b0a   0x00000006   PAD
    0x08003b10   0x08003b10   0x00000060   Code   RO         1513    .text.Motor_QB      motioncontrol.o
    0x08003b70   0x08003b70   0x00000030   Code   RO         1509    .text.Motor_W1      motioncontrol.o
    0x08003ba0   0x08003ba0   0x00000030   Code   RO         1511    .text.Motor_W2      motioncontrol.o
    0x08003bd0   0x08003bd0   0x00000002   Code   RO           43    .text.NMI_Handler   stm32f4xx_it.o
    0x08003bd2   0x08003bd2   0x00000002   PAD
    0x08003bd4   0x08003bd4   0x00000040   Code   RO         1274    .text.NMT_State_Change  nmt_control.o
    0x08003c14   0x08003c14   0x00000080   Code   RO          174    .text.NVIC_EncodePriority  stm32f4xx_hal_cortex.o
    0x08003c94   0x08003c94   0x0000000c   PAD
    0x08003ca0   0x08003ca0   0x00000064   Code   RO         2089    .text.PendSV_Handler  port.o
    0x08003d04   0x08003d04   0x00000004   PAD
    0x08003d08   0x08003d08   0x000007d8   Code   RO         2229    .text.RPY           kaerman.o
    0x080044e0   0x080044e0   0x000000e4   Code   RO         1288    .text.ReceivePDO    pdo.o
    0x080045c4   0x080045c4   0x000000ee   Code   RO         1302    .text.SDO_Read      sdo.o
    0x080046b2   0x080046b2   0x00000002   PAD
    0x080046b4   0x080046b4   0x000000a4   Code   RO         1300    .text.SDO_Write     sdo.o
    0x08004758   0x08004758   0x00000008   PAD
    0x08004760   0x08004760   0x00000024   Code   RO         2073    .text.SVC_Handler   port.o
    0x08004784   0x08004784   0x00000048   Code   RO         1210    .text.Serialport_Init  usart.o
    0x080047cc   0x080047cc   0x00000100   Code   RO         1177    .text.Stm32_Clock_Init  sys.o
    0x080048cc   0x080048cc   0x00000026   Code   RO         1276    .text.Sync_Send     nmt_control.o
    0x080048f2   0x080048f2   0x00000002   PAD
    0x080048f4   0x080048f4   0x0000005a   Code   RO          190    .text.SysTick_Config  stm32f4xx_hal_cortex.o
    0x0800494e   0x0800494e   0x00000002   PAD
    0x08004950   0x08004950   0x00000028   Code   RO         1159    .text.SysTick_Handler  delay.o
    0x08004978   0x08004978   0x0000006e   Code   RO           63    .text.SystemInit    system_stm32f4xx.o
    0x080049e6   0x080049e6   0x00000002   PAD
    0x080049e8   0x080049e8   0x000000f8   Code   RO         1286    .text.TransmitPDO   pdo.o
    0x08004ae0   0x08004ae0   0x0000008e   Code   RO         1204    .text.UART4_IRQHandler  usart.o
    0x08004b6e   0x08004b6e   0x00000002   PAD
    0x08004b70   0x08004b70   0x0000008e   Code   RO         1208    .text.UART5_IRQHandler  usart.o
    0x08004bfe   0x08004bfe   0x00000002   PAD
    0x08004c00   0x08004c00   0x00000024   Code   RO          458    .text.UART_DMAAbortOnError  stm32f4xx_hal_uart.o
    0x08004c24   0x08004c24   0x0000002c   Code   RO          426    .text.UART_EndRxTransfer  stm32f4xx_hal_uart.o
    0x08004c50   0x08004c50   0x0000002a   Code   RO          464    .text.UART_EndTransmit_IT  stm32f4xx_hal_uart.o
    0x08004c7a   0x08004c7a   0x00000002   PAD
    0x08004c7c   0x08004c7c   0x000000f8   Code   RO          456    .text.UART_Receive_IT  stm32f4xx_hal_uart.o
    0x08004d74   0x08004d74   0x00000468   Code   RO          382    .text.UART_SetConfig  stm32f4xx_hal_uart.o
    0x080051dc   0x080051dc   0x000000a8   Code   RO          462    .text.UART_Transmit_IT  stm32f4xx_hal_uart.o
    0x08005284   0x08005284   0x000000bc   Code   RO          396    .text.UART_WaitOnFlagUntilTimeout  stm32f4xx_hal_uart.o
    0x08005340   0x08005340   0x0000007e   Code   RO         1194    .text.USART1_IRQHandler  usart.o
    0x080053be   0x080053be   0x00000002   PAD
    0x080053c0   0x080053c0   0x0000008e   Code   RO         1198    .text.USART2_IRQHandler  usart.o
    0x0800544e   0x0800544e   0x00000002   PAD
    0x08005450   0x08005450   0x00000004   Code   RO           51    .text.UsageFault_Handler  stm32f4xx_it.o
    0x08005454   0x08005454   0x00000148   Code   RO         2172    .text.WitSerialDataIn  hwt101.o
    0x0800559c   0x0800559c   0x0000005c   Code   RO         2223    .text.WristPoseEstimate  kaerman.o
    0x080055f8   0x080055f8   0x000006a8   Code   RO         1521    .text.WristPostureControl  motioncontrol.o
    0x08005ca0   0x08005ca0   0x00000014   Code   RO         1475    .text._GLOBAL__sub_I_EPOS.c  epos.o
    0x08005cb4   0x08005cb4   0x00000018   Code   RO           20    .text._GLOBAL__sub_I_main.c  main.o
    0x08005ccc   0x08005ccc   0x0000000c   Code   RO         1523    .text._GLOBAL__sub_I_motioncontrol.cpp  motioncontrol.o
    0x08005cd8   0x08005cd8   0x00000008   Code   RO         1545    .text._GLOBAL__sub_I_motor_test.cpp  motor_test.o
    0x08005ce0   0x08005ce0   0x0000008a   Code   RO           14    .text._Z10start_taskPv  main.o
    0x08005d6a   0x08005d6a   0x00000002   PAD
    0x08005d6c   0x08005d6c   0x0000009c   Code   RO           16    .text._Z12Command_taskPv  main.o
    0x08005e08   0x08005e08   0x000001e4   Code   RO           18    .text._Z13WristPos_taskPv  main.o
    0x08005fec   0x08005fec   0x0000003a   Code   RO         1594    .text._ZN14ImpedanceModelC2Ev  impedancecontrol.o
    0x08006026   0x08006026   0x00000002   PAD
    0x08006028   0x08006028   0x0000003e   Code   RO         1457    .text._ZN4Epos10ClearFaultEv  epos.o
    0x08006066   0x08006066   0x00000002   PAD
    0x08006068   0x08006068   0x0000004e   Code   RO         1471    .text._ZN4Epos11WriteObjectEthj  epos.o
    0x080060b6   0x080060b6   0x00000002   PAD
    0x080060b8   0x080060b8   0x00000022   Code   RO         1461    .text._ZN4Epos12EnableDeviceEv  epos.o
    0x080060da   0x080060da   0x00000002   PAD
    0x080060dc   0x080060dc   0x0000002c   Code   RO         1441    .text._ZN4Epos13Get_ActualPosEPh  epos.o
    0x08006108   0x08006108   0x0000002c   Code   RO         1445    .text._ZN4Epos13Get_ActualVelEPh  epos.o
    0x08006134   0x08006134   0x00000088   Code   RO         1455    .text._ZN4Epos14MoveToPositionEjjjhi  epos.o
    0x080061bc   0x080061bc   0x00000058   Code   RO         1431    .text._ZN4Epos14Set_ProfileAccEj  epos.o
    0x08006214   0x08006214   0x00000058   Code   RO         1433    .text._ZN4Epos14Set_ProfileDecEj  epos.o
    0x0800626c   0x0800626c   0x00000054   Code   RO         1429    .text._ZN4Epos14Set_ProfileVelEj  epos.o
    0x080062c0   0x080062c0   0x00000038   Code   RO         1463    .text._ZN4Epos16WriteControlwordEt  epos.o
    0x080062f8   0x080062f8   0x00000032   Code   RO         1449    .text._ZN4Epos17Get_ActualCurrentEPh  epos.o
    0x0800632a   0x0800632a   0x00000002   PAD
    0x0800632c   0x0800632c   0x00000056   Code   RO         1421    .text._ZN4Epos18Set_Operation_ModeEh  epos.o
    0x08006382   0x08006382   0x00000002   PAD
    0x08006384   0x08006384   0x0000006c   Code   RO         1423    .text._ZN4Epos18Set_TargetPositionEhi  epos.o
    0x080063f0   0x080063f0   0x0000003c   Code   RO         1459    .text._ZN4Epos7InitPPMEv  epos.o
    0x0800642c   0x0800642c   0x000000a8   Code   RO         1490    .text._ZN4EposC2Ehhiijjjjjdh  epos.o
    0x080064d4   0x080064d4   0x000006bc   Code   RO         1559    .text._ZN8FuzzyPIDC2Ev  fuzzypid.o
    0x08006b90   0x08006b90   0x0000000e   Code   RO         1561    .text._ZN8FuzzyPIDD2Ev  fuzzypid.o
    0x08006b9e   0x08006b9e   0x00000002   PAD
    0x08006ba0   0x08006ba0   0x00000044   Code   RO         2174    .text.__CaliSum     hwt101.o
    0x08006be4   0x08006be4   0x00000036   Code   RO          178    .text.__NVIC_EnableIRQ  stm32f4xx_hal_cortex.o
    0x08006c1a   0x08006c1a   0x00000002   PAD
    0x08006c1c   0x08006c1c   0x00000010   Code   RO          170    .text.__NVIC_GetPriorityGrouping  stm32f4xx_hal_cortex.o
    0x08006c2c   0x08006c2c   0x0000004a   Code   RO          172    .text.__NVIC_SetPriority  stm32f4xx_hal_cortex.o
    0x08006c76   0x08006c76   0x00000002   PAD
    0x08006c78   0x08006c78   0x00000040   Code   RO          166    .text.__NVIC_SetPriorityGrouping  stm32f4xx_hal_cortex.o
    0x08006cb8   0x08006cb8   0x00000018   Code   RO            2    .text.__cxx_global_var_init  main.o
    0x08006cd0   0x08006cd0   0x00000040   Code   RO         1411    .text.__cxx_global_var_init  epos.o
    0x08006d10   0x08006d10   0x0000002e   Code   RO         1493    .text.__cxx_global_var_init  motioncontrol.o
    0x08006d3e   0x08006d3e   0x00000002   PAD
    0x08006d40   0x08006d40   0x00000048   Code   RO         1541    .text.__cxx_global_var_init  motor_test.o
    0x08006d88   0x08006d88   0x00000018   Code   RO            4    .text.__cxx_global_var_init.1  main.o
    0x08006da0   0x08006da0   0x00000048   Code   RO         1413    .text.__cxx_global_var_init.1  epos.o
    0x08006de8   0x08006de8   0x00000010   Code   RO         1495    .text.__cxx_global_var_init.1  motioncontrol.o
    0x08006df8   0x08006df8   0x00000018   Code   RO            6    .text.__cxx_global_var_init.2  main.o
    0x08006e10   0x08006e10   0x00000048   Code   RO         1415    .text.__cxx_global_var_init.2  epos.o
    0x08006e58   0x08006e58   0x0000001e   Code   RO            8    .text.__cxx_global_var_init.3  main.o
    0x08006e76   0x08006e76   0x00000002   PAD
    0x08006e78   0x08006e78   0x00000048   Code   RO         1417    .text.__cxx_global_var_init.3  epos.o
    0x08006ec0   0x08006ec0   0x00000014   Code   RO           10    .text.__cxx_global_var_init.4  main.o
    0x08006ed4   0x08006ed4   0x00000066   Code   RO         1161    .text.delay_init    delay.o
    0x08006f3a   0x08006f3a   0x00000002   PAD
    0x08006f3c   0x08006f3c   0x00000070   Code   RO         1165    .text.delay_ms      delay.o
    0x08006fac   0x08006fac   0x0000008e   Code   RO         1163    .text.delay_us      delay.o
    0x0800703a   0x0800703a   0x00000002   PAD
    0x0800703c   0x0800703c   0x00000038   Code   RO         1186    .text.fputc         usart.o
    0x08007074   0x08007074   0x00000078   Code   RO           12    .text.main          main.o
    0x080070ec   0x080070ec   0x000000c4   Code   RO         1340    .text.printCANframe  usart_print.o
    0x080071b0   0x080071b0   0x00000062   Code   RO         1326    .text.print_data_dec  usart_print.o
    0x08007212   0x08007212   0x00000002   PAD
    0x08007214   0x08007214   0x00000048   Code   RO         1330    .text.print_data_format  usart_print.o
    0x0800725c   0x0800725c   0x00000050   Code   RO         1324    .text.print_data_hex  usart_print.o
    0x080072ac   0x080072ac   0x00000030   Code   RO         1322    .text.print_str     usart_print.o
    0x080072dc   0x080072dc   0x00000042   Code   RO         1332    .text.println_str   usart_print.o
    0x0800731e   0x0800731e   0x00000002   PAD
    0x08007320   0x08007320   0x0000012a   Code   RO         1831    .text.prvAddCurrentTaskToDelayedList  tasks.o
    0x0800744a   0x0800744a   0x00000002   PAD
    0x0800744c   0x0800744c   0x0000015e   Code   RO         1819    .text.prvAddNewTaskToReadyList  tasks.o
    0x080075aa   0x080075aa   0x00000002   PAD
    0x080075ac   0x080075ac   0x00000096   Code   RO         1970    .text.prvCheckForValidListAndQueue  timers.o
    0x08007642   0x08007642   0x00000002   PAD
    0x08007644   0x08007644   0x00000072   Code   RO         1935    .text.prvCheckTasksWaitingTermination  tasks.o
    0x080076b6   0x080076b6   0x00000002   PAD
    0x080076b8   0x080076b8   0x00000054   Code   RO         1712    .text.prvCopyDataFromQueue  queue.o
    0x0800770c   0x0800770c   0x0000001c   Code   RO         1825    .text.prvDeleteTCB  tasks.o
    0x08007728   0x08007728   0x00000046   Code   RO         2004    .text.prvGetNextExpireTime  timers.o
    0x0800776e   0x0800776e   0x00000002   PAD
    0x08007770   0x08007770   0x000000b0   Code   RO         2038    .text.prvHeapInit   heap_4.o
    0x08007820   0x08007820   0x00000040   Code   RO         1857    .text.prvIdleTask   tasks.o
    0x08007860   0x08007860   0x00000064   Code   RO         1684    .text.prvInitialiseNewQueue  queue.o
    0x080078c4   0x080078c4   0x0000014c   Code   RO         1817    .text.prvInitialiseNewTask  tasks.o
    0x08007a10   0x08007a10   0x00000092   Code   RO         1933    .text.prvInitialiseTaskLists  tasks.o
    0x08007aa2   0x08007aa2   0x00000002   PAD
    0x08007aa4   0x08007aa4   0x000000ca   Code   RO         2040    .text.prvInsertBlockIntoFreeList  heap_4.o
    0x08007b6e   0x08007b6e   0x00000002   PAD
    0x08007b70   0x08007b70   0x0000009a   Code   RO         2018    .text.prvInsertTimerInActiveList  timers.o
    0x08007c0a   0x08007c0a   0x00000002   PAD
    0x08007c0c   0x08007c0c   0x0000002e   Code   RO         1714    .text.prvIsQueueEmpty  queue.o
    0x08007c3a   0x08007c3a   0x00000002   PAD
    0x08007c3c   0x08007c3c   0x00000028   Code   RO         2081    .text.prvPortStartFirstTask  port.o
    0x08007c64   0x08007c64   0x0000005e   Code   RO         2012    .text.prvProcessExpiredTimer  timers.o
    0x08007cc2   0x08007cc2   0x00000002   PAD
    0x08007cc4   0x08007cc4   0x00000160   Code   RO         2008    .text.prvProcessReceivedCommands  timers.o
    0x08007e24   0x08007e24   0x000000b2   Code   RO         2006    .text.prvProcessTimerOrBlockTask  timers.o
    0x08007ed6   0x08007ed6   0x00000002   PAD
    0x08007ed8   0x08007ed8   0x0000004e   Code   RO         2016    .text.prvReloadTimer  timers.o
    0x08007f26   0x08007f26   0x00000002   PAD
    0x08007f28   0x08007f28   0x0000003e   Code   RO         1823    .text.prvResetNextTaskUnblockTime  tasks.o
    0x08007f66   0x08007f66   0x00000002   PAD
    0x08007f68   0x08007f68   0x0000004c   Code   RO         2010    .text.prvSampleTimeNow  timers.o
    0x08007fb4   0x08007fb4   0x00000054   Code   RO         2014    .text.prvSwitchTimerLists  timers.o
    0x08008008   0x08008008   0x00000050   Code   RO         2071    .text.prvTaskExitError  port.o
    0x08008058   0x08008058   0x00000022   Code   RO         1972    .text.prvTimerTask  timers.o
    0x0800807a   0x0800807a   0x00000002   PAD
    0x0800807c   0x0800807c   0x000000ba   Code   RO         1704    .text.prvUnlockQueue  queue.o
    0x08008136   0x08008136   0x00000002   PAD
    0x08008138   0x08008138   0x000001dc   Code   RO         2036    .text.pvPortMalloc  heap_4.o
    0x08008314   0x08008314   0x00000070   Code   RO         2069    .text.pxPortInitialiseStack  port.o
    0x08008384   0x08008384   0x00000050   Code   RO         1188    .text.uart1_init    usart.o
    0x080083d4   0x080083d4   0x0000004c   Code   RO         1196    .text.uart2_init    usart.o
    0x08008420   0x08008420   0x0000004c   Code   RO         1200    .text.uart3_init    usart.o
    0x0800846c   0x0800846c   0x0000004c   Code   RO         1202    .text.uart4_init    usart.o
    0x080084b8   0x080084b8   0x00000050   Code   RO         1206    .text.uart5_init    usart.o
    0x08008508   0x08008508   0x0000004c   Code   RO         1670    .text.uxListRemove  list.o
    0x08008554   0x08008554   0x00000024   Code   RO         1877    .text.vApplicationStackOverflowHook  tasks.o
    0x08008578   0x08008578   0x00000032   Code   RO         1662    .text.vListInitialise  list.o
    0x080085aa   0x080085aa   0x00000002   PAD
    0x080085ac   0x080085ac   0x00000012   Code   RO         1664    .text.vListInitialiseItem  list.o
    0x080085be   0x080085be   0x00000002   PAD
    0x080085c0   0x080085c0   0x00000074   Code   RO         1668    .text.vListInsert   list.o
    0x08008634   0x08008634   0x00000042   Code   RO         1666    .text.vListInsertEnd  list.o
    0x08008676   0x08008676   0x00000002   PAD
    0x08008678   0x08008678   0x00000014   Code   RO         2079    .text.vPortEnableVFP  port.o
    0x0800868c   0x0800868c   0x00000058   Code   RO         2085    .text.vPortEnterCritical  port.o
    0x080086e4   0x080086e4   0x0000004e   Code   RO         2087    .text.vPortExitCritical  port.o
    0x08008732   0x08008732   0x00000002   PAD
    0x08008734   0x08008734   0x000000c6   Code   RO         2042    .text.vPortFree     heap_4.o
    0x080087fa   0x080087fa   0x00000002   PAD
    0x080087fc   0x080087fc   0x0000004a   Code   RO         2077    .text.vPortSetupTimerInterrupt  port.o
    0x08008846   0x08008846   0x00000002   PAD
    0x08008848   0x08008848   0x000000c8   Code   RO         1744    .text.vQueueAddToRegistry  queue.o
    0x08008910   0x08008910   0x00000080   Code   RO         1748    .text.vQueueWaitForMessageRestricted  queue.o
    0x08008990   0x08008990   0x00000078   Code   RO         1835    .text.vTaskDelay    tasks.o
    0x08008a08   0x08008a08   0x0000016a   Code   RO         1821    .text.vTaskDelete   tasks.o
    0x08008b72   0x08008b72   0x00000002   PAD
    0x08008b74   0x08008b74   0x00000028   Code   RO         1891    .text.vTaskInternalSetTimeOutState  tasks.o
    0x08008b9c   0x08008b9c   0x0000000e   Code   RO         1895    .text.vTaskMissedYield  tasks.o
    0x08008baa   0x08008baa   0x00000002   PAD
    0x08008bac   0x08008bac   0x0000004c   Code   RO         1879    .text.vTaskPlaceOnEventList  tasks.o
    0x08008bf8   0x08008bf8   0x00000090   Code   RO         1883    .text.vTaskPlaceOnEventListRestricted  tasks.o
    0x08008c88   0x08008c88   0x000000c2   Code   RO         1855    .text.vTaskStartScheduler  tasks.o
    0x08008d4a   0x08008d4a   0x00000002   PAD
    0x08008d4c   0x08008d4c   0x00000010   Code   RO         1829    .text.vTaskSuspendAll  tasks.o
    0x08008d5c   0x08008d5c   0x00000122   Code   RO         1847    .text.vTaskSwitchContext  tasks.o
    0x08008e7e   0x08008e7e   0x00000002   PAD
    0x08008e80   0x08008e80   0x0000002c   Code   RO         1630    .text.xEventGroupCreate  event_groups.o
    0x08008eac   0x08008eac   0x00000156   Code   RO         2075    .text.xPortStartScheduler  port.o
    0x08009002   0x08009002   0x00000002   PAD
    0x08009004   0x08009004   0x0000003e   Code   RO         2091    .text.xPortSysTickHandler  port.o
    0x08009042   0x08009042   0x00000002   PAD
    0x08009044   0x08009044   0x000000b0   Code   RO         1682    .text.xQueueGenericCreate  queue.o
    0x080090f4   0x080090f4   0x00000126   Code   RO         1680    .text.xQueueGenericReset  queue.o
    0x0800921a   0x0800921a   0x00000002   PAD
    0x0800921c   0x0800921c   0x0000022e   Code   RO         1710    .text.xQueueReceive  queue.o
    0x0800944a   0x0800944a   0x00000002   PAD
    0x0800944c   0x0800944c   0x000000e8   Code   RO         1893    .text.xTaskCheckForTimeOut  tasks.o
    0x08009534   0x08009534   0x000000bc   Code   RO         1815    .text.xTaskCreate   tasks.o
    0x080095f0   0x080095f0   0x0000003c   Code   RO         1907    .text.xTaskGetSchedulerState  tasks.o
    0x0800962c   0x0800962c   0x00000014   Code   RO         1863    .text.xTaskGetTickCount  tasks.o
    0x08009640   0x08009640   0x0000026a   Code   RO         1861    .text.xTaskIncrementTick  tasks.o
    0x080098aa   0x080098aa   0x00000002   PAD
    0x080098ac   0x080098ac   0x00000192   Code   RO         1885    .text.xTaskRemoveFromEventList  tasks.o
    0x08009a3e   0x08009a3e   0x00000002   PAD
    0x08009a40   0x08009a40   0x00000232   Code   RO         1833    .text.xTaskResumeAll  tasks.o
    0x08009c72   0x08009c72   0x00000002   PAD
    0x08009c74   0x08009c74   0x00000070   Code   RO         1968    .text.xTimerCreateTimerTask  timers.o
    0x08009ce4   0x08009ce4   0x00000020   Code   RO         2346    i.__0printf         mc_w.l(printfa.o)
    0x08009d04   0x08009d04   0x00000028   Code   RO         2348    i.__0sprintf        mc_w.l(printfa.o)
    0x08009d2c   0x08009d2c   0x00000030   Code   RO         2423    i.__ARM_fpclassify  m_wm.l(fpclassify.o)
    0x08009d5c   0x08009d5c   0x00000026   Code   RO         2425    i.__ARM_fpclassifyf  m_wm.l(fpclassifyf.o)
    0x08009d82   0x08009d82   0x00000006   PAD
    0x08009d88   0x08009d88   0x000000c8   Code   RO         2258    i.__hardfp_cos      m_wm.l(cos.o)
    0x08009e50   0x08009e50   0x00000150   Code   RO         2270    i.__hardfp_cosf     m_wm.l(cosf.o)
    0x08009fa0   0x08009fa0   0x00000c50   Code   RO         2282    i.__hardfp_pow      m_wm.l(pow.o)
    0x0800abf0   0x0800abf0   0x00000190   Code   RO         2308    i.__hardfp_sinf     m_wm.l(sinf.o)
    0x0800ad80   0x0800ad80   0x0000007a   Code   RO         2320    i.__hardfp_sqrt     m_wm.l(sqrt.o)
    0x0800adfa   0x0800adfa   0x00000006   PAD
    0x0800ae00   0x0800ae00   0x00000438   Code   RO         2444    i.__ieee754_rem_pio2  m_wm.l(rred.o)
    0x0800b238   0x0800b238   0x00000170   Code   RO         2400    i.__kernel_cos      m_wm.l(cos_i.o)
    0x0800b3a8   0x0800b3a8   0x000000f8   Code   RO         2441    i.__kernel_poly     m_wm.l(poly.o)
    0x0800b4a0   0x0800b4a0   0x00000130   Code   RO         2452    i.__kernel_sin      m_wm.l(sin_i.o)
    0x0800b5d0   0x0800b5d0   0x00000030   Code   RO         2403    i.__mathlib_dbl_divzero  m_wm.l(dunder.o)
    0x0800b600   0x0800b600   0x00000014   Code   RO         2404    i.__mathlib_dbl_infnan  m_wm.l(dunder.o)
    0x0800b614   0x0800b614   0x00000014   Code   RO         2405    i.__mathlib_dbl_infnan2  m_wm.l(dunder.o)
    0x0800b628   0x0800b628   0x00000020   Code   RO         2406    i.__mathlib_dbl_invalid  m_wm.l(dunder.o)
    0x0800b648   0x0800b648   0x00000020   Code   RO         2407    i.__mathlib_dbl_overflow  m_wm.l(dunder.o)
    0x0800b668   0x0800b668   0x00000020   Code   RO         2409    i.__mathlib_dbl_underflow  m_wm.l(dunder.o)
    0x0800b688   0x0800b688   0x00000006   Code   RO         2428    i.__mathlib_flt_infnan  m_wm.l(funder.o)
    0x0800b68e   0x0800b68e   0x00000002   PAD
    0x0800b690   0x0800b690   0x00000010   Code   RO         2430    i.__mathlib_flt_invalid  m_wm.l(funder.o)
    0x0800b6a0   0x0800b6a0   0x00000010   Code   RO         2433    i.__mathlib_flt_underflow  m_wm.l(funder.o)
    0x0800b6b0   0x0800b6b0   0x00000154   Code   RO         2449    i.__mathlib_rredf2  m_wm.l(rredf.o)
    0x0800b804   0x0800b804   0x0000000e   Code   RO         2549    i.__scatterload_copy  mc_w.l(handlers.o)
    0x0800b812   0x0800b812   0x00000002   Code   RO         2550    i.__scatterload_null  mc_w.l(handlers.o)
    0x0800b814   0x0800b814   0x0000000e   Code   RO         2551    i.__scatterload_zeroinit  mc_w.l(handlers.o)
    0x0800b822   0x0800b822   0x00000002   PAD
    0x0800b824   0x0800b824   0x0000000c   Code   RO         2483    i.__set_errno       mc_w.l(errno.o)
    0x0800b830   0x0800b830   0x00000184   Code   RO         2353    i._fp_digits        mc_w.l(printfa.o)
    0x0800b9b4   0x0800b9b4   0x000006dc   Code   RO         2354    i._printf_core      mc_w.l(printfa.o)
    0x0800c090   0x0800c090   0x00000024   Code   RO         2355    i._printf_post_padding  mc_w.l(printfa.o)
    0x0800c0b4   0x0800c0b4   0x0000002e   Code   RO         2356    i._printf_pre_padding  mc_w.l(printfa.o)
    0x0800c0e2   0x0800c0e2   0x0000000a   Code   RO         2358    i._sputc            mc_w.l(printfa.o)
    0x0800c0ec   0x0800c0ec   0x00000018   Code   RO         2419    i.fabs              m_wm.l(fabs.o)
    0x0800c104   0x0800c104   0x00000050   Code   RO         2509    i.free              mc_w.l(malloc.o)
    0x0800c154   0x0800c154   0x0000006c   Code   RO         2510    i.malloc            mc_w.l(malloc.o)
    0x0800c1c0   0x0800c1c0   0x0000006e   Code   RO         2322    i.sqrt              m_wm.l(sqrt.o)
    0x0800c22e   0x0800c22e   0x00000002   PAD
    0x0800c230   0x0800c230   0x00000088   Data   RO         2285    .constdata          m_wm.l(pow.o)
    0x0800c2b8   0x0800c2b8   0x00000030   Data   RO         2401    .constdata          m_wm.l(cos_i.o)
    0x0800c2e8   0x0800c2e8   0x00000008   Data   RO         2443    .constdata          m_wm.l(qnan.o)
    0x0800c2f0   0x0800c2f0   0x000000c8   Data   RO         2446    .constdata          m_wm.l(rred.o)
    0x0800c3b8   0x0800c3b8   0x00000020   Data   RO         2450    .constdata          m_wm.l(rredf.o)
    0x0800c3d8   0x0800c3d8   0x00000028   Data   RO         2453    .constdata          m_wm.l(sin_i.o)
    0x0800c400   0x0800c400   0x00000010   Data   RO           68    .rodata.AHBPrescTable  system_stm32f4xx.o
    0x0800c410   0x0800c410   0x00000008   Data   RO           69    .rodata.APBPrescTable  system_stm32f4xx.o
    0x0800c418   0x0800c418   0x0000007f   Data   RO           33    .rodata.str1.1      main.o
    0x0800c497   0x0800c497   0x000000b2   Data   RO         1254    .rodata.str1.1      can.o
    0x0800c549   0x0800c549   0x00000016   Data   RO         1314    .rodata.str1.1      usart_get.o
    0x0800c55f   0x0800c55f   0x0000000c   Data   RO         1344    .rodata.str1.1      usart_print.o
    0x0800c56b   0x0800c56b   0x00000086   Data   RO         1481    .rodata.str1.1      epos.o
    0x0800c5f1   0x0800c5f1   0x00000020   Data   RO         1953    .rodata.str1.1      tasks.o
    0x0800c611   0x0800c611   0x0000000d   Data   RO         2021    .rodata.str1.1      timers.o
    0x0800c61e   0x0800c61e   0x00000002   PAD
    0x0800c620   0x0800c620   0x00000004   Data   RO         1938    .rodata.uxTopUsedPriority  tasks.o
    0x0800c624   0x0800c624   0x00000020   Data   RO         2548    Region$$Table       anon$$obj.o
    0x0800c644   0x0800c644   0x00000004   Data   RO           34    .init_array         main.o
    0x0800c648   0x0800c644   0x00000004   Data   RO         1482    .init_array         epos.o
    0x0800c64c   0x0800c644   0x00000004   Data   RO         1532    .init_array         motioncontrol.o
    0x0800c650   0x0800c644   0x00000004   Data   RO         1549    .init_array         motor_test.o
    0x0800c654   0x0800c644   0x00000000   Data   RO         2374    .init_array         mc_w.l(cpp_init.o)


    Execution Region RW_IRAM1 (Exec base: 0x20000000, Load base: 0x0800c658, Size: 0x00014028, Max: 0x00020000, ABSOLUTE)

    Exec Addr    Load Addr    Size         Type   Attr      Idx    E Section Name        Object

    0x20000000   0x0800c658   0x00000004   Data   RW         2472    .data               mc_w.l(stdout.o)
    0x20000004   0x0800c65c   0x00000004   Data   RW         2484    .data               mc_w.l(errno.o)
    0x20000008   0x0800c660   0x00000004   Data   RW         2538    .data               mc_w.l(cpp_dtor.o)
    0x2000000c   0x0800c664   0x00000004   Data   RW         2544    .data               mc_w.l(mvars.o)
    0x20000010   0x0800c668   0x00000004   Data   RW         2545    .data               mc_w.l(mvars.o)
    0x20000014   0x0800c66c   0x0000001c   Data   RW         1577    .data..Lconstinit   fuzzypid.o
    0x20000030   0x0800c688   0x0000001c   Data   RW         1578    .data..Lconstinit.1  fuzzypid.o
    0x2000004c   0x0800c6a4   0x0000001c   Data   RW         1579    .data..Lconstinit.2  fuzzypid.o
    0x20000068   0x0800c6c0   0x0000001c   Data   RW         1580    .data..Lconstinit.3  fuzzypid.o
    0x20000084   0x0800c6dc   0x0000001c   Data   RW         1581    .data..Lconstinit.4  fuzzypid.o
    0x200000a0   0x0800c6f8   0x00000008   Data   RW         1291    .data.RxPDO         pdo.o
    0x200000a8   0x0800c700   0x00000004   Data   RW           67    .data.SystemCoreClock  system_stm32f4xx.o
    0x200000ac   0x0800c704   0x00000008   Data   RW         1290    .data.TxPDO         pdo.o
    0x200000b4   0x0800c70c   0x00000001   Data   RW          154    .data.uwTickFreq    stm32f4xx_hal.o
    0x200000b5   0x0800c70d   0x00000003   PAD
    0x200000b8   0x0800c710   0x00000004   Data   RW          153    .data.uwTickPrio    stm32f4xx_hal.o
    0x200000bc   0x0800c714   0x00000004   Data   RW         2097    .data.uxCriticalNesting  port.o
    0x200000c0        -       0x0000001c   Zero   RW         1582    .bss..Lconstinit.5  fuzzypid.o
    0x200000dc        -       0x0000001c   Zero   RW         1583    .bss..Lconstinit.6  fuzzypid.o
    0x200000f8        -       0x0000001c   Zero   RW         1584    .bss..Lconstinit.7  fuzzypid.o
    0x20000114        -       0x0000001c   Zero   RW         1585    .bss..Lconstinit.8  fuzzypid.o
    0x20000130        -       0x00000001   Zero   RW         1252    .bss.CAN1_RX_FLAG   can.o
    0x20000131   0x0800c718   0x00000003   PAD
    0x20000134        -       0x00000004   Zero   RW           23    .bss.CommandTask_Handler  main.o
    0x20000138        -       0x00000004   Zero   RW           30    .bss.ElbowCommandQueue  main.o
    0x2000013c        -       0x00000004   Zero   RW           31    .bss.ElbowKdataQueue  main.o
    0x20000140        -       0x00000004   Zero   RW           32    .bss.EventGroupHandler  main.o
    0x20000144        -       0x0000001c   Zero   RW         1526    .bss.Impedance_Adjustment  motioncontrol.o
    0x20000160        -       0x0000000c   Zero   RW         2231    .bss.MPlatform      kaerman.o
    0x2000016c        -       0x000003c8   Zero   RW         1525    .bss.Poseture_Adjustment  motioncontrol.o
    0x20000534        -       0x0000001c   Zero   RW         1255    .bss.RxMessage      can.o
    0x20000550        -       0x0000000c   Zero   RW         2232    .bss.SPlatform      kaerman.o
    0x2000055c        -       0x00000004   Zero   RW           22    .bss.StartTask_Handler  main.o
    0x20000560        -       0x00000040   Zero   RW         1213    .bss.UART1_Handler  usart.o
    0x200005a0        -       0x00000040   Zero   RW         1217    .bss.UART2_Handler  usart.o
    0x200005e0        -       0x00000040   Zero   RW         1220    .bss.UART3_Handler  usart.o
    0x20000620        -       0x00000040   Zero   RW         1222    .bss.UART4_Handler  usart.o
    0x20000660        -       0x00000040   Zero   RW         1224    .bss.UART5_Handler  usart.o
    0x200006a0        -       0x000000c8   Zero   RW         1215    .bss.USART1_RX_BUF  usart.o
    0x20000768        -       0x00000002   Zero   RW         1212    .bss.USART1_RX_STA  usart.o
    0x2000076a   0x0800c718   0x00000002   PAD
    0x2000076c        -       0x00000004   Zero   RW           28    .bss.WristCommandQueue  main.o
    0x20000770        -       0x00000004   Zero   RW           29    .bss.WristPosQueue  main.o
    0x20000774        -       0x00000004   Zero   RW           25    .bss.WristPosTask_Handler  main.o
    0x20000778        -       0x0000000b   Zero   RW         2233    .bss._ZZ10CopeMPDataE10ucRxBuffer  kaerman.o
    0x20000783        -       0x00000001   Zero   RW         2234    .bss._ZZ10CopeMPDataE7ucRxCnt  kaerman.o
    0x20000784        -       0x00000001   Zero   RW         2236    .bss._ZZ10CopeSPDataE5RxCnt  kaerman.o
    0x20000785        -       0x0000000b   Zero   RW         2235    .bss._ZZ10CopeSPDataE8RxBuffer  kaerman.o
    0x20000790        -       0x00000008   Zero   RW         1530    .bss._ZZ19WristPostureControlE6CurErr  motioncontrol.o
    0x20000798        -       0x00000008   Zero   RW         1531    .bss._ZZ19WristPostureControlE6PreErr  motioncontrol.o
    0x200007a0        -       0x00000001   Zero   RW         1214    .bss.aRxBuffer      usart.o
    0x200007a1        -       0x00000016   Zero   RW         1218    .bss.bRxBuffer      usart.o
    0x200007b7        -       0x000000c8   Zero   RW         1221    .bss.cRxBuffer      usart.o
    0x2000087f        -       0x00000016   Zero   RW         1223    .bss.dRxBuffer      usart.o
    0x20000895        -       0x00000058   Zero   RW         1403    .bss.data_ret       canprint.o
    0x200008ed        -       0x00000001   Zero   RW         1216    .bss.eRxBuffer      usart.o
    0x200008ee        -       0x00000002   Zero   RW         1168    .bss.fac_ms         delay.o
    0x200008f0        -       0x00000004   Zero   RW         1167    .bss.fac_us         delay.o
    0x200008f4        -       0x00000004   Zero   RW         1383    .bss.g_tickcount    timer.o
    0x200008f8        -       0x00000028   Zero   RW         1253    .bss.hcan1          can.o
    0x20000920        -       0x00000030   Zero   RW         1479    .bss.motor_QB       epos.o
    0x20000950        -       0x00000030   Zero   RW         1477    .bss.motor_W1       epos.o
    0x20000980        -       0x00000030   Zero   RW         1478    .bss.motor_W2       epos.o
    0x200009b0        -       0x00000030   Zero   RW         1480    .bss.motor_ZB       epos.o
    0x200009e0        -       0x00000030   Zero   RW         1547    .bss.motor_test     motor_test.o
    0x20000a10        -       0x00000004   Zero   RW         2203    .bss.p_WitRegUpdateCbFunc  hwt101.o
    0x20000a14        -       0x00000004   Zero   RW         2025    .bss.prvSampleTimeNow.xLastTime  timers.o
    0x20000a18        -       0x00000004   Zero   RW         1937    .bss.pxCurrentTCB   tasks.o
    0x20000a1c        -       0x00000004   Zero   RW         2023    .bss.pxCurrentTimerList  timers.o
    0x20000a20        -       0x00000004   Zero   RW         1948    .bss.pxDelayedTaskList  tasks.o
    0x20000a24        -       0x00000004   Zero   RW         2054    .bss.pxEnd          heap_4.o
    0x20000a28        -       0x00000004   Zero   RW         1949    .bss.pxOverflowDelayedTaskList  tasks.o
    0x20000a2c        -       0x00000004   Zero   RW         2024    .bss.pxOverflowTimerList  timers.o
    0x20000a30        -       0x00000064   Zero   RW         1939    .bss.pxReadyTasksLists  tasks.o
    0x20000a94        -       0x00000120   Zero   RW         2199    .bss.sReg           hwt101.o
    0x20000bb4        -       0x00000100   Zero   RW         2204    .bss.s_ucWitDataBuff  hwt101.o
    0x20000cb4        -       0x00000004   Zero   RW         2206    .bss.s_uiProtoclo   hwt101.o
    0x20000cb8        -       0x00000004   Zero   RW         2210    .bss.s_uiReadRegIndex  hwt101.o
    0x20000cbc        -       0x00000004   Zero   RW         2205    .bss.s_uiWitDataCnt  hwt101.o
    0x20000cc0        -       0x00000040   Zero   RW         1251    .bss.statuscommand  can.o
    0x20000d00        -       0x00012c00   Zero   RW         2060    .bss.ucHeap         heap_4.o
    0x20013900        -       0x00000001   Zero   RW         2095    .bss.ucMaxSysCallPriority  port.o
    0x20013901   0x0800c718   0x00000003   PAD
    0x20013904        -       0x00000004   Zero   RW         2096    .bss.ulMaxPRIGROUPValue  port.o
    0x20013908        -       0x00000004   Zero   RW          155    .bss.uwTick         stm32f4xx_hal.o
    0x2001390c        -       0x00000004   Zero   RW         1944    .bss.uxCurrentNumberOfTasks  tasks.o
    0x20013910        -       0x00000004   Zero   RW         1943    .bss.uxDeletedTasksWaitingCleanUp  tasks.o
    0x20013914        -       0x00000004   Zero   RW         1946    .bss.uxSchedulerSuspended  tasks.o
    0x20013918        -       0x00000004   Zero   RW         1941    .bss.uxTaskNumber   tasks.o
    0x2001391c        -       0x00000004   Zero   RW         1940    .bss.uxTopReadyPriority  tasks.o
    0x20013920        -       0x00000014   Zero   RW         2026    .bss.xActiveTimerList1  timers.o
    0x20013934        -       0x00000014   Zero   RW         2027    .bss.xActiveTimerList2  timers.o
    0x20013948        -       0x00000014   Zero   RW         1958    .bss.xDelayedTaskList1  tasks.o
    0x2001395c        -       0x00000014   Zero   RW         1959    .bss.xDelayedTaskList2  tasks.o
    0x20013970        -       0x00000004   Zero   RW         2055    .bss.xFreeBytesRemaining  heap_4.o
    0x20013974        -       0x00000004   Zero   RW         1954    .bss.xIdleTaskHandle  tasks.o
    0x20013978        -       0x00000004   Zero   RW         2057    .bss.xMinimumEverFreeBytesRemaining  heap_4.o
    0x2001397c        -       0x00000004   Zero   RW         1955    .bss.xNextTaskUnblockTime  tasks.o
    0x20013980        -       0x00000004   Zero   RW         1957    .bss.xNumOfOverflows  tasks.o
    0x20013984        -       0x00000004   Zero   RW         2058    .bss.xNumberOfSuccessfulAllocations  heap_4.o
    0x20013988        -       0x00000004   Zero   RW         2059    .bss.xNumberOfSuccessfulFrees  heap_4.o
    0x2001398c        -       0x00000004   Zero   RW         1956    .bss.xPendedTicks   tasks.o
    0x20013990        -       0x00000014   Zero   RW         1952    .bss.xPendingReadyList  tasks.o
    0x200139a4        -       0x00000040   Zero   RW         1750    .bss.xQueueRegistry  queue.o
    0x200139e4        -       0x00000004   Zero   RW         1945    .bss.xSchedulerRunning  tasks.o
    0x200139e8        -       0x00000008   Zero   RW         2056    .bss.xStart         heap_4.o
    0x200139f0        -       0x00000014   Zero   RW         1950    .bss.xSuspendedTaskList  tasks.o
    0x20013a04        -       0x00000014   Zero   RW         1942    .bss.xTasksWaitingTermination  tasks.o
    0x20013a18        -       0x00000004   Zero   RW         1947    .bss.xTickCount     tasks.o
    0x20013a1c        -       0x00000004   Zero   RW         2020    .bss.xTimerQueue    timers.o
    0x20013a20        -       0x00000004   Zero   RW         2022    .bss.xTimerTaskHandle  timers.o
    0x20013a24        -       0x00000004   Zero   RW         1951    .bss.xYieldPending  tasks.o
    0x20013a28        -       0x00000200   Zero   RW           90    HEAP                startup_stm32f407xx.o
    0x20013c28        -       0x00000400   Zero   RW           89    STACK               startup_stm32f407xx.o


==============================================================================

Image component sizes


      Code (inc. data)   RO Data    RW Data    ZI Data      Debug   Object Name

      1174          0        178          0        133       8768   can.o
       158          0          0          0          0       7441   canget.o
       354          0          0          0         88       7633   canprint.o
       396          0          0          0          6       1821   delay.o
      1486         32        138          0        192      15853   epos.o
        44          0          0          0          0       6210   event_groups.o
      1738          0          0        140        112      14335   fuzzypid.o
       246          0          0          0          0       2187   gpio.o
      1052          0          0          0      76828       4532   heap_4.o
       744         16          0          0        560       8345   hwt101.o
        58          0          0          0          0      15484   impedancecontrol.o
      2836         32          0          0         48      17682   kaerman.o
       326          0          0          0          0       2165   list.o
      1044         12        131          0         32      16969   main.o
      1970        120          4          0       1012      21953   motioncontrol.o
        80          8          4          0         48      10579   motor_test.o
       102          0          0          0          0       7592   nmt_control.o
       476          8          0         16          0       1708   pdo.o
      1032         16          0          4          5       3832   port.o
      1772          0          0          0         64      15646   queue.o
       402          0          0          0          0       1542   sdo.o
        36          8        392          0       1536        928   startup_stm32f407xx.o
       196          0          0          5          4       7116   stm32f4xx_hal.o
      2102          0          0          0          0      11448   stm32f4xx_hal_can.o
       622          0          0          0          0       9517   stm32f4xx_hal_cortex.o
        72          0          0          0          0       8546   stm32f4xx_hal_dma.o
      1040          0          0          0          0       5149   stm32f4xx_hal_gpio.o
         2          0          0          0          0        526   stm32f4xx_hal_msp.o
      2600          0          0          0          0       7484   stm32f4xx_hal_rcc.o
      3620          0          0          0          0      15559   stm32f4xx_hal_uart.o
        20          0          0          0          0        843   stm32f4xx_it.o
       256          0          0          0          0       2834   sys.o
       110          0         24          4          0       2538   system_stm32f4xx.o
      4768          0         36          0        260      24460   tasks.o
         0          0          0          0          4       4187   timer.o
      1382         10         13          0         60       8537   timers.o
      2138          0          0          0        768       9510   usart.o
       418          0         22          0          0      17018   usart_get.o
       560          0         12          0          0       4944   usart_print.o

    ----------------------------------------------------------------------
     37616        266        988        172      81768     333421   Object Totals
         0          0         32          0          0          0   (incl. Generated)
       184          4          2          3          8          0   (incl. Padding)

    ----------------------------------------------------------------------

      Code (inc. data)   RO Data    RW Data    ZI Data      Debug   Library Member Name

       200         20          0          0          0        164   cos.o
       368         46         48          0          0        200   cos_i.o
       336         56          0          0          0        136   cosf.o
       184         44          0          0          0        744   dunder.o
        24          0          0          0          0        124   fabs.o
        48          0          0          0          0        124   fpclassify.o
        38          0          0          0          0        116   fpclassifyf.o
        38         12          0          0          0        348   funder.o
       248          0          0          0          0        152   poly.o
      3152        296        136          0          0        352   pow.o
         0          0          8          0          0          0   qnan.o
      1080        142        200          0          0        188   rred.o
       340         24         32          0          0        160   rredf.o
       304         24         40          0          0        208   sin_i.o
       400         56          0          0          0        212   sinf.o
       232          0          0          0          0        296   sqrt.o
        46          0          0          0          0         84   aeabi_atexit.o
         8          4          0          4          0         68   cpp_dtor.o
         2          0          0          0          0         68   cpp_final.o
        32         10          0          0          0         80   cpp_init.o
        10          0          0          0          0         68   cxa_atexit.o
        66          0          0          0          0         84   cxa_finalize.o
         0          0          0          0          0          0   entry.o
         0          0          0          0          0          0   entry10a.o
         4          0          0          0          0          0   entry10b.o
         0          0          0          0          0          0   entry11a.o
         8          4          0          0          0          0   entry2.o
         4          0          0          0          0          0   entry5.o
         0          0          0          0          0          0   entry7b.o
         4          0          0          0          0          0   entry8a.o
         0          0          0          0          0          0   entry8b.o
         8          4          0          0          0          0   entry9a.o
        12          6          0          4          0         68   errno.o
        30          0          0          0          0          0   handlers.o
        36          8          0          0          0         68   init.o
         0          0          0          0          0          0   iusefp.o
        30          0          0          0          0         68   llshl.o
        36          0          0          0          0         68   llsshr.o
        32          0          0          0          0         68   llushr.o
       188         20          0          0          0        160   malloc.o
        36          0          0          0          0         68   memcpya.o
        36          0          0          0          0        108   memseta.o
         0          0          0          8          0          0   mvars.o
      2308         96          0          0          0        604   printfa.o
         0          0          0          4          0          0   stdout.o
        14          0          0          0          0         68   strlen.o
        44          0          0          0          0         80   uidiv.o
        98          0          0          0          0         92   uldiv.o
        48          0          0          0          0         68   cdrcmple.o
        56          0          0          0          0         88   d2f.o
       334          0          0          0          0        148   dadd.o
       222          0          0          0          0        100   ddiv.o
       186          0          0          0          0        176   depilogue.o
        62          0          0          0          0         80   dfixi.o
        48          0          0          0          0         68   dfixul.o
        34          0          0          0          0         76   dflti.o
        26          0          0          0          0         76   dfltui.o
       228          0          0          0          0         96   dmul.o
        46          0          0          0          0         80   dscalb.o
       162          0          0          0          0        100   dsqrt.o
        38          0          0          0          0         68   f2d.o
       110          0          0          0          0        168   fepilogue.o

    ----------------------------------------------------------------------
     11704        872        464         20          0       6888   Library Totals
        20          0          0          0          0          0   (incl. Padding)

    ----------------------------------------------------------------------

      Code (inc. data)   RO Data    RW Data    ZI Data      Debug   Library Name

      6992        720        464          0          0       3524   m_wm.l
      3092        152          0         20          0       1972   mc_w.l
      1600          0          0          0          0       1392   mf_w.l

    ----------------------------------------------------------------------
     11704        872        464         20          0       6888   Library Totals

    ----------------------------------------------------------------------

==============================================================================


      Code (inc. data)   RO Data    RW Data    ZI Data      Debug   

     49320       1138       1452        192      81768     335969   Grand Totals
     49320       1138       1452        192      81768     335969   ELF Image Totals
     49320       1138       1452        192          0          0   ROM Totals

==============================================================================

    Total RO  Size (Code + RO Data)                50772 (  49.58kB)
    Total RW  Size (RW Data + ZI Data)             81960 (  80.04kB)
    Total ROM Size (Code + RO Data + RW Data)      50964 (  49.77kB)

==============================================================================

