<html>
<body>
<pre>
<h1>µVision Build Log</h1>
<h2>Tool Versions:</h2>
IDE-Version: ¦ÌVision V5.28.0.0
Copyright (C) 2019 ARM Ltd and ARM Germany GmbH. All rights reserved.
License Information: 1 C206, 2, LIC=NQQMA-1QSQK-PCQJ8-345UR-3JTC5-5B6TI
 
Tool Versions:
Toolchain:       MDK-ARM Plus  Version: 5.28.0.0
Toolchain Path:  D:\keil5\ARM\ARMCLANG\Bin
C Compiler:      ArmClang.exe V6.12
Assembler:       Armasm.exe V6.12
Linker/Locator:  ArmLink.exe V6.12
Library Manager: ArmAr.exe V6.12
Hex Converter:   FromElf.exe V6.12
CPU DLL:         SARMCM3.DLL V5.28.0.0
Dialog DLL:      DCM.DLL V1.17.3.0
Target DLL:      STLink\ST-LINKIII-KEIL_SWO.dll V3.0.6.0
Dialog DLL:      TCM.DLL V1.36.2.0
 
<h2>Project:</h2>
E:\data\Code\prosthetic arm\Prostheic_Arm_Control_STM32\Prostheic_Arm_Control_STM32-FuzzyPID\Prosthetic_Arm_Control_STM32F407_Arm\USER\ProstheticArmControl.uvprojx
Project File Date:  05/26/2023

<h2>Output:</h2>
*** Using Compiler 'V6.12', folder: 'D:\keil5\ARM\ARMCLANG\Bin'
*** Warning: You are compiling one or more files of source type C++ and have selected 'use MicroLIB'. MicroLIB does not support C++!
  
Rebuild target 'ProstheticArmControl'
assembling startup_stm32f407xx.s...
compiling stm32f4xx_it.c...
compiling system_stm32f4xx.c...
compiling stm32f4xx_hal_gpio.c...
compiling stm32f4xx_hal_msp.c...
compiling stm32f4xx_hal_pwr_ex.c...
compiling stm32f4xx_hal_pwr.c...
compiling stm32f4xx_hal_rcc.c...
compiling stm32f4xx_hal_cortex.c...
compiling stm32f4xx_hal.c...
compiling stm32f4xx_hal_rcc_ex.c...
compiling main.c...
compiling stm32f4xx_hal_uart.c...
compiling stm32f4xx_hal_dma.c...
compiling stm32f4xx_hal_flash.c...
compiling stm32f4xx_hal_usart.c...
compiling stm32f4xx_hal_can.c...
compiling stm32f4xx_hal_dma_ex.c...
compiling stm32f4xx_hal_flash_ramfunc.c...
compiling stm32f4xx_hal_exti.c...
compiling stm32f4xx_hal_flash_ex.c...
compiling delay.c...
compiling sys.c...
compiling stm32f4xx_hal_tim_ex.c...
compiling stm32f4xx_hal_tim.c...
compiling usart.c...
compiling gpio.c...
compiling pdo.c...
compiling sdo.c...
compiling can.c...
compiling NMT_control.c...
compiling usart_print.c...
compiling timer.c...
compiling rs485_drv.c...
compiling usart_host_communication.c...
compiling usart_get.c...
compiling canget.c...
compiling canprint.c...
compiling croutine.c...
compiling FuzzyPID.c...
compiling motor_test.cpp...
compiling EPOS.c...
compiling list.c...
compiling event_groups.c...
compiling stream_buffer.c...
compiling ImpedanceControl.c...
compiling motioncontrol.cpp...
compiling queue.c...
compiling timers.c...
compiling tasks.c...
compiling port.c...
compiling heap_4.c...
compiling BWT61CL.c...
compiling KWR46C.c...
compiling kaerman.c...
compiling HWT101.c...
linking...
Program Size: Code=45848 RO-data=1064 RW-data=192 ZI-data=82168  
FromELF: creating hex file...
"..\OBJ\ProstheticArmControl.axf" - 0 Error(s), 0 Warning(s).

<h2>Software Packages used:</h2>

Package Vendor: Keil
                http://www.keil.com/pack/Keil.STM32F4xx_DFP.2.13.0.pack
                Keil.STM32F4xx_DFP.2.13.0
                STMicroelectronics STM32F4 Series Device Support, Drivers and Examples

<h2>Collection of Component include folders:</h2>
  .\RTE\_ProstheticArmControl
  D:\keil5\Keil\STM32F4xx_DFP\2.13.0\Drivers\CMSIS\Device\ST\STM32F4xx\Include

<h2>Collection of Component Files used:</h2>
Build Time Elapsed:  00:00:04
</pre>
</body>
</html>
