<html>
<body>
<pre>
<h1>µVision Build Log</h1>
<h2>Tool Versions:</h2>
IDE-Version: ¦ÌVision V5.37.0.0
Copyright (C) 2022 ARM Ltd and ARM Germany GmbH. All rights reserved.
License Information: hkj 7746725, HP Inc., LIC=VGXG8-3I8K8-CXGU6-DPKQ8-B0KQC-V3NJT
 
Tool Versions:
Toolchain:       MDK-ARM Plus  Version: 5.37.0.0
Toolchain Path:  D:\Download\keil5\ARM\ARMCLANG\Bin
C Compiler:      ArmClang.exe V6.18
Assembler:       Armasm.exe V6.18
Linker/Locator:  ArmLink.exe V6.18
Library Manager: ArmAr.exe V6.18
Hex Converter:   FromElf.exe V6.18
CPU DLL:         SARMCM3.DLL V5.37.0.0
Dialog DLL:      DCM.DLL V1.17.5.0
Target DLL:      STLink\ST-LINKIII-KEIL_SWO.dll V3.0.9.0
Dialog DLL:      TCM.DLL V1.56.1.0
 
<h2>Project:</h2>
D:\data\Code\prosthetic arm\Prostheic_Arm_Control_STM32-FuzzyPID\2023.6.5Prosthetic_Arm_Control_STM32F407_Arm\Prosthetic_Arm_Control_STM32F407_Arm\USER\ProstheticArmControl.uvprojx
Project File Date:  06/05/2023

<h2>Output:</h2>
*** Using Compiler 'V6.18', folder: 'D:\Download\keil5\ARM\ARMCLANG\Bin'
*** Warning: You are compiling one or more files of source type C++ and have selected 'use MicroLIB'. MicroLIB does not support C++!
  
Rebuild target 'ProstheticArmControl'
assembling startup_stm32f407xx.s...
compiling system_stm32f4xx.c...
compiling stm32f4xx_hal_cortex.c...
compiling stm32f4xx_it.c...
compiling stm32f4xx_hal_gpio.c...
compiling stm32f4xx_hal_rcc_ex.c...
compiling stm32f4xx_hal_msp.c...
compiling stm32f4xx_hal_pwr_ex.c...
compiling stm32f4xx_hal.c...
compiling stm32f4xx_hal_pwr.c...
compiling stm32f4xx_hal_rcc.c...
compiling stm32f4xx_hal_dma.c...
compiling stm32f4xx_hal_dma_ex.c...
compiling stm32f4xx_hal_usart.c...
compiling stm32f4xx_hal_uart.c...
compiling stm32f4xx_hal_flash.c...
compiling stm32f4xx_hal_flash_ex.c...
main.c(12): warning: In file included from...
../app/MotionControl\motioncontrol.h(9): warning: In file included from...
../app/sensor/kaerman\kaerman.h(10): warning: anonymous non-C-compatible type given name for linkage purposes by typedef declaration; add a tag name here [-Wnon-c-typedef-for-linkage]
typedef struct 
              ^
               IMU
../app/sensor/kaerman\kaerman.h(12): note: type is not C-compatible due to this default member initializer
                float hN_roll = 0; 
                                ^
../app/sensor/kaerman\kaerman.h(15): note: type is given name 'IMU' for linkage purposes by this typedef declaration
}IMU;
 ^
1 warning generated.
compiling main.c...
compiling stm32f4xx_hal_can.c...
compiling stm32f4xx_hal_flash_ramfunc.c...
compiling stm32f4xx_hal_exti.c...
compiling sys.c...
compiling delay.c...
compiling usart.c...
compiling stm32f4xx_hal_tim_ex.c...
compiling can.c...
compiling gpio.c...
compiling pdo.c...
compiling sdo.c...
compiling NMT_control.c...
compiling stm32f4xx_hal_tim.c...
compiling usart_get.c...
compiling usart_print.c...
compiling timer.c...
compiling usart_host_communication.c...
compiling croutine.c...
compiling rs485_drv.c...
compiling canget.c...
compiling canprint.c...
compiling FuzzyPID.c...
compiling event_groups.c...
compiling EPOS.c...
compiling list.c...
compiling motor_test.cpp...
compiling step.c...
compiling stream_buffer.c...
compiling heap_4.c...
compiling timers.c...
compiling queue.c...
../app/MotionControl/motioncontrol.cpp(1): warning: In file included from...
../app/MotionControl/motioncontrol.h(9): warning: In file included from...
../app/sensor/kaerman\kaerman.h(10): warning: anonymous non-C-compatible type given name for linkage purposes by typedef declaration; add a tag name here [-Wnon-c-typedef-for-linkage]
typedef struct 
              ^
               IMU
../app/sensor/kaerman\kaerman.h(12): note: type is not C-compatible due to this default member initializer
                float hN_roll = 0; 
                                ^
../app/sensor/kaerman\kaerman.h(15): note: type is given name 'IMU' for linkage purposes by this typedef declaration
}IMU;
 ^
1 warning generated.
compiling motioncontrol.cpp...
compiling port.c...
../app/MotionControl/ImpedanceControl/ImpedanceControl.c(2): warning: In file included from...
../app/MotionControl\motioncontrol.h(9): warning: In file included from...
../app/sensor/kaerman\kaerman.h(10): warning: anonymous non-C-compatible type given name for linkage purposes by typedef declaration; add a tag name here [-Wnon-c-typedef-for-linkage]
typedef struct 
              ^
               IMU
../app/sensor/kaerman\kaerman.h(12): note: type is not C-compatible due to this default member initializer
                float hN_roll = 0; 
                                ^
../app/sensor/kaerman\kaerman.h(15): note: type is given name 'IMU' for linkage purposes by this typedef declaration
}IMU;
 ^
1 warning generated.
compiling ImpedanceControl.c...
compiling tasks.c...
compiling BWT61CL.c...
compiling KWR46C.c...
compiling HWT101.c...
../app/sensor/kaerman/kaerman.c(1): warning: In file included from...
../app/sensor/kaerman/kaerman.h(10): warning: anonymous non-C-compatible type given name for linkage purposes by typedef declaration; add a tag name here [-Wnon-c-typedef-for-linkage]
typedef struct 
              ^
               IMU
../app/sensor/kaerman/kaerman.h(12): note: type is not C-compatible due to this default member initializer
                float hN_roll = 0; 
                                ^
../app/sensor/kaerman/kaerman.h(15): note: type is given name 'IMU' for linkage purposes by this typedef declaration
}IMU;
 ^
1 warning generated.
compiling kaerman.c...
linking...
Program Size: Code=47800 RO-data=1460 RW-data=192 ZI-data=81768  
FromELF: creating hex file...
"..\OBJ\ProstheticArmControl.axf" - 0 Error(s), 4 Warning(s).

<h2>Software Packages used:</h2>

Package Vendor: Keil
                http://www.keil.com/pack/Keil.STM32F4xx_DFP.2.2.0.pack
                Keil.STM32F4xx_DFP.2.2.0
                STMicroelectronics STM32F4 Series Device Support, Drivers and Examples

<h2>Collection of Component include folders:</h2>
  D:/Download/keil5/ARM/Pack/Keil/STM32F4xx_DFP/2.2.0/Drivers/CMSIS/Device/ST/STM32F4xx/Include

<h2>Collection of Component Files used:</h2>
Build Time Elapsed:  00:00:05
</pre>
</body>
</html>
