Component: Arm Compiler for Embedded 6.18 Tool: armlink [5e4cc100]

==============================================================================

Section Cross References

    main.o(.text.__cxx_global_var_init) refers to queue.o(.text.xQueueGenericCreate) for xQueueGenericCreate
    main.o(.text.__cxx_global_var_init) refers to main.o(.bss.CommandQueue) for CommandQueue
    main.o(.ARM.exidx.text.__cxx_global_var_init) refers to main.o(.text.__cxx_global_var_init) for [Anonymous Symbol]
    main.o(.text.__cxx_global_var_init.1) refers to queue.o(.text.xQueueGenericCreate) for xQueueGenericCreate
    main.o(.text.__cxx_global_var_init.1) refers to main.o(.bss.WristPosQueue) for WristPosQueue
    main.o(.ARM.exidx.text.__cxx_global_var_init.1) refers to main.o(.text.__cxx_global_var_init.1) for [Anonymous Symbol]
    main.o(.text.main) refers to stm32f4xx_hal.o(.text.HAL_Init) for HAL_Init
    main.o(.text.main) refers to sys.o(.text.Stm32_Clock_Init) for Stm32_Clock_Init
    main.o(.text.main) refers to delay.o(.text.delay_init) for delay_init
    main.o(.text.main) refers to usart.o(.text.Serialport_Init) for Serialport_Init
    main.o(.text.main) refers to can.o(.text.CAN_Config) for CAN_Config
    main.o(.text.main) refers to main.o(.bss.StartTask_Handler) for StartTask_Handler
    main.o(.text.main) refers to main.o(.text._Z10start_taskPv) for start_task(void*)
    main.o(.text.main) refers to main.o(.rodata.str1.1) for .L.str
    main.o(.text.main) refers to tasks.o(.text.xTaskCreate) for xTaskCreate
    main.o(.text.main) refers to tasks.o(.text.vTaskStartScheduler) for vTaskStartScheduler
    main.o(.ARM.exidx.text.main) refers to main.o(.text.main) for [Anonymous Symbol]
    main.o(.text._Z10start_taskPv) refers to port.o(.text.vPortEnterCritical) for vPortEnterCritical
    main.o(.text._Z10start_taskPv) refers to main.o(.bss.Task1Task_Handler) for Task1Task_Handler
    main.o(.text._Z10start_taskPv) refers to main.o(.text._Z10task1_taskPv) for task1_task(void*)
    main.o(.text._Z10start_taskPv) refers to main.o(.rodata.str1.1) for .L.str.2
    main.o(.text._Z10start_taskPv) refers to tasks.o(.text.xTaskCreate) for xTaskCreate
    main.o(.text._Z10start_taskPv) refers to main.o(.bss.WristTask_Handler) for WristTask_Handler
    main.o(.text._Z10start_taskPv) refers to main.o(.text._Z10Wrist_taskPv) for Wrist_task(void*)
    main.o(.text._Z10start_taskPv) refers to main.o(.bss.WristPosTask_Handler) for WristPosTask_Handler
    main.o(.text._Z10start_taskPv) refers to main.o(.text._Z13WristPos_taskPv) for WristPos_task(void*)
    main.o(.text._Z10start_taskPv) refers to main.o(.bss.StartTask_Handler) for StartTask_Handler
    main.o(.text._Z10start_taskPv) refers to tasks.o(.text.vTaskDelete) for vTaskDelete
    main.o(.text._Z10start_taskPv) refers to port.o(.text.vPortExitCritical) for vPortExitCritical
    main.o(.ARM.exidx.text._Z10start_taskPv) refers to main.o(.text._Z10start_taskPv) for [Anonymous Symbol]
    main.o(.text._Z10task1_taskPv) refers to usart.o(.bss.USART1_RX_STA) for USART1_RX_STA
    main.o(.text._Z10task1_taskPv) refers to port.o(.text.vPortEnterCritical) for vPortEnterCritical
    main.o(.text._Z10task1_taskPv) refers to usart.o(.bss.UART1_Handler) for UART1_Handler
    main.o(.text._Z10task1_taskPv) refers to usart_get.o(.text.Get_USART_Command) for Get_USART_Command
    main.o(.text._Z10task1_taskPv) refers to main.o(.bss.CommandQueue) for CommandQueue
    main.o(.text._Z10task1_taskPv) refers to queue.o(.text.xQueueGenericSend) for xQueueGenericSend
    main.o(.text._Z10task1_taskPv) refers to main.o(.rodata.str1.1) for .L.str.5
    main.o(.text._Z10task1_taskPv) refers to usart_print.o(.text.println_str) for println_str
    main.o(.text._Z10task1_taskPv) refers to port.o(.text.vPortExitCritical) for vPortExitCritical
    main.o(.text._Z10task1_taskPv) refers to tasks.o(.text.vTaskDelay) for vTaskDelay
    main.o(.ARM.exidx.text._Z10task1_taskPv) refers to main.o(.text._Z10task1_taskPv) for [Anonymous Symbol]
    main.o(.text._Z10Wrist_taskPv) refers to main.o(.bss.CommandQueue) for CommandQueue
    main.o(.text._Z10Wrist_taskPv) refers to queue.o(.text.xQueueReceive) for xQueueReceive
    main.o(.text._Z10Wrist_taskPv) refers to main.o(.bss.WristPosQueue) for WristPosQueue
    main.o(.text._Z10Wrist_taskPv) refers to main.o(.bss._ZL13PositionError) for PositionError
    main.o(.text._Z10Wrist_taskPv) refers to usart.o(.bss.UART1_Handler) for UART1_Handler
    main.o(.text._Z10Wrist_taskPv) refers to main.o(.rodata.str1.1) for .L.str.8
    main.o(.text._Z10Wrist_taskPv) refers to usart_print.o(.text.println_str) for println_str
    main.o(.text._Z10Wrist_taskPv) refers to port.o(.text.vPortEnterCritical) for vPortEnterCritical
    main.o(.text._Z10Wrist_taskPv) refers to motioncontrol.o(.text.WristPositionControl) for WristPositionControl
    main.o(.text._Z10Wrist_taskPv) refers to port.o(.text.vPortExitCritical) for vPortExitCritical
[...]
    [Anonymous Symbol]                       0x20013590   Section        0  tasks.o(.bss.xPendingReadyList)
    xSchedulerRunning                        0x200135e4   Data           4  tasks.o(.bss.xSchedulerRunning)
    [Anonymous Symbol]                       0x200135e4   Section        0  tasks.o(.bss.xSchedulerRunning)
    xStart                                   0x200135e8   Data           8  heap_4.o(.bss.xStart)
    [Anonymous Symbol]                       0x200135e8   Section        0  heap_4.o(.bss.xStart)
    xSuspendedTaskList                       0x200135f0   Data          20  tasks.o(.bss.xSuspendedTaskList)
    [Anonymous Symbol]                       0x200135f0   Section        0  tasks.o(.bss.xSuspendedTaskList)
    xTasksWaitingTermination                 0x20013604   Data          20  tasks.o(.bss.xTasksWaitingTermination)
    [Anonymous Symbol]                       0x20013604   Section        0  tasks.o(.bss.xTasksWaitingTermination)
    xTickCount                               0x20013618   Data           4  tasks.o(.bss.xTickCount)
    [Anonymous Symbol]                       0x20013618   Section        0  tasks.o(.bss.xTickCount)
    xTimerQueue                              0x2001361c   Data           4  timers.o(.bss.xTimerQueue)
    [Anonymous Symbol]                       0x2001361c   Section        0  timers.o(.bss.xTimerQueue)
    xTimerTaskHandle                         0x20013620   Data           4  timers.o(.bss.xTimerTaskHandle)
    [Anonymous Symbol]                       0x20013620   Section        0  timers.o(.bss.xTimerTaskHandle)
    xYieldPending                            0x20013624   Data           4  tasks.o(.bss.xYieldPending)
    [Anonymous Symbol]                       0x20013624   Section        0  tasks.o(.bss.xYieldPending)
    HEAP                                     0x20013628   Section      512  startup_stm32f407xx.o(HEAP)
    STACK                                    0x20013828   Section     1024  startup_stm32f407xx.o(STACK)

    Global Symbols

    Symbol Name                              Value     Ov Type        Size  Object(Section)

    BuildAttributes$$THM_ISAv4$E$P$D$K$B$S$7EM$VFPi3$EXTD16$VFPS$VFMA$PE$A:L22UL41UL21$X:L11$S22US41US21$IEEE1$IW$~IW$USESV6$~STKCKD$USESV7$~SHL$OTIME$ROPI$IEEEX$EBA8$MICROLIB$REQ8$PRES8$EABIv2 0x00000000   Number         0  anon$$obj.o ABSOLUTE
    __decompress                              - Undefined Weak Reference
    _clock_init                               - Undefined Weak Reference
    _microlib_exit                            - Undefined Weak Reference
    __Vectors_Size                           0x00000188   Number         0  startup_stm32f407xx.o ABSOLUTE
    __Vectors                                0x08000000   Data           4  startup_stm32f407xx.o(RESET)
    __dso_handle                             0x08000000   Number         0  startup_stm32f407xx.o(RESET)
    __Vectors_End                            0x08000188   Data           0  startup_stm32f407xx.o(RESET)
    __main                                   0x08000189   Thumb Code     0  entry.o(.ARM.Collect$$$$00000000)
    _main_stk                                0x08000189   Thumb Code     0  entry2.o(.ARM.Collect$$$$00000001)
    _main_scatterload                        0x0800018d   Thumb Code     0  entry5.o(.ARM.Collect$$$$00000004)
    __main_after_scatterload                 0x08000191   Thumb Code     0  entry5.o(.ARM.Collect$$$$00000004)
    _main_clock                              0x08000191   Thumb Code     0  entry7b.o(.ARM.Collect$$$$00000008)
    _main_cpp_init$empty                     0x08000191   Thumb Code     0  entry8a.o(.ARM.Collect$$$$00000009)
    _main_cpp_init                           0x08000195   Thumb Code     0  entry8b.o(.ARM.Collect$$$$0000000A)
    _main_init                               0x08000195   Thumb Code     0  entry9a.o(.ARM.Collect$$$$0000000B)
    __rt_final_cpp                           0x0800019d   Thumb Code     0  entry10a.o(.ARM.Collect$$$$0000000D)
    __rt_final_cpp$nonempty                  0x0800019d   Thumb Code     0  entry10b.o(.ARM.Collect$$$$0000000E)
    __rt_final_exit                          0x080001a1   Thumb Code     0  entry11a.o(.ARM.Collect$$$$0000000F)
    Reset_Handler                            0x080001a5   Thumb Code     8  startup_stm32f407xx.o(.text)
    ADC_IRQHandler                           0x080001bf   Thumb Code     0  startup_stm32f407xx.o(.text)
    CAN1_RX0_IRQHandler                      0x080001bf   Thumb Code     0  startup_stm32f407xx.o(.text)
    CAN1_RX1_IRQHandler                      0x080001bf   Thumb Code     0  startup_stm32f407xx.o(.text)
    CAN1_SCE_IRQHandler                      0x080001bf   Thumb Code     0  startup_stm32f407xx.o(.text)
    CAN1_TX_IRQHandler                       0x080001bf   Thumb Code     0  startup_stm32f407xx.o(.text)
    CAN2_RX0_IRQHandler                      0x080001bf   Thumb Code     0  startup_stm32f407xx.o(.text)
    CAN2_RX1_IRQHandler                      0x080001bf   Thumb Code     0  startup_stm32f407xx.o(.text)
    CAN2_SCE_IRQHandler                      0x080001bf   Thumb Code     0  startup_stm32f407xx.o(.text)
    CAN2_TX_IRQHandler                       0x080001bf   Thumb Code     0  startup_stm32f407xx.o(.text)
    DCMI_IRQHandler                          0x080001bf   Thumb Code     0  startup_stm32f407xx.o(.text)
    DMA1_Stream0_IRQHandler                  0x080001bf   Thumb Code     0  startup_stm32f407xx.o(.text)
    DMA1_Stream1_IRQHandler                  0x080001bf   Thumb Code     0  startup_stm32f407xx.o(.text)
    DMA1_Stream2_IRQHandler                  0x080001bf   Thumb Code     0  startup_stm32f407xx.o(.text)
    DMA1_Stream3_IRQHandler                  0x080001bf   Thumb Code     0  startup_stm32f407xx.o(.text)
    DMA1_Stream4_IRQHandler                  0x080001bf   Thumb Code     0  startup_stm32f407xx.o(.text)
    DMA1_Stream5_IRQHandler                  0x080001bf   Thumb Code     0  startup_stm32f407xx.o(.text)
    DMA1_Stream6_IRQHandler                  0x080001bf   Thumb Code     0  startup_stm32f407xx.o(.text)
    DMA1_Stream7_IRQHandler                  0x080001bf   Thumb Code     0  startup_stm32f407xx.o(.text)
    DMA2_Stream0_IRQHandler                  0x080001bf   Thumb Code     0  startup_stm32f407xx.o(.text)
    DMA2_Stream1_IRQHandler                  0x080001bf   Thumb Code     0  startup_stm32f407xx.o(.text)
    DMA2_Stream2_IRQHandler                  0x080001bf   Thumb Code     0  startup_stm32f407xx.o(.text)
    DMA2_Stream3_IRQHandler                  0x080001bf   Thumb Code     0  startup_stm32f407xx.o(.text)
    DMA2_Stream4_IRQHandler                  0x080001bf   Thumb Code     0  startup_stm32f407xx.o(.text)
    DMA2_Stream5_IRQHandler                  0x080001bf   Thumb Code     0  startup_stm32f407xx.o(.text)
    DMA2_Stream6_IRQHandler                  0x080001bf   Thumb Code     0  startup_stm32f407xx.o(.text)
    DMA2_Stream7_IRQHandler                  0x080001bf   Thumb Code     0  startup_stm32f407xx.o(.text)
    ETH_IRQHandler                           0x080001bf   Thumb Code     0  startup_stm32f407xx.o(.text)
    ETH_WKUP_IRQHandler                      0x080001bf   Thumb Code     0  startup_stm32f407xx.o(.text)
    EXTI0_IRQHandler                         0x080001bf   Thumb Code     0  startup_stm32f407xx.o(.text)
    EXTI15_10_IRQHandler                     0x080001bf   Thumb Code     0  startup_stm32f407xx.o(.text)
    EXTI1_IRQHandler                         0x080001bf   Thumb Code     0  startup_stm32f407xx.o(.text)
    EXTI2_IRQHandler                         0x080001bf   Thumb Code     0  startup_stm32f407xx.o(.text)
    EXTI3_IRQHandler                         0x080001bf   Thumb Code     0  startup_stm32f407xx.o(.text)
    EXTI4_IRQHandler                         0x080001bf   Thumb Code     0  startup_stm32f407xx.o(.text)
    EXTI9_5_IRQHandler                       0x080001bf   Thumb Code     0  startup_stm32f407xx.o(.text)
    FLASH_IRQHandler                         0x080001bf   Thumb Code     0  startup_stm32f407xx.o(.text)
    FMC_IRQHandler                           0x080001bf   Thumb Code     0  startup_stm32f407xx.o(.text)
    FPU_IRQHandler                           0x080001bf   Thumb Code     0  startup_stm32f407xx.o(.text)
    HASH_RNG_IRQHandler                      0x080001bf   Thumb Code     0  startup_stm32f407xx.o(.text)
    I2C1_ER_IRQHandler                       0x080001bf   Thumb Code     0  startup_stm32f407xx.o(.text)
    I2C1_EV_IRQHandler                       0x080001bf   Thumb Code     0  startup_stm32f407xx.o(.text)
    I2C2_ER_IRQHandler                       0x080001bf   Thumb Code     0  startup_stm32f407xx.o(.text)
    I2C2_EV_IRQHandler                       0x080001bf   Thumb Code     0  startup_stm32f407xx.o(.text)
    I2C3_ER_IRQHandler                       0x080001bf   Thumb Code     0  startup_stm32f407xx.o(.text)
    I2C3_EV_IRQHandler                       0x080001bf   Thumb Code     0  startup_stm32f407xx.o(.text)
    OTG_FS_IRQHandler                        0x080001bf   Thumb Code     0  startup_stm32f407xx.o(.text)
    OTG_FS_WKUP_IRQHandler                   0x080001bf   Thumb Code     0  startup_stm32f407xx.o(.text)
    OTG_HS_EP1_IN_IRQHandler                 0x080001bf   Thumb Code     0  startup_stm32f407xx.o(.text)
    OTG_HS_EP1_OUT_IRQHandler                0x080001bf   Thumb Code     0  startup_stm32f407xx.o(.text)
    OTG_HS_IRQHandler                        0x080001bf   Thumb Code     0  startup_stm32f407xx.o(.text)
    OTG_HS_WKUP_IRQHandler                   0x080001bf   Thumb Code     0  startup_stm32f407xx.o(.text)
    PVD_IRQHandler                           0x080001bf   Thumb Code     0  startup_stm32f407xx.o(.text)
    RCC_IRQHandler                           0x080001bf   Thumb Code     0  startup_stm32f407xx.o(.text)
    RTC_Alarm_IRQHandler                     0x080001bf   Thumb Code     0  startup_stm32f407xx.o(.text)
    RTC_WKUP_IRQHandler                      0x080001bf   Thumb Code     0  startup_stm32f407xx.o(.text)
    SDIO_IRQHandler                          0x080001bf   Thumb Code     0  startup_stm32f407xx.o(.text)
    SPI1_IRQHandler                          0x080001bf   Thumb Code     0  startup_stm32f407xx.o(.text)
    SPI2_IRQHandler                          0x080001bf   Thumb Code     0  startup_stm32f407xx.o(.text)
    SPI3_IRQHandler                          0x080001bf   Thumb Code     0  startup_stm32f407xx.o(.text)
    TAMP_STAMP_IRQHandler                    0x080001bf   Thumb Code     0  startup_stm32f407xx.o(.text)
    TIM1_BRK_TIM9_IRQHandler                 0x080001bf   Thumb Code     0  startup_stm32f407xx.o(.text)
    TIM1_CC_IRQHandler                       0x080001bf   Thumb Code     0  startup_stm32f407xx.o(.text)
    TIM1_TRG_COM_TIM11_IRQHandler            0x080001bf   Thumb Code     0  startup_stm32f407xx.o(.text)
    TIM1_UP_TIM10_IRQHandler                 0x080001bf   Thumb Code     0  startup_stm32f407xx.o(.text)
    TIM2_IRQHandler                          0x080001bf   Thumb Code     0  startup_stm32f407xx.o(.text)
    TIM3_IRQHandler                          0x080001bf   Thumb Code     0  startup_stm32f407xx.o(.text)
    TIM4_IRQHandler                          0x080001bf   Thumb Code     0  startup_stm32f407xx.o(.text)
    TIM5_IRQHandler                          0x080001bf   Thumb Code     0  startup_stm32f407xx.o(.text)
    TIM6_DAC_IRQHandler                      0x080001bf   Thumb Code     0  startup_stm32f407xx.o(.text)
    TIM7_IRQHandler                          0x080001bf   Thumb Code     0  startup_stm32f407xx.o(.text)
    TIM8_BRK_TIM12_IRQHandler                0x080001bf   Thumb Code     0  startup_stm32f407xx.o(.text)
    TIM8_CC_IRQHandler                       0x080001bf   Thumb Code     0  startup_stm32f407xx.o(.text)
    TIM8_TRG_COM_TIM14_IRQHandler            0x080001bf   Thumb Code     0  startup_stm32f407xx.o(.text)
    TIM8_UP_TIM13_IRQHandler                 0x080001bf   Thumb Code     0  startup_stm32f407xx.o(.text)
    UART4_IRQHandler                         0x080001bf   Thumb Code     0  startup_stm32f407xx.o(.text)
    UART5_IRQHandler                         0x080001bf   Thumb Code     0  startup_stm32f407xx.o(.text)
    USART3_IRQHandler                        0x080001bf   Thumb Code     0  startup_stm32f407xx.o(.text)
    USART6_IRQHandler                        0x080001bf   Thumb Code     0  startup_stm32f407xx.o(.text)
    WWDG_IRQHandler                          0x080001bf   Thumb Code     0  startup_stm32f407xx.o(.text)
    __aeabi_uldivmod                         0x080001c9   Thumb Code    98  uldiv.o(.text)
    __aeabi_memcpy                           0x0800022b   Thumb Code    36  memcpya.o(.text)
    __aeabi_memcpy4                          0x0800022b   Thumb Code     0  memcpya.o(.text)
    __aeabi_memcpy8                          0x0800022b   Thumb Code     0  memcpya.o(.text)
    __aeabi_memset                           0x0800024f   Thumb Code    14  memseta.o(.text)
    __aeabi_memset4                          0x0800024f   Thumb Code     0  memseta.o(.text)
    __aeabi_memset8                          0x0800024f   Thumb Code     0  memseta.o(.text)
    __aeabi_memclr                           0x0800025d   Thumb Code     4  memseta.o(.text)
    __aeabi_memclr4                          0x0800025d   Thumb Code     0  memseta.o(.text)
    __aeabi_memclr8                          0x0800025d   Thumb Code     0  memseta.o(.text)
    _memset$wrapper                          0x08000261   Thumb Code    18  memseta.o(.text)
    strlen                                   0x08000273   Thumb Code    14  strlen.o(.text)
    __cpp_initialize__aeabi_                 0x08000281   Thumb Code    24  cpp_init.o(.text)
    __cxa_atexit                             0x080002a1   Thumb Code    10  cxa_atexit.o(.text)
    __aeabi_dadd                             0x080002ab   Thumb Code   322  dadd.o(.text)
    __aeabi_dsub                             0x080003ed   Thumb Code     6  dadd.o(.text)
    __aeabi_drsub                            0x080003f3   Thumb Code     6  dadd.o(.text)
    __aeabi_dmul                             0x080003f9   Thumb Code   228  dmul.o(.text)
    __aeabi_ddiv                             0x080004dd   Thumb Code   222  ddiv.o(.text)
    __aeabi_dcmple                           0x080005bb   Thumb Code    54  dcmple.o(.text)
    __aeabi_dcmpge                           0x080005f1   Thumb Code    54  dcmpge.o(.text)
    __aeabi_i2d                              0x08000627   Thumb Code    34  dflti.o(.text)
    __aeabi_d2iz                             0x08000649   Thumb Code    62  dfixi.o(.text)
    __aeabi_f2d                              0x08000687   Thumb Code    38  f2d.o(.text)
    __aeabi_d2f                              0x080006ad   Thumb Code    56  d2f.o(.text)
    __aeabi_uidiv                            0x080006e5   Thumb Code     0  uidiv.o(.text)
    __aeabi_uidivmod                         0x080006e5   Thumb Code    44  uidiv.o(.text)
    __aeabi_llsl                             0x08000711   Thumb Code    30  llshl.o(.text)
    _ll_shift_l                              0x08000711   Thumb Code     0  llshl.o(.text)
    __aeabi_llsr                             0x0800072f   Thumb Code    32  llushr.o(.text)
    _ll_ushift_r                             0x0800072f   Thumb Code     0  llushr.o(.text)
    __aeabi_lasr                             0x0800074f   Thumb Code    36  llsshr.o(.text)
    _ll_sshift_r                             0x0800074f   Thumb Code     0  llsshr.o(.text)
    __I$use$fp                               0x08000773   Thumb Code     0  iusefp.o(.text)
    __aeabi_atexit                           0x08000773   Thumb Code    46  aeabi_atexit.o(.text)
    _float_round                             0x080007a1   Thumb Code    18  fepilogue.o(.text)
    _float_epilogue                          0x080007b3   Thumb Code    92  fepilogue.o(.text)
    _double_round                            0x0800080f   Thumb Code    30  depilogue.o(.text)
    _double_epilogue                         0x0800082d   Thumb Code   156  depilogue.o(.text)
    __ARM_scalbn                             0x080008c9   Thumb Code    46  dscalb.o(.text)
    scalbn                                   0x080008c9   Thumb Code     0  dscalb.o(.text)
    __aeabi_d2ulz                            0x080008f7   Thumb Code    48  dfixul.o(.text)
    __aeabi_cdrcmple                         0x08000929   Thumb Code    48  cdrcmple.o(.text)
    __scatterload                            0x08000959   Thumb Code    28  init.o(.text)
    __scatterload_rt2                        0x08000959   Thumb Code     0  init.o(.text)
    __rt_ddtor_pointer_addr                  0x0800097d   Thumb Code     4  cpp_dtor.o(.text)
    __cxa_finalize                           0x08000985   Thumb Code    66  cxa_finalize.o(.text)
    _dsqrt                                   0x080009c7   Thumb Code   162  dsqrt.o(.text)
    __rt_lib_shutdown_cpp_2                  0x08000a69   Thumb Code     2  cpp_final.o(.text)
    BusFault_Handler                         0x08000a6d   Thumb Code     4  stm32f4xx_it.o(.text.BusFault_Handler)
    CAN_Config                               0x08000a71   Thumb Code    90  can.o(.text.CAN_Config)
    CAN_Filter_Config                        0x08000acd   Thumb Code    74  can.o(.text.CAN_Filter_Config)
    CAN_ReceiveMsg                           0x08000b19   Thumb Code   150  can.o(.text.CAN_ReceiveMsg)
    CAN_SendMsg                              0x08000bb1   Thumb Code   148  can.o(.text.CAN_SendMsg)
    CopeWristPosData                         0x08000c45   Thumb Code   218  bwt61cl.o(.text.CopeWristPosData)
    DebugMon_Handler                         0x08000d21   Thumb Code     2  stm32f4xx_it.o(.text.DebugMon_Handler)
    Get_USART_Command                        0x08000d29   Thumb Code   400  usart_get.o(.text.Get_USART_Command)
    HAL_CAN_ActivateNotification             0x08000eb9   Thumb Code    82  stm32f4xx_hal_can.o(.text.HAL_CAN_ActivateNotification)
    HAL_CAN_AddTxMessage                     0x08000f0d   Thumb Code   368  stm32f4xx_hal_can.o(.text.HAL_CAN_AddTxMessage)
    HAL_CAN_ConfigFilter                     0x0800107d   Thumb Code   420  stm32f4xx_hal_can.o(.text.HAL_CAN_ConfigFilter)
    HAL_CAN_GetRxMessage                     0x08001221   Thumb Code   496  stm32f4xx_hal_can.o(.text.HAL_CAN_GetRxMessage)
    HAL_CAN_Init                             0x08001411   Thumb Code   478  stm32f4xx_hal_can.o(.text.HAL_CAN_Init)
    HAL_CAN_MspInit                          0x080015f1   Thumb Code   142  can.o(.text.HAL_CAN_MspInit)
    HAL_CAN_Start                            0x08001681   Thumb Code   138  stm32f4xx_hal_can.o(.text.HAL_CAN_Start)
    HAL_DMA_Abort_IT                         0x0800170d   Thumb Code    68  stm32f4xx_hal_dma.o(.text.HAL_DMA_Abort_IT)
    HAL_GPIO_Init                            0x08001751   Thumb Code   952  stm32f4xx_hal_gpio.o(.text.HAL_GPIO_Init)
    HAL_GetREVID                             0x08001b09   Thumb Code    14  stm32f4xx_hal.o(.text.HAL_GetREVID)
    HAL_GetTick                              0x08001b19   Thumb Code    12  stm32f4xx_hal.o(.text.HAL_GetTick)
    HAL_Init                                 0x08001b25   Thumb Code    46  stm32f4xx_hal.o(.text.HAL_Init)
    HAL_InitTick                             0x08001b55   Thumb Code   112  stm32f4xx_hal.o(.text.HAL_InitTick)
    HAL_MspInit                              0x08001bc5   Thumb Code     2  stm32f4xx_hal_msp.o(.text.HAL_MspInit)
    HAL_NVIC_EnableIRQ                       0x08001bc9   Thumb Code    20  stm32f4xx_hal_cortex.o(.text.HAL_NVIC_EnableIRQ)
    HAL_NVIC_SetPriority                     0x08001bdd   Thumb Code    50  stm32f4xx_hal_cortex.o(.text.HAL_NVIC_SetPriority)
    HAL_NVIC_SetPriorityGrouping             0x08001c11   Thumb Code    16  stm32f4xx_hal_cortex.o(.text.HAL_NVIC_SetPriorityGrouping)
    HAL_RCC_ClockConfig                      0x08001c21   Thumb Code   602  stm32f4xx_hal_rcc.o(.text.HAL_RCC_ClockConfig)
    HAL_RCC_GetHCLKFreq                      0x08001e7d   Thumb Code    12  stm32f4xx_hal_rcc.o(.text.HAL_RCC_GetHCLKFreq)
    HAL_RCC_GetPCLK1Freq                     0x08001e89   Thumb Code    34  stm32f4xx_hal_rcc.o(.text.HAL_RCC_GetPCLK1Freq)
    HAL_RCC_GetPCLK2Freq                     0x08001ead   Thumb Code    34  stm32f4xx_hal_rcc.o(.text.HAL_RCC_GetPCLK2Freq)
    HAL_RCC_GetSysClockFreq                  0x08001ed1   Thumb Code   230  stm32f4xx_hal_rcc.o(.text.HAL_RCC_GetSysClockFreq)
    HAL_RCC_OscConfig                        0x08001fb9   Thumb Code  1584  stm32f4xx_hal_rcc.o(.text.HAL_RCC_OscConfig)
    HAL_SYSTICK_CLKSourceConfig              0x080025e9   Thumb Code    52  stm32f4xx_hal_cortex.o(.text.HAL_SYSTICK_CLKSourceConfig)
    HAL_SYSTICK_Config                       0x0800261d   Thumb Code    16  stm32f4xx_hal_cortex.o(.text.HAL_SYSTICK_Config)
    HAL_UART_ErrorCallback                   0x0800262d   Thumb Code     8  stm32f4xx_hal_uart.o(.text.HAL_UART_ErrorCallback)
    HAL_UART_GetState                        0x08002635   Thumb Code    40  stm32f4xx_hal_uart.o(.text.HAL_UART_GetState)
    HAL_UART_IRQHandler                      0x0800265d   Thumb Code   508  stm32f4xx_hal_uart.o(.text.HAL_UART_IRQHandler)
    HAL_UART_Init                            0x08002859   Thumb Code   154  stm32f4xx_hal_uart.o(.text.HAL_UART_Init)
    HAL_UART_MspInit                         0x080028f5   Thumb Code   318  usart.o(.text.HAL_UART_MspInit)
    HAL_UART_Receive_IT                      0x08002a35   Thumb Code   186  stm32f4xx_hal_uart.o(.text.HAL_UART_Receive_IT)
    HAL_UART_RxCpltCallback                  0x08002af1   Thumb Code   254  usart.o(.text.HAL_UART_RxCpltCallback)
    HAL_UART_Transmit                        0x08002bf1   Thumb Code   352  stm32f4xx_hal_uart.o(.text.HAL_UART_Transmit)
    HAL_UART_TxCpltCallback                  0x08002d51   Thumb Code     8  stm32f4xx_hal_uart.o(.text.HAL_UART_TxCpltCallback)
    HardFault_Handler                        0x08002d59   Thumb Code     4  stm32f4xx_it.o(.text.HardFault_Handler)
    MX_CAN1_Init                             0x08002d5d   Thumb Code   102  can.o(.text.MX_CAN1_Init)
    MemManage_Handler                        0x08002dc5   Thumb Code     4  stm32f4xx_it.o(.text.MemManage_Handler)
    Motor_QB                                 0x08002dc9   Thumb Code    56  motioncontrol.o(.text.Motor_QB)
    Motor_W1                                 0x08002e01   Thumb Code    56  motioncontrol.o(.text.Motor_W1)
    Motor_W2                                 0x08002e39   Thumb Code    56  motioncontrol.o(.text.Motor_W2)
    NMI_Handler                              0x08002e71   Thumb Code     2  stm32f4xx_it.o(.text.NMI_Handler)
    NMT_State_Change                         0x08002e75   Thumb Code    54  nmt_control.o(.text.NMT_State_Change)
    PendSV_Handler                           0x08002f21   Thumb Code   100  port.o(.text.PendSV_Handler)
    ReceivePDO                               0x08002f85   Thumb Code   210  pdo.o(.text.ReceivePDO)
    SDO_Write                                0x08003059   Thumb Code   142  sdo.o(.text.SDO_Write)
    SVC_Handler                              0x080030f1   Thumb Code    36  port.o(.text.SVC_Handler)
    Serialport_Init                          0x08003115   Thumb Code    24  usart.o(.text.Serialport_Init)
    Stm32_Clock_Init                         0x0800312d   Thumb Code   228  sys.o(.text.Stm32_Clock_Init)
    Sync_Send                                0x08003211   Thumb Code    36  nmt_control.o(.text.Sync_Send)
    SysTick_Handler                          0x08003289   Thumb Code    20  delay.o(.text.SysTick_Handler)
    SystemInit                               0x0800329d   Thumb Code   110  system_stm32f4xx.o(.text.SystemInit)
    TransmitPDO                              0x0800330d   Thumb Code   160  pdo.o(.text.TransmitPDO)
    USART1_IRQHandler                        0x08003a51   Thumb Code   122  usart.o(.text.USART1_IRQHandler)
    USART2_IRQHandler                        0x08003acd   Thumb Code   140  usart.o(.text.USART2_IRQHandler)
    UsageFault_Handler                       0x08003b59   Thumb Code     4  stm32f4xx_it.o(.text.UsageFault_Handler)
    WristPositionControl                     0x08003b5d   Thumb Code   612  motioncontrol.o(.text.WristPositionControl)
    Wrist_task(void*)                        0x08003ded   Thumb Code   396  main.o(.text._Z10Wrist_taskPv)
    start_task(void*)                        0x08003f79   Thumb Code   160  main.o(.text._Z10start_taskPv)
    task1_task(void*)                        0x08004019   Thumb Code   296  main.o(.text._Z10task1_taskPv)
    WristPos_task(void*)                     0x08004141   Thumb Code   432  main.o(.text._Z13WristPos_taskPv)
    Epos::ClearFault()                       0x080042f1   Thumb Code    24  epos.o(.text._ZN4Epos10ClearFaultEv)
    Epos::WriteObject(unsigned short, unsigned char, unsigned int) 0x08004309   Thumb Code    58  epos.o(.text._ZN4Epos11WriteObjectEthj)
    Epos::EnableDevice()                     0x08004345   Thumb Code    38  epos.o(.text._ZN4Epos12EnableDeviceEv)
    Epos::Get_ActualPos()                    0x0800436d   Thumb Code    96  epos.o(.text._ZN4Epos13Get_ActualPosEv)
    Epos::IsHomePosition()                   0x080043cd   Thumb Code    56  epos.o(.text._ZN4Epos14IsHomePositionEv)
    Epos::MoveToPosition(unsigned char, int) 0x08004405   Thumb Code    64  epos.o(.text._ZN4Epos14MoveToPositionEhi)
    Epos::MoveToPosition(unsigned int, unsigned int, unsigned int, unsigned char, int) 0x08004445   Thumb Code   112  epos.o(.text._ZN4Epos14MoveToPositionEjjjhi)
    Epos::Set_ProfileAcc(unsigned int)       0x080044b5   Thumb Code    74  epos.o(.text._ZN4Epos14Set_ProfileAccEj)
    Epos::Set_ProfileDec(unsigned int)       0x08004501   Thumb Code    74  epos.o(.text._ZN4Epos14Set_ProfileDecEj)
    Epos::Set_ProfileVel(unsigned int)       0x0800454d   Thumb Code    70  epos.o(.text._ZN4Epos14Set_ProfileVelEj)
    Epos::WriteControlword(unsigned short)   0x08004595   Thumb Code    48  epos.o(.text._ZN4Epos16WriteControlwordEt)
    Epos::BackToHomePosition()               0x080045c5   Thumb Code    40  epos.o(.text._ZN4Epos18BackToHomePositionEv)
    Epos::Set_Operation_Mode(unsigned char)  0x080045ed   Thumb Code    72  epos.o(.text._ZN4Epos18Set_Operation_ModeEh)
    Epos::Set_TargetPosition(unsigned char, int) 0x08004635   Thumb Code    84  epos.o(.text._ZN4Epos18Set_TargetPositionEhi)
    Epos::InitPPM()                          0x08004689   Thumb Code    52  epos.o(.text._ZN4Epos7InitPPMEv)
    Epos::Epos__sub_object(unsigned char, unsigned char, int, int, unsigned int, unsigned int, unsigned int, unsigned int, unsigned char) 0x080046bd   Thumb Code    94  motioncontrol.o(.text._ZN4EposC2Ehhiijjjjh)
    FuzzyPID::GetSumGrad()                   0x0800471d   Thumb Code   416  fuzzypid.o(.text._ZN8FuzzyPID10GetSumGradEv)
    FuzzyPID::Quantization(float, float, float) 0x080048c1   Thumb Code   168  fuzzypid.o(.text._ZN8FuzzyPID12QuantizationEfff)
    FuzzyPID::FuzzyPIDcontroller(float, float, float, float, float, float, float, float, float, float, float, float, float, float) 0x08004969   Thumb Code   476  fuzzypid.o(.text._ZN8FuzzyPID18FuzzyPIDcontrollerEffffffffffffff)
    FuzzyPID::Get_grad_membership(float, float) 0x08004b45   Thumb Code   696  fuzzypid.o(.text._ZN8FuzzyPID19Get_grad_membershipEff)
    FuzzyPID::Inverse_quantization(float, float, float) 0x08004dfd   Thumb Code    68  fuzzypid.o(.text._ZN8FuzzyPID20Inverse_quantizationEfff)
    FuzzyPID::GetOUT()                       0x08004e41   Thumb Code   134  fuzzypid.o(.text._ZN8FuzzyPID6GetOUTEv)
    FuzzyPID::changeOut(double, double)      0x08004ec9   Thumb Code   240  fuzzypid.o(.text._ZN8FuzzyPID9changeOutEdd)
    FuzzyPID::FuzzyPID()                     0x08004fb9   Thumb Code  1718  fuzzypid.o(.text._ZN8FuzzyPIDC2Ev)
    FuzzyPID::FuzzyPID__sub_object()         0x08004fb9   Thumb Code  1718  fuzzypid.o(.text._ZN8FuzzyPIDC2Ev)
    FuzzyPID::~FuzzyPID()                    0x08005671   Thumb Code    10  fuzzypid.o(.text._ZN8FuzzyPIDD2Ev)
    FuzzyPID::~FuzzyPID__sub_object()        0x08005671   Thumb Code    10  fuzzypid.o(.text._ZN8FuzzyPIDD2Ev)
    delay_init                               0x08005889   Thumb Code    96  delay.o(.text.delay_init)
    delay_ms                                 0x080058e9   Thumb Code   108  delay.o(.text.delay_ms)
    delay_us                                 0x08005955   Thumb Code   138  delay.o(.text.delay_us)
    fputc                                    0x080059e1   Thumb Code    48  usart.o(.text.fputc)
    main                                     0x08005a11   Thumb Code    94  main.o(.text.main)
    printCANframe                            0x08005a71   Thumb Code   172  usart_print.o(.text.printCANframe)
    print_data_dec                           0x08005b1d   Thumb Code    70  usart_print.o(.text.print_data_dec)
    print_data_format                        0x08005b65   Thumb Code    52  usart_print.o(.text.print_data_format)
    print_data_hex                           0x08005b99   Thumb Code    56  usart_print.o(.text.print_data_hex)
    print_str                                0x08005bd1   Thumb Code    38  usart_print.o(.text.print_str)
    println_str                              0x08005bf9   Thumb Code    52  usart_print.o(.text.println_str)
    pvPortMalloc                             0x080069fd   Thumb Code   456  heap_4.o(.text.pvPortMalloc)
    pxPortInitialiseStack                    0x08006bc5   Thumb Code    94  port.o(.text.pxPortInitialiseStack)
    uart1_init                               0x08006c25   Thumb Code    68  usart.o(.text.uart1_init)
    uart2_init                               0x08006c69   Thumb Code    68  usart.o(.text.uart2_init)
    uxListRemove                             0x08006cad   Thumb Code    72  list.o(.text.uxListRemove)
    vApplicationStackOverflowHook            0x08006cf5   Thumb Code    26  tasks.o(.text.vApplicationStackOverflowHook)
    vListInitialise                          0x08006d11   Thumb Code    46  list.o(.text.vListInitialise)
    vListInitialiseItem                      0x08006d41   Thumb Code    14  list.o(.text.vListInitialiseItem)
    vListInsert                              0x08006d51   Thumb Code   106  list.o(.text.vListInsert)
    vListInsertEnd                           0x08006dbd   Thumb Code    58  list.o(.text.vListInsertEnd)
    vPortEnterCritical                       0x08006e0d   Thumb Code    86  port.o(.text.vPortEnterCritical)
    vPortExitCritical                        0x08006e65   Thumb Code    74  port.o(.text.vPortExitCritical)
    vPortFree                                0x08006eb1   Thumb Code   186  heap_4.o(.text.vPortFree)
    vPortSetupTimerInterrupt                 0x08006f6d   Thumb Code    68  port.o(.text.vPortSetupTimerInterrupt)
    vQueueAddToRegistry                      0x08006fb1   Thumb Code   182  queue.o(.text.vQueueAddToRegistry)
    vQueueWaitForMessageRestricted           0x08007069   Thumb Code   100  queue.o(.text.vQueueWaitForMessageRestricted)
    vTaskDelay                               0x080070cd   Thumb Code   110  tasks.o(.text.vTaskDelay)
    vTaskDelete                              0x0800713d   Thumb Code   340  tasks.o(.text.vTaskDelete)
    vTaskInternalSetTimeOutState             0x08007291   Thumb Code    36  tasks.o(.text.vTaskInternalSetTimeOutState)
    vTaskMissedYield                         0x080072b5   Thumb Code    14  tasks.o(.text.vTaskMissedYield)
    vTaskPlaceOnEventList                    0x080072c5   Thumb Code    66  tasks.o(.text.vTaskPlaceOnEventList)
    vTaskPlaceOnEventListRestricted          0x08007309   Thumb Code   124  tasks.o(.text.vTaskPlaceOnEventListRestricted)
    vTaskPrioritySet                         0x08007385   Thumb Code   484  tasks.o(.text.vTaskPrioritySet)
    vTaskStartScheduler                      0x08007569   Thumb Code   178  tasks.o(.text.vTaskStartScheduler)
    vTaskSuspendAll                          0x0800761d   Thumb Code    16  tasks.o(.text.vTaskSuspendAll)
    vTaskSwitchContext                       0x0800762d   Thumb Code   280  tasks.o(.text.vTaskSwitchContext)
    xPortStartScheduler                      0x08007745   Thumb Code   342  port.o(.text.xPortStartScheduler)
    xPortSysTickHandler                      0x0800789d   Thumb Code    60  port.o(.text.xPortSysTickHandler)
    xQueueGenericCreate                      0x080078d9   Thumb Code   154  queue.o(.text.xQueueGenericCreate)
    xQueueGenericReset                       0x08007975   Thumb Code   264  queue.o(.text.xQueueGenericReset)
    xQueueGenericSend                        0x08007a7d   Thumb Code   556  queue.o(.text.xQueueGenericSend)
    xQueueReceive                            0x08007ca9   Thumb Code   476  queue.o(.text.xQueueReceive)
    xTaskCheckForTimeOut                     0x08007e85   Thumb Code   210  tasks.o(.text.xTaskCheckForTimeOut)
    xTaskCreate                              0x08007f59   Thumb Code   160  tasks.o(.text.xTaskCreate)
    xTaskGetSchedulerState                   0x08007ff9   Thumb Code    56  tasks.o(.text.xTaskGetSchedulerState)
    xTaskGetTickCount                        0x08008031   Thumb Code    20  tasks.o(.text.xTaskGetTickCount)
    xTaskIncrementTick                       0x08008045   Thumb Code   608  tasks.o(.text.xTaskIncrementTick)
    xTaskPriorityDisinherit                  0x080082a5   Thumb Code   312  tasks.o(.text.xTaskPriorityDisinherit)
    xTaskRemoveFromEventList                 0x080083dd   Thumb Code   396  tasks.o(.text.xTaskRemoveFromEventList)
    xTaskResumeAll                           0x08008569   Thumb Code   546  tasks.o(.text.xTaskResumeAll)
    xTimerCreateTimerTask                    0x0800878d   Thumb Code   108  timers.o(.text.xTimerCreateTimerTask)
    __0printf                                0x080087f9   Thumb Code    22  printfa.o(i.__0printf)
    __1printf                                0x080087f9   Thumb Code     0  printfa.o(i.__0printf)
    __2printf                                0x080087f9   Thumb Code     0  printfa.o(i.__0printf)
    __c89printf                              0x080087f9   Thumb Code     0  printfa.o(i.__0printf)
    printf                                   0x080087f9   Thumb Code     0  printfa.o(i.__0printf)
    __0sprintf                               0x08008819   Thumb Code    34  printfa.o(i.__0sprintf)
    __1sprintf                               0x08008819   Thumb Code     0  printfa.o(i.__0sprintf)
    __2sprintf                               0x08008819   Thumb Code     0  printfa.o(i.__0sprintf)
    __c89sprintf                             0x08008819   Thumb Code     0  printfa.o(i.__0sprintf)
    sprintf                                  0x08008819   Thumb Code     0  printfa.o(i.__0sprintf)
    __ARM_fpclassify                         0x08008841   Thumb Code    48  fpclassify.o(i.__ARM_fpclassify)
    __hardfp_pow                             0x08008871   Thumb Code  3088  pow.o(i.__hardfp_pow)
    __kernel_poly                            0x080094d1   Thumb Code   248  poly.o(i.__kernel_poly)
    __mathlib_dbl_divzero                    0x080095c9   Thumb Code    28  dunder.o(i.__mathlib_dbl_divzero)
    __mathlib_dbl_infnan2                    0x080095f9   Thumb Code    20  dunder.o(i.__mathlib_dbl_infnan2)
    __mathlib_dbl_invalid                    0x08009611   Thumb Code    24  dunder.o(i.__mathlib_dbl_invalid)
    __mathlib_dbl_overflow                   0x08009631   Thumb Code    24  dunder.o(i.__mathlib_dbl_overflow)
    __mathlib_dbl_underflow                  0x08009651   Thumb Code    24  dunder.o(i.__mathlib_dbl_underflow)
    __scatterload_copy                       0x08009671   Thumb Code    14  handlers.o(i.__scatterload_copy)
    __scatterload_null                       0x0800967f   Thumb Code     2  handlers.o(i.__scatterload_null)
    __scatterload_zeroinit                   0x08009681   Thumb Code    14  handlers.o(i.__scatterload_zeroinit)
    __set_errno                              0x08009691   Thumb Code     6  errno.o(i.__set_errno)
    fabs                                     0x08009f59   Thumb Code    24  fabs.o(i.fabs)
    free                                     0x08009f71   Thumb Code    76  malloc.o(i.free)
    malloc                                   0x08009fc1   Thumb Code    92  malloc.o(i.malloc)
    sqrt                                     0x0800a02d   Thumb Code   110  sqrt.o(i.sqrt)
    __mathlib_zero                           0x0800a128   Data           8  qnan.o(.constdata)
    AHBPrescTable                            0x0800a130   Data          16  system_stm32f4xx.o(.rodata.AHBPrescTable)
    APBPrescTable                            0x0800a140   Data           8  system_stm32f4xx.o(.rodata.APBPrescTable)
    uxTopUsedPriority                        0x0800a434   Data           4  tasks.o(.rodata.uxTopUsedPriority)
    Region$$Table$$Base                      0x0800a438   Number         0  anon$$obj.o(Region$$Table)
    Region$$Table$$Limit                     0x0800a458   Number         0  anon$$obj.o(Region$$Table)
    SHT$$INIT_ARRAY$$Base                    0x0800a458   Number         0  main.o(.init_array)
    SHT$$INIT_ARRAY$$Limit                   0x0800a464   Number         0  cpp_init.o(.init_array)
    __stdout                                 0x20000000   Data           4  stdout.o(.data)
    __microlib_freelist                      0x2000000c   Data           4  mvars.o(.data)
    __microlib_freelist_initialised          0x20000010   Data           4  mvars.o(.data)
    RxPDO                                    0x200000a0   Data           8  pdo.o(.data.RxPDO)
    SystemCoreClock                          0x200000a8   Data           4  system_stm32f4xx.o(.data.SystemCoreClock)
    TxPDO                                    0x200000ac   Data           8  pdo.o(.data.TxPDO)
    uwTickFreq                               0x200000b4   Data           1  stm32f4xx_hal.o(.data.uwTickFreq)
    uwTickPrio                               0x200000b8   Data           4  stm32f4xx_hal.o(.data.uwTickPrio)
    CommandQueue                             0x20000130   Data           4  main.o(.bss.CommandQueue)
    Poseture_Adjustment                      0x20000134   Data         968  motioncontrol.o(.bss.Poseture_Adjustment)
    RxMessage                                0x200004fc   Data          28  can.o(.bss.RxMessage)
    StartTask_Handler                        0x20000518   Data           4  main.o(.bss.StartTask_Handler)
    Task1Task_Handler                        0x2000051c   Data           4  main.o(.bss.Task1Task_Handler)
    UART1_Handler                            0x20000520   Data          64  usart.o(.bss.UART1_Handler)
    UART2_Handler                            0x20000560   Data          64  usart.o(.bss.UART2_Handler)
    USART1_RX_BUF                            0x200005a0   Data         200  usart.o(.bss.USART1_RX_BUF)
    USART1_RX_STA                            0x20000668   Data           2  usart.o(.bss.USART1_RX_STA)
    WristPosQueue                            0x2000066c   Data           4  main.o(.bss.WristPosQueue)
    WristPosTask_Handler                     0x20000670   Data           4  main.o(.bss.WristPosTask_Handler)
    WristTask_Handler                        0x20000674   Data           4  main.o(.bss.WristTask_Handler)
    aRxBuffer                                0x20000797   Data           1  usart.o(.bss.aRxBuffer)
    bRxBuffer                                0x20000798   Data           1  usart.o(.bss.bRxBuffer)
    hcan1                                    0x200007a0   Data          40  can.o(.bss.hcan1)
    motor_QB                                 0x200007c8   Data          32  motioncontrol.o(.bss.motor_QB)
    motor_W1                                 0x200007e8   Data          32  motioncontrol.o(.bss.motor_W1)
    motor_W2                                 0x20000808   Data          32  motioncontrol.o(.bss.motor_W2)
    motor_ZB                                 0x20000828   Data          32  motioncontrol.o(.bss.motor_ZB)
    motor_test                               0x20000848   Data          32  motor_test.o(.bss.motor_test)
    pxCurrentTCB                             0x2000086c   Data           4  tasks.o(.bss.pxCurrentTCB)
    stcAcc                                   0x200008e8   Data           8  bwt61cl.o(.bss.stcAcc)
    stcAngle                                 0x200008f0   Data           8  bwt61cl.o(.bss.stcAngle)
    stcGyro                                  0x200008f8   Data           8  bwt61cl.o(.bss.stcGyro)
    uwTick                                   0x20013508   Data           4  stm32f4xx_hal.o(.bss.uwTick)
    xQueueRegistry                           0x200135a4   Data          64  queue.o(.bss.xQueueRegistry)
    __heap_base                              0x20013628   Data           0  startup_stm32f407xx.o(HEAP)
    __heap_limit                             0x20013828   Data           0  startup_stm32f407xx.o(HEAP)
    __initial_sp                             0x20013c28   Data           0  startup_stm32f407xx.o(STACK)



==============================================================================

Memory Map of the image

  Image Entry point : 0x08000189

  Load Region LR_IROM1 (Base: 0x08000000, Size: 0x0000a528, Max: 0x00100000, ABSOLUTE)

    Execution Region ER_IROM1 (Exec base: 0x08000000, Load base: 0x08000000, Size: 0x0000a464, Max: 0x00100000, ABSOLUTE)

    Exec Addr    Load Addr    Size         Type   Attr      Idx    E Section Name        Object

    0x08000000   0x08000000   0x00000188   Data   RO           83    RESET               startup_stm32f407xx.o
    0x08000188   0x08000188   0x00000000   Code   RO         1942  * .ARM.Collect$$$$00000000  mc_w.l(entry.o)
    0x08000188   0x08000188   0x00000004   Code   RO         2039    .ARM.Collect$$$$00000001  mc_w.l(entry2.o)
    0x0800018c   0x0800018c   0x00000004   Code   RO         2042    .ARM.Collect$$$$00000004  mc_w.l(entry5.o)
    0x08000190   0x08000190   0x00000000   Code   RO         2044    .ARM.Collect$$$$00000008  mc_w.l(entry7b.o)
    0x08000190   0x08000190   0x00000004   Code   RO         2045    .ARM.Collect$$$$00000009  mc_w.l(entry8a.o)
    0x08000194   0x08000194   0x00000000   Code   RO         2046    .ARM.Collect$$$$0000000A  mc_w.l(entry8b.o)
    0x08000194   0x08000194   0x00000008   Code   RO         2047    .ARM.Collect$$$$0000000B  mc_w.l(entry9a.o)
    0x0800019c   0x0800019c   0x00000000   Code   RO         2049    .ARM.Collect$$$$0000000D  mc_w.l(entry10a.o)
    0x0800019c   0x0800019c   0x00000004   Code   RO         2050    .ARM.Collect$$$$0000000E  mc_w.l(entry10b.o)
    0x080001a0   0x080001a0   0x00000000   Code   RO         2051    .ARM.Collect$$$$0000000F  mc_w.l(entry11a.o)
    0x080001a0   0x080001a0   0x00000004   Code   RO         2040    .ARM.Collect$$$$00002712  mc_w.l(entry2.o)
    0x080001a4   0x080001a4   0x00000024   Code   RO           84    .text               startup_stm32f407xx.o
    0x080001c8   0x080001c8   0x00000062   Code   RO         1945    .text               mc_w.l(uldiv.o)
    0x0800022a   0x0800022a   0x00000024   Code   RO         1947    .text               mc_w.l(memcpya.o)
    0x0800024e   0x0800024e   0x00000024   Code   RO         1949    .text               mc_w.l(memseta.o)
    0x08000272   0x08000272   0x0000000e   Code   RO         1951    .text               mc_w.l(strlen.o)
    0x08000280   0x08000280   0x00000020   Code   RO         1986    .text               mc_w.l(cpp_init.o)
    0x080002a0   0x080002a0   0x0000000a   Code   RO         1988    .text               mc_w.l(cxa_atexit.o)
    0x080002aa   0x080002aa   0x0000014e   Code   RO         1990    .text               mf_w.l(dadd.o)
    0x080003f8   0x080003f8   0x000000e4   Code   RO         1992    .text               mf_w.l(dmul.o)
    0x080004dc   0x080004dc   0x000000de   Code   RO         1994    .text               mf_w.l(ddiv.o)
    0x080005ba   0x080005ba   0x00000036   Code   RO         1996    .text               mf_w.l(dcmple.o)
    0x080005f0   0x080005f0   0x00000036   Code   RO         1998    .text               mf_w.l(dcmpge.o)
    0x08000626   0x08000626   0x00000022   Code   RO         2000    .text               mf_w.l(dflti.o)
    0x08000648   0x08000648   0x0000003e   Code   RO         2002    .text               mf_w.l(dfixi.o)
    0x08000686   0x08000686   0x00000026   Code   RO         2004    .text               mf_w.l(f2d.o)
    0x080006ac   0x080006ac   0x00000038   Code   RO         2006    .text               mf_w.l(d2f.o)
    0x080006e4   0x080006e4   0x0000002c   Code   RO         2063    .text               mc_w.l(uidiv.o)
    0x08000710   0x08000710   0x0000001e   Code   RO         2065    .text               mc_w.l(llshl.o)
    0x0800072e   0x0800072e   0x00000020   Code   RO         2067    .text               mc_w.l(llushr.o)
    0x0800074e   0x0800074e   0x00000024   Code   RO         2069    .text               mc_w.l(llsshr.o)
    0x08000772   0x08000772   0x00000000   Code   RO         2078    .text               mc_w.l(iusefp.o)
    0x08000772   0x08000772   0x0000002e   Code   RO         2079    .text               mc_w.l(aeabi_atexit.o)
    0x080007a0   0x080007a0   0x0000006e   Code   RO         2085    .text               mf_w.l(fepilogue.o)
    0x0800080e   0x0800080e   0x000000ba   Code   RO         2087    .text               mf_w.l(depilogue.o)
    0x080008c8   0x080008c8   0x0000002e   Code   RO         2091    .text               mf_w.l(dscalb.o)
    0x080008f6   0x080008f6   0x00000030   Code   RO         2093    .text               mf_w.l(dfixul.o)
    0x08000926   0x08000926   0x00000002   PAD
    0x08000928   0x08000928   0x00000030   Code   RO         2095    .text               mf_w.l(cdrcmple.o)
    0x08000958   0x08000958   0x00000024   Code   RO         2097    .text               mc_w.l(init.o)
    0x0800097c   0x0800097c   0x00000008   Code   RO         2127    .text               mc_w.l(cpp_dtor.o)
    0x08000984   0x08000984   0x00000042   Code   RO         2130    .text               mc_w.l(cxa_finalize.o)
    0x080009c6   0x080009c6   0x000000a2   Code   RO         2132    .text               mf_w.l(dsqrt.o)
    0x08000a68   0x08000a68   0x00000002   Code   RO         2136    .text               mc_w.l(cpp_final.o)
    0x08000a6a   0x08000a6a   0x00000002   PAD
    0x08000a6c   0x08000a6c   0x00000004   Code   RO           44    .text.BusFault_Handler  stm32f4xx_it.o
    0x08000a70   0x08000a70   0x0000005a   Code   RO         1195    .text.CAN_Config    can.o
    0x08000aca   0x08000aca   0x00000002   PAD
    0x08000acc   0x08000acc   0x0000004a   Code   RO         1193    .text.CAN_Filter_Config  can.o
    0x08000b16   0x08000b16   0x00000002   PAD
    0x08000b18   0x08000b18   0x00000096   Code   RO         1199    .text.CAN_ReceiveMsg  can.o
    0x08000bae   0x08000bae   0x00000002   PAD
    0x08000bb0   0x08000bb0   0x00000094   Code   RO         1197    .text.CAN_SendMsg   can.o
    0x08000c44   0x08000c44   0x000000da   Code   RO         1917    .text.CopeWristPosData  bwt61cl.o
    0x08000d1e   0x08000d1e   0x00000002   PAD
    0x08000d20   0x08000d20   0x00000002   Code   RO           48    .text.DebugMon_Handler  stm32f4xx_it.o
    0x08000d22   0x08000d22   0x00000006   PAD
    0x08000d28   0x08000d28   0x00000190   Code   RO         1246    .text.Get_USART_Command  usart_get.o
    0x08000eb8   0x08000eb8   0x00000052   Code   RO          662    .text.HAL_CAN_ActivateNotification  stm32f4xx_hal_can.o
    0x08000f0a   0x08000f0a   0x00000002   PAD
    0x08000f0c   0x08000f0c   0x00000170   Code   RO          648    .text.HAL_CAN_AddTxMessage  stm32f4xx_hal_can.o
    0x0800107c   0x0800107c   0x000001a4   Code   RO          638    .text.HAL_CAN_ConfigFilter  stm32f4xx_hal_can.o
    0x08001220   0x08001220   0x000001f0   Code   RO          658    .text.HAL_CAN_GetRxMessage  stm32f4xx_hal_can.o
    0x08001410   0x08001410   0x000001de   Code   RO          628    .text.HAL_CAN_Init  stm32f4xx_hal_can.o
    0x080015ee   0x080015ee   0x00000002   PAD
    0x080015f0   0x080015f0   0x0000008e   Code   RO         1191    .text.HAL_CAN_MspInit  can.o
    0x0800167e   0x0800167e   0x00000002   PAD
    0x08001680   0x08001680   0x0000008a   Code   RO          640    .text.HAL_CAN_Start  stm32f4xx_hal_can.o
    0x0800170a   0x0800170a   0x00000002   PAD
    0x0800170c   0x0800170c   0x00000044   Code   RO          591    .text.HAL_DMA_Abort_IT  stm32f4xx_hal_dma.o
    0x08001750   0x08001750   0x000003b8   Code   RO          226    .text.HAL_GPIO_Init  stm32f4xx_hal_gpio.o
    0x08001b08   0x08001b08   0x0000000e   Code   RO          119    .text.HAL_GetREVID  stm32f4xx_hal.o
    0x08001b16   0x08001b16   0x00000002   PAD
    0x08001b18   0x08001b18   0x0000000c   Code   RO          103    .text.HAL_GetTick   stm32f4xx_hal.o
    0x08001b24   0x08001b24   0x0000002e   Code   RO           91    .text.HAL_Init      stm32f4xx_hal.o
    0x08001b52   0x08001b52   0x00000002   PAD
    0x08001b54   0x08001b54   0x00000070   Code   RO           93    .text.HAL_InitTick  stm32f4xx_hal.o
    0x08001bc4   0x08001bc4   0x00000002   Code   RO           71    .text.HAL_MspInit   stm32f4xx_hal_msp.o
    0x08001bc6   0x08001bc6   0x00000002   PAD
    0x08001bc8   0x08001bc8   0x00000014   Code   RO          167    .text.HAL_NVIC_EnableIRQ  stm32f4xx_hal_cortex.o
    0x08001bdc   0x08001bdc   0x00000032   Code   RO          159    .text.HAL_NVIC_SetPriority  stm32f4xx_hal_cortex.o
    0x08001c0e   0x08001c0e   0x00000002   PAD
    0x08001c10   0x08001c10   0x00000010   Code   RO          155    .text.HAL_NVIC_SetPriorityGrouping  stm32f4xx_hal_cortex.o
    0x08001c20   0x08001c20   0x0000025a   Code   RO          313    .text.HAL_RCC_ClockConfig  stm32f4xx_hal_rcc.o
    0x08001e7a   0x08001e7a   0x00000002   PAD
    0x08001e7c   0x08001e7c   0x0000000c   Code   RO          323    .text.HAL_RCC_GetHCLKFreq  stm32f4xx_hal_rcc.o
    0x08001e88   0x08001e88   0x00000022   Code   RO          325    .text.HAL_RCC_GetPCLK1Freq  stm32f4xx_hal_rcc.o
    0x08001eaa   0x08001eaa   0x00000002   PAD
    0x08001eac   0x08001eac   0x00000022   Code   RO          327    .text.HAL_RCC_GetPCLK2Freq  stm32f4xx_hal_rcc.o
    0x08001ece   0x08001ece   0x00000002   PAD
    0x08001ed0   0x08001ed0   0x000000e6   Code   RO          315    .text.HAL_RCC_GetSysClockFreq  stm32f4xx_hal_rcc.o
    0x08001fb6   0x08001fb6   0x00000002   PAD
    0x08001fb8   0x08001fb8   0x00000630   Code   RO          311    .text.HAL_RCC_OscConfig  stm32f4xx_hal_rcc.o
    0x080025e8   0x080025e8   0x00000034   Code   RO          213    .text.HAL_SYSTICK_CLKSourceConfig  stm32f4xx_hal_cortex.o
    0x0800261c   0x0800261c   0x00000010   Code   RO          179    .text.HAL_SYSTICK_Config  stm32f4xx_hal_cortex.o
    0x0800262c   0x0800262c   0x00000008   Code   RO          445    .text.HAL_UART_ErrorCallback  stm32f4xx_hal_uart.o
    0x08002634   0x08002634   0x00000028   Code   RO          469    .text.HAL_UART_GetState  stm32f4xx_hal_uart.o
    0x0800265c   0x0800265c   0x000001fc   Code   RO          439    .text.HAL_UART_IRQHandler  stm32f4xx_hal_uart.o
    0x08002858   0x08002858   0x0000009a   Code   RO          363    .text.HAL_UART_Init  stm32f4xx_hal_uart.o
    0x080028f2   0x080028f2   0x00000002   PAD
    0x080028f4   0x080028f4   0x0000013e   Code   RO         1163    .text.HAL_UART_MspInit  usart.o
    0x08002a32   0x08002a32   0x00000002   PAD
    0x08002a34   0x08002a34   0x000000ba   Code   RO          387    .text.HAL_UART_Receive_IT  stm32f4xx_hal_uart.o
    0x08002aee   0x08002aee   0x00000002   PAD
    0x08002af0   0x08002af0   0x000000fe   Code   RO         1165    .text.HAL_UART_RxCpltCallback  usart.o
    0x08002bee   0x08002bee   0x00000002   PAD
    0x08002bf0   0x08002bf0   0x00000160   Code   RO          379    .text.HAL_UART_Transmit  stm32f4xx_hal_uart.o
    0x08002d50   0x08002d50   0x00000008   Code   RO          451    .text.HAL_UART_TxCpltCallback  stm32f4xx_hal_uart.o
    0x08002d58   0x08002d58   0x00000004   Code   RO           40    .text.HardFault_Handler  stm32f4xx_it.o
    0x08002d5c   0x08002d5c   0x00000066   Code   RO         1189    .text.MX_CAN1_Init  can.o
    0x08002dc2   0x08002dc2   0x00000002   PAD
    0x08002dc4   0x08002dc4   0x00000004   Code   RO           42    .text.MemManage_Handler  stm32f4xx_it.o
    0x08002dc8   0x08002dc8   0x00000038   Code   RO         1373    .text.Motor_QB      motioncontrol.o
    0x08002e00   0x08002e00   0x00000038   Code   RO         1369    .text.Motor_W1      motioncontrol.o
    0x08002e38   0x08002e38   0x00000038   Code   RO         1371    .text.Motor_W2      motioncontrol.o
    0x08002e70   0x08002e70   0x00000002   Code   RO           38    .text.NMI_Handler   stm32f4xx_it.o
    0x08002e72   0x08002e72   0x00000002   PAD
    0x08002e74   0x08002e74   0x00000036   Code   RO         1211    .text.NMT_State_Change  nmt_control.o
    0x08002eaa   0x08002eaa   0x00000002   PAD
    0x08002eac   0x08002eac   0x0000006c   Code   RO          165    .text.NVIC_EncodePriority  stm32f4xx_hal_cortex.o
    0x08002f18   0x08002f18   0x00000008   PAD
    0x08002f20   0x08002f20   0x00000064   Code   RO         1901    .text.PendSV_Handler  port.o
    0x08002f84   0x08002f84   0x000000d2   Code   RO         1224    .text.ReceivePDO    pdo.o
    0x08003056   0x08003056   0x00000002   PAD
    0x08003058   0x08003058   0x0000008e   Code   RO         1235    .text.SDO_Write     sdo.o
    0x080030e6   0x080030e6   0x0000000a   PAD
    0x080030f0   0x080030f0   0x00000024   Code   RO         1885    .text.SVC_Handler   port.o
    0x08003114   0x08003114   0x00000018   Code   RO         1173    .text.Serialport_Init  usart.o
    0x0800312c   0x0800312c   0x000000e4   Code   RO         1151    .text.Stm32_Clock_Init  sys.o
    0x08003210   0x08003210   0x00000024   Code   RO         1213    .text.Sync_Send     nmt_control.o
    0x08003234   0x08003234   0x00000052   Code   RO          181    .text.SysTick_Config  stm32f4xx_hal_cortex.o
    0x08003286   0x08003286   0x00000002   PAD
    0x08003288   0x08003288   0x00000014   Code   RO         1134    .text.SysTick_Handler  delay.o
    0x0800329c   0x0800329c   0x0000006e   Code   RO           57    .text.SystemInit    system_stm32f4xx.o
    0x0800330a   0x0800330a   0x00000002   PAD
    0x0800330c   0x0800330c   0x000000a0   Code   RO         1222    .text.TransmitPDO   pdo.o
    0x080033ac   0x080033ac   0x00000020   Code   RO          443    .text.UART_DMAAbortOnError  stm32f4xx_hal_uart.o
    0x080033cc   0x080033cc   0x00000028   Code   RO          411    .text.UART_EndRxTransfer  stm32f4xx_hal_uart.o
    0x080033f4   0x080033f4   0x00000026   Code   RO          449    .text.UART_EndTransmit_IT  stm32f4xx_hal_uart.o
    0x0800341a   0x0800341a   0x00000002   PAD
    0x0800341c   0x0800341c   0x000000ee   Code   RO          441    .text.UART_Receive_IT  stm32f4xx_hal_uart.o
    0x0800350a   0x0800350a   0x00000002   PAD
    0x0800350c   0x0800350c   0x00000408   Code   RO          367    .text.UART_SetConfig  stm32f4xx_hal_uart.o
    0x08003914   0x08003914   0x000000a0   Code   RO          447    .text.UART_Transmit_IT  stm32f4xx_hal_uart.o
    0x080039b4   0x080039b4   0x0000009c   Code   RO          381    .text.UART_WaitOnFlagUntilTimeout  stm32f4xx_hal_uart.o
    0x08003a50   0x08003a50   0x0000007a   Code   RO         1167    .text.USART1_IRQHandler  usart.o
    0x08003aca   0x08003aca   0x00000002   PAD
    0x08003acc   0x08003acc   0x0000008c   Code   RO         1171    .text.USART2_IRQHandler  usart.o
    0x08003b58   0x08003b58   0x00000004   Code   RO           46    .text.UsageFault_Handler  stm32f4xx_it.o
    0x08003b5c   0x08003b5c   0x00000264   Code   RO         1375    .text.WristPositionControl  motioncontrol.o
    0x08003dc0   0x08003dc0   0x0000000c   Code   RO           18    .text._GLOBAL__sub_I_main.c  main.o
    0x08003dcc   0x08003dcc   0x00000018   Code   RO         1377    .text._GLOBAL__sub_I_motioncontrol.cpp  motioncontrol.o
    0x08003de4   0x08003de4   0x00000008   Code   RO         1401    .text._GLOBAL__sub_I_motor_test.cpp  motor_test.o
    0x08003dec   0x08003dec   0x0000018c   Code   RO           12    .text._Z10Wrist_taskPv  main.o
    0x08003f78   0x08003f78   0x000000a0   Code   RO            8    .text._Z10start_taskPv  main.o
    0x08004018   0x08004018   0x00000128   Code   RO           10    .text._Z10task1_taskPv  main.o
    0x08004140   0x08004140   0x000001b0   Code   RO           14    .text._Z13WristPos_taskPv  main.o
    0x080042f0   0x080042f0   0x00000018   Code   RO         1321    .text._ZN4Epos10ClearFaultEv  epos.o
    0x08004308   0x08004308   0x0000003a   Code   RO         1335    .text._ZN4Epos11WriteObjectEthj  epos.o
    0x08004342   0x08004342   0x00000002   PAD
    0x08004344   0x08004344   0x00000026   Code   RO         1325    .text._ZN4Epos12EnableDeviceEv  epos.o
    0x0800436a   0x0800436a   0x00000002   PAD
    0x0800436c   0x0800436c   0x00000060   Code   RO         1311    .text._ZN4Epos13Get_ActualPosEv  epos.o
    0x080043cc   0x080043cc   0x00000038   Code   RO         1315    .text._ZN4Epos14IsHomePositionEv  epos.o
    0x08004404   0x08004404   0x00000040   Code   RO         1329    .text._ZN4Epos14MoveToPositionEhi  epos.o
    0x08004444   0x08004444   0x00000070   Code   RO         1319    .text._ZN4Epos14MoveToPositionEjjjhi  epos.o
    0x080044b4   0x080044b4   0x0000004a   Code   RO         1303    .text._ZN4Epos14Set_ProfileAccEj  epos.o
    0x080044fe   0x080044fe   0x00000002   PAD
    0x08004500   0x08004500   0x0000004a   Code   RO         1305    .text._ZN4Epos14Set_ProfileDecEj  epos.o
    0x0800454a   0x0800454a   0x00000002   PAD
    0x0800454c   0x0800454c   0x00000046   Code   RO         1301    .text._ZN4Epos14Set_ProfileVelEj  epos.o
    0x08004592   0x08004592   0x00000002   PAD
    0x08004594   0x08004594   0x00000030   Code   RO         1327    .text._ZN4Epos16WriteControlwordEt  epos.o
    0x080045c4   0x080045c4   0x00000028   Code   RO         1317    .text._ZN4Epos18BackToHomePositionEv  epos.o
    0x080045ec   0x080045ec   0x00000048   Code   RO         1293    .text._ZN4Epos18Set_Operation_ModeEh  epos.o
    0x08004634   0x08004634   0x00000054   Code   RO         1295    .text._ZN4Epos18Set_TargetPositionEhi  epos.o
    0x08004688   0x08004688   0x00000034   Code   RO         1323    .text._ZN4Epos7InitPPMEv  epos.o
    0x080046bc   0x080046bc   0x0000005e   Code   RO         1394    .text._ZN4EposC2Ehhiijjjjh  motioncontrol.o
    0x0800471a   0x0800471a   0x00000002   PAD
    0x0800471c   0x0800471c   0x000001a0   Code   RO         1420    .text._ZN8FuzzyPID10GetSumGradEv  fuzzypid.o
    0x080048bc   0x080048bc   0x00000004   PAD
    0x080048c0   0x080048c0   0x000000a8   Code   RO         1428    .text._ZN8FuzzyPID12QuantizationEfff  fuzzypid.o
    0x08004968   0x08004968   0x000001dc   Code   RO         1426    .text._ZN8FuzzyPID18FuzzyPIDcontrollerEffffffffffffff  fuzzypid.o
    0x08004b44   0x08004b44   0x000002b8   Code   RO         1418    .text._ZN8FuzzyPID19Get_grad_membershipEff  fuzzypid.o
    0x08004dfc   0x08004dfc   0x00000044   Code   RO         1430    .text._ZN8FuzzyPID20Inverse_quantizationEfff  fuzzypid.o
    0x08004e40   0x08004e40   0x00000086   Code   RO         1422    .text._ZN8FuzzyPID6GetOUTEv  fuzzypid.o
    0x08004ec6   0x08004ec6   0x00000002   PAD
    0x08004ec8   0x08004ec8   0x000000f0   Code   RO         1424    .text._ZN8FuzzyPID9changeOutEdd  fuzzypid.o
    0x08004fb8   0x08004fb8   0x000006b6   Code   RO         1414    .text._ZN8FuzzyPIDC2Ev  fuzzypid.o
    0x0800566e   0x0800566e   0x00000002   PAD
    0x08005670   0x08005670   0x0000000a   Code   RO         1416    .text._ZN8FuzzyPIDD2Ev  fuzzypid.o
    0x0800567a   0x0800567a   0x00000002   PAD
    0x0800567c   0x0800567c   0x00000030   Code   RO          169    .text.__NVIC_EnableIRQ  stm32f4xx_hal_cortex.o
    0x080056ac   0x080056ac   0x00000010   Code   RO          161    .text.__NVIC_GetPriorityGrouping  stm32f4xx_hal_cortex.o
    0x080056bc   0x080056bc   0x00000042   Code   RO          163    .text.__NVIC_SetPriority  stm32f4xx_hal_cortex.o
    0x080056fe   0x080056fe   0x00000002   PAD
    0x08005700   0x08005700   0x0000003c   Code   RO          157    .text.__NVIC_SetPriorityGrouping  stm32f4xx_hal_cortex.o
    0x0800573c   0x0800573c   0x00000018   Code   RO            2    .text.__cxx_global_var_init  main.o
    0x08005754   0x08005754   0x00000030   Code   RO         1347    .text.__cxx_global_var_init  motioncontrol.o
    0x08005784   0x08005784   0x00000030   Code   RO         1397    .text.__cxx_global_var_init  motor_test.o
    0x080057b4   0x080057b4   0x00000018   Code   RO            4    .text.__cxx_global_var_init.1  main.o
    0x080057cc   0x080057cc   0x00000030   Code   RO         1349    .text.__cxx_global_var_init.1  motioncontrol.o
    0x080057fc   0x080057fc   0x00000030   Code   RO         1351    .text.__cxx_global_var_init.2  motioncontrol.o
    0x0800582c   0x0800582c   0x00000030   Code   RO         1353    .text.__cxx_global_var_init.3  motioncontrol.o
    0x0800585c   0x0800585c   0x0000002c   Code   RO         1355    .text.__cxx_global_var_init.4  motioncontrol.o
    0x08005888   0x08005888   0x00000060   Code   RO         1136    .text.delay_init    delay.o
    0x080058e8   0x080058e8   0x0000006c   Code   RO         1140    .text.delay_ms      delay.o
    0x08005954   0x08005954   0x0000008a   Code   RO         1138    .text.delay_us      delay.o
    0x080059de   0x080059de   0x00000002   PAD
    0x080059e0   0x080059e0   0x00000030   Code   RO         1159    .text.fputc         usart.o
    0x08005a10   0x08005a10   0x0000005e   Code   RO            6    .text.main          main.o
    0x08005a6e   0x08005a6e   0x00000002   PAD
    0x08005a70   0x08005a70   0x000000ac   Code   RO         1272    .text.printCANframe  usart_print.o
    0x08005b1c   0x08005b1c   0x00000046   Code   RO         1262    .text.print_data_dec  usart_print.o
    0x08005b62   0x08005b62   0x00000002   PAD
    0x08005b64   0x08005b64   0x00000034   Code   RO         1264    .text.print_data_format  usart_print.o
    0x08005b98   0x08005b98   0x00000038   Code   RO         1260    .text.print_data_hex  usart_print.o
    0x08005bd0   0x08005bd0   0x00000026   Code   RO         1258    .text.print_str     usart_print.o
    0x08005bf6   0x08005bf6   0x00000002   PAD
    0x08005bf8   0x08005bf8   0x00000034   Code   RO         1266    .text.println_str   usart_print.o
    0x08005c2c   0x08005c2c   0x0000011a   Code   RO         1646    .text.prvAddCurrentTaskToDelayedList  tasks.o
    0x08005d46   0x08005d46   0x00000002   PAD
    0x08005d48   0x08005d48   0x00000154   Code   RO         1634    .text.prvAddNewTaskToReadyList  tasks.o
    0x08005e9c   0x08005e9c   0x0000008c   Code   RO         1784    .text.prvCheckForValidListAndQueue  timers.o
    0x08005f28   0x08005f28   0x0000005a   Code   RO         1750    .text.prvCheckTasksWaitingTermination  tasks.o
    0x08005f82   0x08005f82   0x00000002   PAD
    0x08005f84   0x08005f84   0x00000042   Code   RO         1529    .text.prvCopyDataFromQueue  queue.o
    0x08005fc6   0x08005fc6   0x00000002   PAD
    0x08005fc8   0x08005fc8   0x000000cc   Code   RO         1517    .text.prvCopyDataToQueue  queue.o
    0x08006094   0x08006094   0x00000018   Code   RO         1640    .text.prvDeleteTCB  tasks.o
    0x080060ac   0x080060ac   0x00000040   Code   RO         1818    .text.prvGetNextExpireTime  timers.o
    0x080060ec   0x080060ec   0x000000ae   Code   RO         1851    .text.prvHeapInit   heap_4.o
    0x0800619a   0x0800619a   0x00000002   PAD
    0x0800619c   0x0800619c   0x00000038   Code   RO         1672    .text.prvIdleTask   tasks.o
    0x080061d4   0x080061d4   0x00000048   Code   RO         1501    .text.prvInitialiseNewQueue  queue.o
    0x0800621c   0x0800621c   0x00000124   Code   RO         1632    .text.prvInitialiseNewTask  tasks.o
    0x08006340   0x08006340   0x0000008e   Code   RO         1748    .text.prvInitialiseTaskLists  tasks.o
    0x080063ce   0x080063ce   0x00000002   PAD
    0x080063d0   0x080063d0   0x000000c6   Code   RO         1853    .text.prvInsertBlockIntoFreeList  heap_4.o
    0x08006496   0x08006496   0x00000002   PAD
    0x08006498   0x08006498   0x00000086   Code   RO         1832    .text.prvInsertTimerInActiveList  timers.o
    0x0800651e   0x0800651e   0x00000002   PAD
    0x08006520   0x08006520   0x00000028   Code   RO         1531    .text.prvIsQueueEmpty  queue.o
    0x08006548   0x08006548   0x0000002e   Code   RO         1519    .text.prvIsQueueFull  queue.o
    0x08006576   0x08006576   0x00000002   PAD
    0x08006578   0x08006578   0x00000028   Code   RO         1893    .text.prvPortStartFirstTask  port.o
    0x080065a0   0x080065a0   0x00000054   Code   RO         1826    .text.prvProcessExpiredTimer  timers.o
    0x080065f4   0x080065f4   0x00000146   Code   RO         1822    .text.prvProcessReceivedCommands  timers.o
    0x0800673a   0x0800673a   0x00000002   PAD
    0x0800673c   0x0800673c   0x0000009a   Code   RO         1820    .text.prvProcessTimerOrBlockTask  timers.o
    0x080067d6   0x080067d6   0x00000002   PAD
    0x080067d8   0x080067d8   0x00000034   Code   RO         1830    .text.prvReloadTimer  timers.o
    0x0800680c   0x0800680c   0x0000003c   Code   RO         1638    .text.prvResetNextTaskUnblockTime  tasks.o
    0x08006848   0x08006848   0x00000044   Code   RO         1824    .text.prvSampleTimeNow  timers.o
    0x0800688c   0x0800688c   0x00000052   Code   RO         1828    .text.prvSwitchTimerLists  timers.o
    0x080068de   0x080068de   0x00000002   PAD
    0x080068e0   0x080068e0   0x0000004c   Code   RO         1883    .text.prvTaskExitError  port.o
    0x0800692c   0x0800692c   0x0000001e   Code   RO         1786    .text.prvTimerTask  timers.o
    0x0800694a   0x0800694a   0x00000002   PAD
    0x0800694c   0x0800694c   0x000000ae   Code   RO         1521    .text.prvUnlockQueue  queue.o
    0x080069fa   0x080069fa   0x00000002   PAD
    0x080069fc   0x080069fc   0x000001c8   Code   RO         1849    .text.pvPortMalloc  heap_4.o
    0x08006bc4   0x08006bc4   0x0000005e   Code   RO         1881    .text.pxPortInitialiseStack  port.o
    0x08006c22   0x08006c22   0x00000002   PAD
    0x08006c24   0x08006c24   0x00000044   Code   RO         1161    .text.uart1_init    usart.o
    0x08006c68   0x08006c68   0x00000044   Code   RO         1169    .text.uart2_init    usart.o
    0x08006cac   0x08006cac   0x00000048   Code   RO         1488    .text.uxListRemove  list.o
    0x08006cf4   0x08006cf4   0x0000001a   Code   RO         1692    .text.vApplicationStackOverflowHook  tasks.o
    0x08006d0e   0x08006d0e   0x00000002   PAD
    0x08006d10   0x08006d10   0x0000002e   Code   RO         1480    .text.vListInitialise  list.o
    0x08006d3e   0x08006d3e   0x00000002   PAD
    0x08006d40   0x08006d40   0x0000000e   Code   RO         1482    .text.vListInitialiseItem  list.o
    0x08006d4e   0x08006d4e   0x00000002   PAD
    0x08006d50   0x08006d50   0x0000006a   Code   RO         1486    .text.vListInsert   list.o
    0x08006dba   0x08006dba   0x00000002   PAD
    0x08006dbc   0x08006dbc   0x0000003a   Code   RO         1484    .text.vListInsertEnd  list.o
    0x08006df6   0x08006df6   0x00000002   PAD
    0x08006df8   0x08006df8   0x00000014   Code   RO         1891    .text.vPortEnableVFP  port.o
    0x08006e0c   0x08006e0c   0x00000056   Code   RO         1897    .text.vPortEnterCritical  port.o
    0x08006e62   0x08006e62   0x00000002   PAD
    0x08006e64   0x08006e64   0x0000004a   Code   RO         1899    .text.vPortExitCritical  port.o
    0x08006eae   0x08006eae   0x00000002   PAD
    0x08006eb0   0x08006eb0   0x000000ba   Code   RO         1855    .text.vPortFree     heap_4.o
    0x08006f6a   0x08006f6a   0x00000002   PAD
    0x08006f6c   0x08006f6c   0x00000044   Code   RO         1889    .text.vPortSetupTimerInterrupt  port.o
    0x08006fb0   0x08006fb0   0x000000b6   Code   RO         1561    .text.vQueueAddToRegistry  queue.o
    0x08007066   0x08007066   0x00000002   PAD
    0x08007068   0x08007068   0x00000064   Code   RO         1565    .text.vQueueWaitForMessageRestricted  queue.o
    0x080070cc   0x080070cc   0x0000006e   Code   RO         1650    .text.vTaskDelay    tasks.o
    0x0800713a   0x0800713a   0x00000002   PAD
    0x0800713c   0x0800713c   0x00000154   Code   RO         1636    .text.vTaskDelete   tasks.o
    0x08007290   0x08007290   0x00000024   Code   RO         1706    .text.vTaskInternalSetTimeOutState  tasks.o
    0x080072b4   0x080072b4   0x0000000e   Code   RO         1710    .text.vTaskMissedYield  tasks.o
    0x080072c2   0x080072c2   0x00000002   PAD
    0x080072c4   0x080072c4   0x00000042   Code   RO         1694    .text.vTaskPlaceOnEventList  tasks.o
    0x08007306   0x08007306   0x00000002   PAD
    0x08007308   0x08007308   0x0000007c   Code   RO         1698    .text.vTaskPlaceOnEventListRestricted  tasks.o
    0x08007384   0x08007384   0x000001e4   Code   RO         1658    .text.vTaskPrioritySet  tasks.o
    0x08007568   0x08007568   0x000000b2   Code   RO         1670    .text.vTaskStartScheduler  tasks.o
    0x0800761a   0x0800761a   0x00000002   PAD
    0x0800761c   0x0800761c   0x00000010   Code   RO         1644    .text.vTaskSuspendAll  tasks.o
    0x0800762c   0x0800762c   0x00000118   Code   RO         1662    .text.vTaskSwitchContext  tasks.o
    0x08007744   0x08007744   0x00000156   Code   RO         1887    .text.xPortStartScheduler  port.o
    0x0800789a   0x0800789a   0x00000002   PAD
    0x0800789c   0x0800789c   0x0000003c   Code   RO         1903    .text.xPortSysTickHandler  port.o
    0x080078d8   0x080078d8   0x0000009a   Code   RO         1499    .text.xQueueGenericCreate  queue.o
    0x08007972   0x08007972   0x00000002   PAD
    0x08007974   0x08007974   0x00000108   Code   RO         1497    .text.xQueueGenericReset  queue.o
    0x08007a7c   0x08007a7c   0x0000022c   Code   RO         1509    .text.xQueueGenericSend  queue.o
    0x08007ca8   0x08007ca8   0x000001dc   Code   RO         1527    .text.xQueueReceive  queue.o
    0x08007e84   0x08007e84   0x000000d2   Code   RO         1708    .text.xTaskCheckForTimeOut  tasks.o
    0x08007f56   0x08007f56   0x00000002   PAD
    0x08007f58   0x08007f58   0x000000a0   Code   RO         1630    .text.xTaskCreate   tasks.o
    0x08007ff8   0x08007ff8   0x00000038   Code   RO         1722    .text.xTaskGetSchedulerState  tasks.o
    0x08008030   0x08008030   0x00000014   Code   RO         1678    .text.xTaskGetTickCount  tasks.o
    0x08008044   0x08008044   0x00000260   Code   RO         1676    .text.xTaskIncrementTick  tasks.o
    0x080082a4   0x080082a4   0x00000138   Code   RO         1726    .text.xTaskPriorityDisinherit  tasks.o
    0x080083dc   0x080083dc   0x0000018c   Code   RO         1700    .text.xTaskRemoveFromEventList  tasks.o
    0x08008568   0x08008568   0x00000222   Code   RO         1648    .text.xTaskResumeAll  tasks.o
    0x0800878a   0x0800878a   0x00000002   PAD
    0x0800878c   0x0800878c   0x0000006c   Code   RO         1782    .text.xTimerCreateTimerTask  timers.o
    0x080087f8   0x080087f8   0x00000020   Code   RO         1956    i.__0printf         mc_w.l(printfa.o)
    0x08008818   0x08008818   0x00000028   Code   RO         1958    i.__0sprintf        mc_w.l(printfa.o)
    0x08008840   0x08008840   0x00000030   Code   RO         2028    i.__ARM_fpclassify  m_wm.l(fpclassify.o)
    0x08008870   0x08008870   0x00000c60   Code   RO         1935    i.__hardfp_pow      m_wm.l(pow.o)
    0x080094d0   0x080094d0   0x000000f8   Code   RO         2030    i.__kernel_poly     m_wm.l(poly.o)
    0x080095c8   0x080095c8   0x00000030   Code   RO         2008    i.__mathlib_dbl_divzero  m_wm.l(dunder.o)
    0x080095f8   0x080095f8   0x00000014   Code   RO         2010    i.__mathlib_dbl_infnan2  m_wm.l(dunder.o)
    0x0800960c   0x0800960c   0x00000004   PAD
    0x08009610   0x08009610   0x00000020   Code   RO         2011    i.__mathlib_dbl_invalid  m_wm.l(dunder.o)
    0x08009630   0x08009630   0x00000020   Code   RO         2012    i.__mathlib_dbl_overflow  m_wm.l(dunder.o)
    0x08009650   0x08009650   0x00000020   Code   RO         2014    i.__mathlib_dbl_underflow  m_wm.l(dunder.o)
    0x08009670   0x08009670   0x0000000e   Code   RO         2139    i.__scatterload_copy  mc_w.l(handlers.o)
    0x0800967e   0x0800967e   0x00000002   Code   RO         2140    i.__scatterload_null  mc_w.l(handlers.o)
    0x08009680   0x08009680   0x0000000e   Code   RO         2141    i.__scatterload_zeroinit  mc_w.l(handlers.o)
    0x0800968e   0x0800968e   0x00000002   PAD
    0x08009690   0x08009690   0x0000000c   Code   RO         2073    i.__set_errno       mc_w.l(errno.o)
    0x0800969c   0x0800969c   0x00000184   Code   RO         1963    i._fp_digits        mc_w.l(printfa.o)
    0x08009820   0x08009820   0x000006dc   Code   RO         1964    i._printf_core      mc_w.l(printfa.o)
    0x08009efc   0x08009efc   0x00000024   Code   RO         1965    i._printf_post_padding  mc_w.l(printfa.o)
    0x08009f20   0x08009f20   0x0000002e   Code   RO         1966    i._printf_pre_padding  mc_w.l(printfa.o)
    0x08009f4e   0x08009f4e   0x0000000a   Code   RO         1968    i._sputc            mc_w.l(printfa.o)
    0x08009f58   0x08009f58   0x00000018   Code   RO         2024    i.fabs              m_wm.l(fabs.o)
    0x08009f70   0x08009f70   0x00000050   Code   RO         2099    i.free              mc_w.l(malloc.o)
    0x08009fc0   0x08009fc0   0x0000006c   Code   RO         2100    i.malloc            mc_w.l(malloc.o)
    0x0800a02c   0x0800a02c   0x0000006e   Code   RO         2035    i.sqrt              m_wm.l(sqrt.o)
    0x0800a09a   0x0800a09a   0x00000006   PAD
    0x0800a0a0   0x0800a0a0   0x00000088   Data   RO         1938    .constdata          m_wm.l(pow.o)
    0x0800a128   0x0800a128   0x00000008   Data   RO         2032    .constdata          m_wm.l(qnan.o)
    0x0800a130   0x0800a130   0x00000010   Data   RO           62    .rodata.AHBPrescTable  system_stm32f4xx.o
    0x0800a140   0x0800a140   0x00000008   Data   RO           63    .rodata.APBPrescTable  system_stm32f4xx.o
    0x0800a148   0x0800a148   0x0000014a   Data   RO           27    .rodata.str1.1      main.o
    0x0800a292   0x0800a292   0x000000b1   Data   RO         1202    .rodata.str1.1      can.o
    0x0800a343   0x0800a343   0x00000016   Data   RO         1250    .rodata.str1.1      usart_get.o
    0x0800a359   0x0800a359   0x0000000c   Data   RO         1274    .rodata.str1.1      usart_print.o
    0x0800a365   0x0800a365   0x0000009f   Data   RO         1339    .rodata.str1.1      epos.o
    0x0800a404   0x0800a404   0x00000020   Data   RO         1768    .rodata.str1.1      tasks.o
    0x0800a424   0x0800a424   0x0000000d   Data   RO         1835    .rodata.str1.1      timers.o
    0x0800a431   0x0800a431   0x00000003   PAD
    0x0800a434   0x0800a434   0x00000004   Data   RO         1753    .rodata.uxTopUsedPriority  tasks.o
    0x0800a438   0x0800a438   0x00000020   Data   RO         2138    Region$$Table       anon$$obj.o
    0x0800a458   0x0800a458   0x00000004   Data   RO           29    .init_array         main.o
    0x0800a45c   0x0800a458   0x00000004   Data   RO         1387    .init_array         motioncontrol.o
    0x0800a460   0x0800a458   0x00000004   Data   RO         1405    .init_array         motor_test.o
    0x0800a464   0x0800a458   0x00000000   Data   RO         1984    .init_array         mc_w.l(cpp_init.o)


    Execution Region RW_IRAM1 (Exec base: 0x20000000, Load base: 0x0800a468, Size: 0x00013c28, Max: 0x00020000, ABSOLUTE)

    Exec Addr    Load Addr    Size         Type   Attr      Idx    E Section Name        Object

    0x20000000   0x0800a468   0x00000004   Data   RW         2053    .data               mc_w.l(stdout.o)
    0x20000004   0x0800a46c   0x00000004   Data   RW         2074    .data               mc_w.l(errno.o)
    0x20000008   0x0800a470   0x00000004   Data   RW         2128    .data               mc_w.l(cpp_dtor.o)
    0x2000000c   0x0800a474   0x00000004   Data   RW         2134    .data               mc_w.l(mvars.o)
    0x20000010   0x0800a478   0x00000004   Data   RW         2135    .data               mc_w.l(mvars.o)
    0x20000014   0x0800a47c   0x0000001c   Data   RW         1432    .data..Lconstinit   fuzzypid.o
    0x20000030   0x0800a498   0x0000001c   Data   RW         1433    .data..Lconstinit.1  fuzzypid.o
    0x2000004c   0x0800a4b4   0x0000001c   Data   RW         1434    .data..Lconstinit.2  fuzzypid.o
    0x20000068   0x0800a4d0   0x0000001c   Data   RW         1435    .data..Lconstinit.3  fuzzypid.o
    0x20000084   0x0800a4ec   0x0000001c   Data   RW         1436    .data..Lconstinit.4  fuzzypid.o
    0x200000a0   0x0800a508   0x00000008   Data   RW         1227    .data.RxPDO         pdo.o
    0x200000a8   0x0800a510   0x00000004   Data   RW           61    .data.SystemCoreClock  system_stm32f4xx.o
    0x200000ac   0x0800a514   0x00000008   Data   RW         1226    .data.TxPDO         pdo.o
    0x200000b4   0x0800a51c   0x00000001   Data   RW          146    .data.uwTickFreq    stm32f4xx_hal.o
    0x200000b5   0x0800a51d   0x00000003   PAD
    0x200000b8   0x0800a520   0x00000004   Data   RW          145    .data.uwTickPrio    stm32f4xx_hal.o
    0x200000bc   0x0800a524   0x00000004   Data   RW         1909    .data.uxCriticalNesting  port.o
    0x200000c0        -       0x0000001c   Zero   RW         1437    .bss..Lconstinit.5  fuzzypid.o
    0x200000dc        -       0x0000001c   Zero   RW         1438    .bss..Lconstinit.6  fuzzypid.o
    0x200000f8        -       0x0000001c   Zero   RW         1439    .bss..Lconstinit.7  fuzzypid.o
    0x20000114        -       0x0000001c   Zero   RW         1440    .bss..Lconstinit.8  fuzzypid.o
    0x20000130        -       0x00000004   Zero   RW           25    .bss.CommandQueue   main.o
    0x20000134        -       0x000003c8   Zero   RW         1383    .bss.Poseture_Adjustment  motioncontrol.o
    0x200004fc        -       0x0000001c   Zero   RW         1203    .bss.RxMessage      can.o
    0x20000518        -       0x00000004   Zero   RW           20    .bss.StartTask_Handler  main.o
    0x2000051c        -       0x00000004   Zero   RW           21    .bss.Task1Task_Handler  main.o
    0x20000520        -       0x00000040   Zero   RW         1176    .bss.UART1_Handler  usart.o
    0x20000560        -       0x00000040   Zero   RW         1181    .bss.UART2_Handler  usart.o
    0x200005a0        -       0x000000c8   Zero   RW         1178    .bss.USART1_RX_BUF  usart.o
    0x20000668        -       0x00000002   Zero   RW         1175    .bss.USART1_RX_STA  usart.o
    0x2000066a   0x0800a528   0x00000002   PAD
    0x2000066c        -       0x00000004   Zero   RW           26    .bss.WristPosQueue  main.o
    0x20000670        -       0x00000004   Zero   RW           23    .bss.WristPosTask_Handler  main.o
    0x20000674        -       0x00000004   Zero   RW           22    .bss.WristTask_Handler  main.o
    0x20000678        -       0x0000000c   Zero   RW           28    .bss._ZL13PositionError  main.o
    0x20000684        -       0x0000000c   Zero   RW         1385    .bss._ZL16PositionErrorPre  motioncontrol.o
    0x20000690        -       0x0000000c   Zero   RW         1386    .bss._ZL17PositionErrorPpre  motioncontrol.o
    0x2000069c        -       0x000000fa   Zero   RW         1924    .bss._ZZ16CopeWristPosDataE10ucRxBuffer  bwt61cl.o
    0x20000796        -       0x00000001   Zero   RW         1925    .bss._ZZ16CopeWristPosDataE7ucRxCnt  bwt61cl.o
    0x20000797        -       0x00000001   Zero   RW         1177    .bss.aRxBuffer      usart.o
    0x20000798        -       0x00000001   Zero   RW         1179    .bss.bRxBuffer      usart.o
    0x20000799   0x0800a528   0x00000001   PAD
    0x2000079a        -       0x00000002   Zero   RW         1143    .bss.fac_ms         delay.o
    0x2000079c        -       0x00000004   Zero   RW         1142    .bss.fac_us         delay.o
    0x200007a0        -       0x00000028   Zero   RW         1201    .bss.hcan1          can.o
    0x200007c8        -       0x00000020   Zero   RW         1381    .bss.motor_QB       motioncontrol.o
    0x200007e8        -       0x00000020   Zero   RW         1379    .bss.motor_W1       motioncontrol.o
    0x20000808        -       0x00000020   Zero   RW         1380    .bss.motor_W2       motioncontrol.o
    0x20000828        -       0x00000020   Zero   RW         1382    .bss.motor_ZB       motioncontrol.o
    0x20000848        -       0x00000020   Zero   RW         1403    .bss.motor_test     motor_test.o
    0x20000868        -       0x00000004   Zero   RW         1839    .bss.prvSampleTimeNow.xLastTime  timers.o
    0x2000086c        -       0x00000004   Zero   RW         1752    .bss.pxCurrentTCB   tasks.o
    0x20000870        -       0x00000004   Zero   RW         1837    .bss.pxCurrentTimerList  timers.o
    0x20000874        -       0x00000004   Zero   RW         1763    .bss.pxDelayedTaskList  tasks.o
    0x20000878        -       0x00000004   Zero   RW         1867    .bss.pxEnd          heap_4.o
    0x2000087c        -       0x00000004   Zero   RW         1764    .bss.pxOverflowDelayedTaskList  tasks.o
    0x20000880        -       0x00000004   Zero   RW         1838    .bss.pxOverflowTimerList  timers.o
    0x20000884        -       0x00000064   Zero   RW         1754    .bss.pxReadyTasksLists  tasks.o
    0x200008e8        -       0x00000008   Zero   RW         1921    .bss.stcAcc         bwt61cl.o
    0x200008f0        -       0x00000008   Zero   RW         1923    .bss.stcAngle       bwt61cl.o
    0x200008f8        -       0x00000008   Zero   RW         1922    .bss.stcGyro        bwt61cl.o
    0x20000900        -       0x00012c00   Zero   RW         1873    .bss.ucHeap         heap_4.o
    0x20013500        -       0x00000001   Zero   RW         1907    .bss.ucMaxSysCallPriority  port.o
    0x20013501   0x0800a528   0x00000003   PAD
    0x20013504        -       0x00000004   Zero   RW         1908    .bss.ulMaxPRIGROUPValue  port.o
    0x20013508        -       0x00000004   Zero   RW          147    .bss.uwTick         stm32f4xx_hal.o
    0x2001350c        -       0x00000004   Zero   RW         1759    .bss.uxCurrentNumberOfTasks  tasks.o
    0x20013510        -       0x00000004   Zero   RW         1758    .bss.uxDeletedTasksWaitingCleanUp  tasks.o
    0x20013514        -       0x00000004   Zero   RW         1761    .bss.uxSchedulerSuspended  tasks.o
    0x20013518        -       0x00000004   Zero   RW         1756    .bss.uxTaskNumber   tasks.o
    0x2001351c        -       0x00000004   Zero   RW         1755    .bss.uxTopReadyPriority  tasks.o
    0x20013520        -       0x00000014   Zero   RW         1840    .bss.xActiveTimerList1  timers.o
    0x20013534        -       0x00000014   Zero   RW         1841    .bss.xActiveTimerList2  timers.o
    0x20013548        -       0x00000014   Zero   RW         1773    .bss.xDelayedTaskList1  tasks.o
    0x2001355c        -       0x00000014   Zero   RW         1774    .bss.xDelayedTaskList2  tasks.o
    0x20013570        -       0x00000004   Zero   RW         1868    .bss.xFreeBytesRemaining  heap_4.o
    0x20013574        -       0x00000004   Zero   RW         1769    .bss.xIdleTaskHandle  tasks.o
    0x20013578        -       0x00000004   Zero   RW         1870    .bss.xMinimumEverFreeBytesRemaining  heap_4.o
    0x2001357c        -       0x00000004   Zero   RW         1770    .bss.xNextTaskUnblockTime  tasks.o
    0x20013580        -       0x00000004   Zero   RW         1772    .bss.xNumOfOverflows  tasks.o
    0x20013584        -       0x00000004   Zero   RW         1871    .bss.xNumberOfSuccessfulAllocations  heap_4.o
    0x20013588        -       0x00000004   Zero   RW         1872    .bss.xNumberOfSuccessfulFrees  heap_4.o
    0x2001358c        -       0x00000004   Zero   RW         1771    .bss.xPendedTicks   tasks.o
    0x20013590        -       0x00000014   Zero   RW         1767    .bss.xPendingReadyList  tasks.o
    0x200135a4        -       0x00000040   Zero   RW         1567    .bss.xQueueRegistry  queue.o
    0x200135e4        -       0x00000004   Zero   RW         1760    .bss.xSchedulerRunning  tasks.o
    0x200135e8        -       0x00000008   Zero   RW         1869    .bss.xStart         heap_4.o
    0x200135f0        -       0x00000014   Zero   RW         1765    .bss.xSuspendedTaskList  tasks.o
    0x20013604        -       0x00000014   Zero   RW         1757    .bss.xTasksWaitingTermination  tasks.o
    0x20013618        -       0x00000004   Zero   RW         1762    .bss.xTickCount     tasks.o
    0x2001361c        -       0x00000004   Zero   RW         1834    .bss.xTimerQueue    timers.o
    0x20013620        -       0x00000004   Zero   RW         1836    .bss.xTimerTaskHandle  timers.o
    0x20013624        -       0x00000004   Zero   RW         1766    .bss.xYieldPending  tasks.o
    0x20013628        -       0x00000200   Zero   RW           82    HEAP                startup_stm32f407xx.o
    0x20013828        -       0x00000400   Zero   RW           81    STACK               startup_stm32f407xx.o


==============================================================================

Image component sizes


      Code (inc. data)   RO Data    RW Data    ZI Data      Debug   Object Name

       218          0          0          0        275       7829   bwt61cl.o
       706          0        177          0         68       5637   can.o
       362          0          0          0          6       1789   delay.o
       962          0        159          0          0      13318   epos.o
      3926         48          0        140        112      16777   fuzzypid.o
      1014          0          0          0      76828       4552   heap_4.o
       296          0          0          0          0       2138   list.o
      1438          8        334          0         36      19397   main.o
      1134         16          4          0       1120      22174   motioncontrol.o
        56          0          4          0         32      10008   motor_test.o
        90          0          0          0          0       7528   nmt_control.o
       370          8          0         16          0       1541   pdo.o
       996         16          0          4          5       3791   port.o
      2334          0          0          0         64      15608   queue.o
       142          0          0          0          0       1319   sdo.o
        36          8        392          0       1536        900   startup_stm32f407xx.o
       184          0          0          5          4       7042   stm32f4xx_hal.o
      1982          0          0          0          0      11338   stm32f4xx_hal_can.o
       534          0          0          0          0       9413   stm32f4xx_hal_cortex.o
        68          0          0          0          0       8437   stm32f4xx_hal_dma.o
       952          0          0          0          0       5094   stm32f4xx_hal_gpio.o
         2          0          0          0          0        499   stm32f4xx_hal_msp.o
      2496          0          0          0          0       7408   stm32f4xx_hal_rcc.o
      2952          0          0          0          0      15414   stm32f4xx_hal_uart.o
        20          0          0          0          0        808   stm32f4xx_it.o
       228          0          0          0          0       2814   sys.o
       110          0         24          4          0       2518   system_stm32f4xx.o
      5268          0         36          0        260      24362   tasks.o
      1242         10         13          0         60       8461   timers.o
      1042          0          0          0        332       7994   usart.o
       400          8         22          0          0       3614   usart_get.o
       440          0         12          0          0       4397   usart_print.o

    ----------------------------------------------------------------------
     32176        122       1212        172      80744     253919   Object Totals
         0          0         32          0          0          0   (incl. Generated)
       176          0          3          3          6          0   (incl. Padding)

    ----------------------------------------------------------------------

      Code (inc. data)   RO Data    RW Data    ZI Data      Debug   Library Member Name

       164         44          0          0          0        620   dunder.o
        24          0          0          0          0        124   fabs.o
        48          0          0          0          0        124   fpclassify.o
       248          0          0          0          0        152   poly.o
      3168        296        136          0          0        352   pow.o
         0          0          8          0          0          0   qnan.o
       110          0          0          0          0        148   sqrt.o
        46          0          0          0          0         84   aeabi_atexit.o
         8          4          0          4          0         68   cpp_dtor.o
         2          0          0          0          0         68   cpp_final.o
        32          8          0          0          0         80   cpp_init.o
        10          0          0          0          0         68   cxa_atexit.o
        66          0          0          0          0         84   cxa_finalize.o
         0          0          0          0          0          0   entry.o
         0          0          0          0          0          0   entry10a.o
         4          0          0          0          0          0   entry10b.o
         0          0          0          0          0          0   entry11a.o
         8          4          0          0          0          0   entry2.o
         4          0          0          0          0          0   entry5.o
         0          0          0          0          0          0   entry7b.o
         4          0          0          0          0          0   entry8a.o
         0          0          0          0          0          0   entry8b.o
         8          4          0          0          0          0   entry9a.o
        12          6          0          4          0         68   errno.o
        30          0          0          0          0          0   handlers.o
        36          8          0          0          0         68   init.o
         0          0          0          0          0          0   iusefp.o
        30          0          0          0          0         68   llshl.o
        36          0          0          0          0         68   llsshr.o
        32          0          0          0          0         68   llushr.o
       188         20          0          0          0        160   malloc.o
        36          0          0          0          0         68   memcpya.o
        36          0          0          0          0        108   memseta.o
         0          0          0          8          0          0   mvars.o
      2308         96          0          0          0        604   printfa.o
         0          0          0          4          0          0   stdout.o
        14          0          0          0          0         68   strlen.o
        44          0          0          0          0         80   uidiv.o
        98          0          0          0          0         92   uldiv.o
        48          0          0          0          0         68   cdrcmple.o
        56          0          0          0          0         88   d2f.o
       334          0          0          0          0        148   dadd.o
        54          0          0          0          0         80   dcmpge.o
        54          0          0          0          0         80   dcmple.o
       222          0          0          0          0        100   ddiv.o
       186          0          0          0          0        176   depilogue.o
        62          0          0          0          0         80   dfixi.o
        48          0          0          0          0         68   dfixul.o
        34          0          0          0          0         76   dflti.o
       228          0          0          0          0         96   dmul.o
        46          0          0          0          0         80   dscalb.o
       162          0          0          0          0        100   dsqrt.o
        38          0          0          0          0         68   f2d.o
       110          0          0          0          0        168   fepilogue.o

    ----------------------------------------------------------------------
      8552        490        144         20          0       4968   Library Totals
        16          0          0          0          0          0   (incl. Padding)

    ----------------------------------------------------------------------

      Code (inc. data)   RO Data    RW Data    ZI Data      Debug   Library Name

      3762        340        144          0          0       1520   m_wm.l
      3092        150          0         20          0       1972   mc_w.l
      1682          0          0          0          0       1476   mf_w.l

    ----------------------------------------------------------------------
      8552        490        144         20          0       4968   Library Totals

    ----------------------------------------------------------------------

==============================================================================


      Code (inc. data)   RO Data    RW Data    ZI Data      Debug   

     40728        612       1356        192      80744     255771   Grand Totals
     40728        612       1356        192      80744     255771   ELF Image Totals
     40728        612       1356        192          0          0   ROM Totals

==============================================================================

    Total RO  Size (Code + RO Data)                42084 (  41.10kB)
    Total RW  Size (RW Data + ZI Data)             80936 (  79.04kB)
    Total ROM Size (Code + RO Data + RW Data)      42276 (  41.29kB)

==============================================================================

