Component: Arm Compiler for Embedded 6.18 Tool: armlink [5e4cc100]

==============================================================================

Section Cross References

    main.o(.text.__cxx_global_var_init) refers to queue.o(.text.xQueueGenericCreate) for xQueueGenericCreate
    main.o(.text.__cxx_global_var_init) refers to main.o(.bss.CommandQueue) for CommandQueue
    main.o(.ARM.exidx.text.__cxx_global_var_init) refers to main.o(.text.__cxx_global_var_init) for [Anonymous Symbol]
    main.o(.text.__cxx_global_var_init.1) refers to queue.o(.text.xQueueGenericCreate) for xQueueGenericCreate
    main.o(.text.__cxx_global_var_init.1) refers to main.o(.bss.WristPosQueue) for WristPosQueue
    main.o(.ARM.exidx.text.__cxx_global_var_init.1) refers to main.o(.text.__cxx_global_var_init.1) for [Anonymous Symbol]
    main.o(.text.__cxx_global_var_init.2) refers to event_groups.o(.text.xEventGroupCreate) for xEventGroupCreate
    main.o(.text.__cxx_global_var_init.2) refers to main.o(.bss.EventGroupHandler) for EventGroupHandler
    main.o(.ARM.exidx.text.__cxx_global_var_init.2) refers to main.o(.text.__cxx_global_var_init.2) for [Anonymous Symbol]
    main.o(.text.main) refers to stm32f4xx_hal.o(.text.HAL_Init) for HAL_Init
    main.o(.text.main) refers to sys.o(.text.Stm32_Clock_Init) for Stm32_Clock_Init
    main.o(.text.main) refers to delay.o(.text.delay_init) for delay_init
    main.o(.text.main) refers to usart.o(.text.Serialport_Init) for Serialport_Init
    main.o(.text.main) refers to can.o(.text.CAN_Config) for CAN_Config
    main.o(.text.main) refers to main.o(.bss.StartTask_Handler) for StartTask_Handler
    main.o(.text.main) refers to main.o(.text._Z10start_taskPv) for start_task(void*)
    main.o(.text.main) refers to main.o(.rodata.str1.1) for .L.str
    main.o(.text.main) refers to tasks.o(.text.xTaskCreate) for xTaskCreate
    main.o(.text.main) refers to tasks.o(.text.vTaskStartScheduler) for vTaskStartScheduler
    main.o(.ARM.exidx.text.main) refers to main.o(.text.main) for [Anonymous Symbol]
    main.o(.text._Z10start_taskPv) refers to port.o(.text.vPortEnterCritical) for vPortEnterCritical
    main.o(.text._Z10start_taskPv) refers to main.o(.bss.CommandTask_Handler) for CommandTask_Handler
    main.o(.text._Z10start_taskPv) refers to main.o(.text._Z12Command_taskPv) for Command_task(void*)
    main.o(.text._Z10start_taskPv) refers to main.o(.rodata.str1.1) for .L.str.3
    main.o(.text._Z10start_taskPv) refers to tasks.o(.text.xTaskCreate) for xTaskCreate
    main.o(.text._Z10start_taskPv) refers to main.o(.bss.WristTask_Handler) for WristTask_Handler
    main.o(.text._Z10start_taskPv) refers to main.o(.text._Z10Wrist_taskPv) for Wrist_task(void*)
    main.o(.text._Z10start_taskPv) refers to main.o(.bss.WristPosTask_Handler) for WristPosTask_Handler
    main.o(.text._Z10start_taskPv) refers to main.o(.text._Z13WristPos_taskPv) for WristPos_task(void*)
    main.o(.text._Z10start_taskPv) refers to main.o(.bss.StartTask_Handler) for StartTask_Handler
    main.o(.text._Z10start_taskPv) refers to tasks.o(.text.vTaskDelete) for vTaskDelete
    main.o(.text._Z10start_taskPv) refers to port.o(.text.vPortExitCritical) for vPortExitCritical
    main.o(.ARM.exidx.text._Z10start_taskPv) refers to main.o(.text._Z10start_taskPv) for [Anonymous Symbol]
    main.o(.text._Z12Command_taskPv) refers to port.o(.text.vPortEnterCritical) for vPortEnterCritical
    main.o(.text._Z12Command_taskPv) refers to usart.o(.bss.USART1_RX_STA) for USART1_RX_STA
    main.o(.text._Z12Command_taskPv) refers to usart.o(.bss.UART1_Handler) for UART1_Handler
    main.o(.text._Z12Command_taskPv) refers to usart_get.o(.text.Get_USART_Command) for Get_USART_Command
    main.o(.text._Z12Command_taskPv) refers to main.o(.bss.CommandQueue) for CommandQueue
    main.o(.text._Z12Command_taskPv) refers to queue.o(.text.xQueueGenericSend) for xQueueGenericSend
    main.o(.text._Z12Command_taskPv) refers to main.o(.rodata.str1.1) for .L.str.6
    main.o(.text._Z12Command_taskPv) refers to usart_print.o(.text.println_str) for println_str
    main.o(.text._Z12Command_taskPv) refers to main.o(.bss.EventGroupHandler) for EventGroupHandler
    main.o(.text._Z12Command_taskPv) refers to event_groups.o(.text.xEventGroupSetBits) for xEventGroupSetBits
    main.o(.text._Z12Command_taskPv) refers to port.o(.text.vPortExitCritical) for vPortExitCritical
    main.o(.text._Z12Command_taskPv) refers to tasks.o(.text.vTaskDelay) for vTaskDelay
    main.o(.ARM.exidx.text._Z12Command_taskPv) refers to main.o(.text._Z12Command_taskPv) for [Anonymous Symbol]
    main.o(.text._Z10Wrist_taskPv) refers to main.o(.data._ZL13PositionError) for PositionError
    main.o(.text._Z10Wrist_taskPv) refers to main.o(.bss.EventGroupHandler) for EventGroupHandler
    main.o(.text._Z10Wrist_taskPv) refers to event_groups.o(.text.xEventGroupWaitBits) for xEventGroupWaitBits
    main.o(.text._Z10Wrist_taskPv) refers to main.o(.bss.CommandQueue) for CommandQueue
[...]
    [Anonymous Symbol]                       0x20013590   Section        0  heap_4.o(.bss.xNumberOfSuccessfulFrees)
    xPendedTicks                             0x20013594   Data           4  tasks.o(.bss.xPendedTicks)
    [Anonymous Symbol]                       0x20013594   Section        0  tasks.o(.bss.xPendedTicks)
    xPendingReadyList                        0x20013598   Data          20  tasks.o(.bss.xPendingReadyList)
    [Anonymous Symbol]                       0x20013598   Section        0  tasks.o(.bss.xPendingReadyList)
    xSchedulerRunning                        0x200135ec   Data           4  tasks.o(.bss.xSchedulerRunning)
    [Anonymous Symbol]                       0x200135ec   Section        0  tasks.o(.bss.xSchedulerRunning)
    xStart                                   0x200135f0   Data           8  heap_4.o(.bss.xStart)
    [Anonymous Symbol]                       0x200135f0   Section        0  heap_4.o(.bss.xStart)
    xSuspendedTaskList                       0x200135f8   Data          20  tasks.o(.bss.xSuspendedTaskList)
    [Anonymous Symbol]                       0x200135f8   Section        0  tasks.o(.bss.xSuspendedTaskList)
    xTasksWaitingTermination                 0x2001360c   Data          20  tasks.o(.bss.xTasksWaitingTermination)
    [Anonymous Symbol]                       0x2001360c   Section        0  tasks.o(.bss.xTasksWaitingTermination)
    xTickCount                               0x20013620   Data           4  tasks.o(.bss.xTickCount)
    [Anonymous Symbol]                       0x20013620   Section        0  tasks.o(.bss.xTickCount)
    xTimerQueue                              0x20013624   Data           4  timers.o(.bss.xTimerQueue)
    [Anonymous Symbol]                       0x20013624   Section        0  timers.o(.bss.xTimerQueue)
    xTimerTaskHandle                         0x20013628   Data           4  timers.o(.bss.xTimerTaskHandle)
    [Anonymous Symbol]                       0x20013628   Section        0  timers.o(.bss.xTimerTaskHandle)
    xYieldPending                            0x2001362c   Data           4  tasks.o(.bss.xYieldPending)
    [Anonymous Symbol]                       0x2001362c   Section        0  tasks.o(.bss.xYieldPending)
    HEAP                                     0x20013630   Section      512  startup_stm32f407xx.o(HEAP)
    STACK                                    0x20013830   Section     1024  startup_stm32f407xx.o(STACK)

    Global Symbols

    Symbol Name                              Value     Ov Type        Size  Object(Section)

    BuildAttributes$$THM_ISAv4$E$P$D$K$B$S$7EM$VFPi3$EXTD16$VFPS$VFMA$PE$A:L22UL41UL21$X:L11$S22US41US21$IEEE1$IW$~IW$USESV6$~STKCKD$USESV7$~SHL$OTIME$ROPI$IEEEX$EBA8$MICROLIB$REQ8$PRES8$EABIv2 0x00000000   Number         0  anon$$obj.o ABSOLUTE
    __decompress                              - Undefined Weak Reference
    _clock_init                               - Undefined Weak Reference
    _microlib_exit                            - Undefined Weak Reference
    __Vectors_Size                           0x00000188   Number         0  startup_stm32f407xx.o ABSOLUTE
    __Vectors                                0x08000000   Data           4  startup_stm32f407xx.o(RESET)
    __dso_handle                             0x08000000   Number         0  startup_stm32f407xx.o(RESET)
    __Vectors_End                            0x08000188   Data           0  startup_stm32f407xx.o(RESET)
    __main                                   0x08000189   Thumb Code     0  entry.o(.ARM.Collect$$$$00000000)
    _main_stk                                0x08000189   Thumb Code     0  entry2.o(.ARM.Collect$$$$00000001)
    _main_scatterload                        0x0800018d   Thumb Code     0  entry5.o(.ARM.Collect$$$$00000004)
    __main_after_scatterload                 0x08000191   Thumb Code     0  entry5.o(.ARM.Collect$$$$00000004)
    _main_clock                              0x08000191   Thumb Code     0  entry7b.o(.ARM.Collect$$$$00000008)
    _main_cpp_init$empty                     0x08000191   Thumb Code     0  entry8a.o(.ARM.Collect$$$$00000009)
    _main_cpp_init                           0x08000195   Thumb Code     0  entry8b.o(.ARM.Collect$$$$0000000A)
    _main_init                               0x08000195   Thumb Code     0  entry9a.o(.ARM.Collect$$$$0000000B)
    __rt_final_cpp                           0x0800019d   Thumb Code     0  entry10a.o(.ARM.Collect$$$$0000000D)
    __rt_final_cpp$nonempty                  0x0800019d   Thumb Code     0  entry10b.o(.ARM.Collect$$$$0000000E)
    __rt_final_exit                          0x080001a1   Thumb Code     0  entry11a.o(.ARM.Collect$$$$0000000F)
    Reset_Handler                            0x080001a5   Thumb Code     8  startup_stm32f407xx.o(.text)
    ADC_IRQHandler                           0x080001bf   Thumb Code     0  startup_stm32f407xx.o(.text)
    CAN1_RX0_IRQHandler                      0x080001bf   Thumb Code     0  startup_stm32f407xx.o(.text)
    CAN1_RX1_IRQHandler                      0x080001bf   Thumb Code     0  startup_stm32f407xx.o(.text)
    CAN1_SCE_IRQHandler                      0x080001bf   Thumb Code     0  startup_stm32f407xx.o(.text)
    CAN1_TX_IRQHandler                       0x080001bf   Thumb Code     0  startup_stm32f407xx.o(.text)
    CAN2_RX0_IRQHandler                      0x080001bf   Thumb Code     0  startup_stm32f407xx.o(.text)
    CAN2_RX1_IRQHandler                      0x080001bf   Thumb Code     0  startup_stm32f407xx.o(.text)
    CAN2_SCE_IRQHandler                      0x080001bf   Thumb Code     0  startup_stm32f407xx.o(.text)
    CAN2_TX_IRQHandler                       0x080001bf   Thumb Code     0  startup_stm32f407xx.o(.text)
    DCMI_IRQHandler                          0x080001bf   Thumb Code     0  startup_stm32f407xx.o(.text)
    DMA1_Stream0_IRQHandler                  0x080001bf   Thumb Code     0  startup_stm32f407xx.o(.text)
    DMA1_Stream1_IRQHandler                  0x080001bf   Thumb Code     0  startup_stm32f407xx.o(.text)
    DMA1_Stream2_IRQHandler                  0x080001bf   Thumb Code     0  startup_stm32f407xx.o(.text)
    DMA1_Stream3_IRQHandler                  0x080001bf   Thumb Code     0  startup_stm32f407xx.o(.text)
    DMA1_Stream4_IRQHandler                  0x080001bf   Thumb Code     0  startup_stm32f407xx.o(.text)
    DMA1_Stream5_IRQHandler                  0x080001bf   Thumb Code     0  startup_stm32f407xx.o(.text)
    DMA1_Stream6_IRQHandler                  0x080001bf   Thumb Code     0  startup_stm32f407xx.o(.text)
    DMA1_Stream7_IRQHandler                  0x080001bf   Thumb Code     0  startup_stm32f407xx.o(.text)
    DMA2_Stream0_IRQHandler                  0x080001bf   Thumb Code     0  startup_stm32f407xx.o(.text)
    DMA2_Stream1_IRQHandler                  0x080001bf   Thumb Code     0  startup_stm32f407xx.o(.text)
    DMA2_Stream2_IRQHandler                  0x080001bf   Thumb Code     0  startup_stm32f407xx.o(.text)
    DMA2_Stream3_IRQHandler                  0x080001bf   Thumb Code     0  startup_stm32f407xx.o(.text)
    DMA2_Stream4_IRQHandler                  0x080001bf   Thumb Code     0  startup_stm32f407xx.o(.text)
    DMA2_Stream5_IRQHandler                  0x080001bf   Thumb Code     0  startup_stm32f407xx.o(.text)
    DMA2_Stream6_IRQHandler                  0x080001bf   Thumb Code     0  startup_stm32f407xx.o(.text)
    DMA2_Stream7_IRQHandler                  0x080001bf   Thumb Code     0  startup_stm32f407xx.o(.text)
    ETH_IRQHandler                           0x080001bf   Thumb Code     0  startup_stm32f407xx.o(.text)
    ETH_WKUP_IRQHandler                      0x080001bf   Thumb Code     0  startup_stm32f407xx.o(.text)
    EXTI0_IRQHandler                         0x080001bf   Thumb Code     0  startup_stm32f407xx.o(.text)
    EXTI15_10_IRQHandler                     0x080001bf   Thumb Code     0  startup_stm32f407xx.o(.text)
    EXTI1_IRQHandler                         0x080001bf   Thumb Code     0  startup_stm32f407xx.o(.text)
    EXTI2_IRQHandler                         0x080001bf   Thumb Code     0  startup_stm32f407xx.o(.text)
    EXTI3_IRQHandler                         0x080001bf   Thumb Code     0  startup_stm32f407xx.o(.text)
    EXTI4_IRQHandler                         0x080001bf   Thumb Code     0  startup_stm32f407xx.o(.text)
    EXTI9_5_IRQHandler                       0x080001bf   Thumb Code     0  startup_stm32f407xx.o(.text)
    FLASH_IRQHandler                         0x080001bf   Thumb Code     0  startup_stm32f407xx.o(.text)
    FMC_IRQHandler                           0x080001bf   Thumb Code     0  startup_stm32f407xx.o(.text)
    FPU_IRQHandler                           0x080001bf   Thumb Code     0  startup_stm32f407xx.o(.text)
    HASH_RNG_IRQHandler                      0x080001bf   Thumb Code     0  startup_stm32f407xx.o(.text)
    I2C1_ER_IRQHandler                       0x080001bf   Thumb Code     0  startup_stm32f407xx.o(.text)
    I2C1_EV_IRQHandler                       0x080001bf   Thumb Code     0  startup_stm32f407xx.o(.text)
    I2C2_ER_IRQHandler                       0x080001bf   Thumb Code     0  startup_stm32f407xx.o(.text)
    I2C2_EV_IRQHandler                       0x080001bf   Thumb Code     0  startup_stm32f407xx.o(.text)
    I2C3_ER_IRQHandler                       0x080001bf   Thumb Code     0  startup_stm32f407xx.o(.text)
    I2C3_EV_IRQHandler                       0x080001bf   Thumb Code     0  startup_stm32f407xx.o(.text)
    OTG_FS_IRQHandler                        0x080001bf   Thumb Code     0  startup_stm32f407xx.o(.text)
    OTG_FS_WKUP_IRQHandler                   0x080001bf   Thumb Code     0  startup_stm32f407xx.o(.text)
    OTG_HS_EP1_IN_IRQHandler                 0x080001bf   Thumb Code     0  startup_stm32f407xx.o(.text)
    OTG_HS_EP1_OUT_IRQHandler                0x080001bf   Thumb Code     0  startup_stm32f407xx.o(.text)
    OTG_HS_IRQHandler                        0x080001bf   Thumb Code     0  startup_stm32f407xx.o(.text)
    OTG_HS_WKUP_IRQHandler                   0x080001bf   Thumb Code     0  startup_stm32f407xx.o(.text)
    PVD_IRQHandler                           0x080001bf   Thumb Code     0  startup_stm32f407xx.o(.text)
    RCC_IRQHandler                           0x080001bf   Thumb Code     0  startup_stm32f407xx.o(.text)
    RTC_Alarm_IRQHandler                     0x080001bf   Thumb Code     0  startup_stm32f407xx.o(.text)
    RTC_WKUP_IRQHandler                      0x080001bf   Thumb Code     0  startup_stm32f407xx.o(.text)
    SDIO_IRQHandler                          0x080001bf   Thumb Code     0  startup_stm32f407xx.o(.text)
    SPI1_IRQHandler                          0x080001bf   Thumb Code     0  startup_stm32f407xx.o(.text)
    SPI2_IRQHandler                          0x080001bf   Thumb Code     0  startup_stm32f407xx.o(.text)
    SPI3_IRQHandler                          0x080001bf   Thumb Code     0  startup_stm32f407xx.o(.text)
    TAMP_STAMP_IRQHandler                    0x080001bf   Thumb Code     0  startup_stm32f407xx.o(.text)
    TIM1_BRK_TIM9_IRQHandler                 0x080001bf   Thumb Code     0  startup_stm32f407xx.o(.text)
    TIM1_CC_IRQHandler                       0x080001bf   Thumb Code     0  startup_stm32f407xx.o(.text)
    TIM1_TRG_COM_TIM11_IRQHandler            0x080001bf   Thumb Code     0  startup_stm32f407xx.o(.text)
    TIM1_UP_TIM10_IRQHandler                 0x080001bf   Thumb Code     0  startup_stm32f407xx.o(.text)
    TIM2_IRQHandler                          0x080001bf   Thumb Code     0  startup_stm32f407xx.o(.text)
    TIM3_IRQHandler                          0x080001bf   Thumb Code     0  startup_stm32f407xx.o(.text)
    TIM4_IRQHandler                          0x080001bf   Thumb Code     0  startup_stm32f407xx.o(.text)
    TIM5_IRQHandler                          0x080001bf   Thumb Code     0  startup_stm32f407xx.o(.text)
    TIM6_DAC_IRQHandler                      0x080001bf   Thumb Code     0  startup_stm32f407xx.o(.text)
    TIM7_IRQHandler                          0x080001bf   Thumb Code     0  startup_stm32f407xx.o(.text)
    TIM8_BRK_TIM12_IRQHandler                0x080001bf   Thumb Code     0  startup_stm32f407xx.o(.text)
    TIM8_CC_IRQHandler                       0x080001bf   Thumb Code     0  startup_stm32f407xx.o(.text)
    TIM8_TRG_COM_TIM14_IRQHandler            0x080001bf   Thumb Code     0  startup_stm32f407xx.o(.text)
    TIM8_UP_TIM13_IRQHandler                 0x080001bf   Thumb Code     0  startup_stm32f407xx.o(.text)
    UART4_IRQHandler                         0x080001bf   Thumb Code     0  startup_stm32f407xx.o(.text)
    UART5_IRQHandler                         0x080001bf   Thumb Code     0  startup_stm32f407xx.o(.text)
    USART3_IRQHandler                        0x080001bf   Thumb Code     0  startup_stm32f407xx.o(.text)
    USART6_IRQHandler                        0x080001bf   Thumb Code     0  startup_stm32f407xx.o(.text)
    WWDG_IRQHandler                          0x080001bf   Thumb Code     0  startup_stm32f407xx.o(.text)
    __aeabi_uldivmod                         0x080001c9   Thumb Code    98  uldiv.o(.text)
    abs                                      0x0800022b   Thumb Code     8  siabs.o(.text)
    __aeabi_memcpy                           0x08000233   Thumb Code    36  memcpya.o(.text)
    __aeabi_memcpy4                          0x08000233   Thumb Code     0  memcpya.o(.text)
    __aeabi_memcpy8                          0x08000233   Thumb Code     0  memcpya.o(.text)
    __aeabi_memset                           0x08000257   Thumb Code    14  memseta.o(.text)
    __aeabi_memset4                          0x08000257   Thumb Code     0  memseta.o(.text)
    __aeabi_memset8                          0x08000257   Thumb Code     0  memseta.o(.text)
    __aeabi_memclr                           0x08000265   Thumb Code     4  memseta.o(.text)
    __aeabi_memclr4                          0x08000265   Thumb Code     0  memseta.o(.text)
    __aeabi_memclr8                          0x08000265   Thumb Code     0  memseta.o(.text)
    _memset$wrapper                          0x08000269   Thumb Code    18  memseta.o(.text)
    strlen                                   0x0800027b   Thumb Code    14  strlen.o(.text)
    __cpp_initialize__aeabi_                 0x08000289   Thumb Code    24  cpp_init.o(.text)
    __cxa_atexit                             0x080002a9   Thumb Code    10  cxa_atexit.o(.text)
    __aeabi_dadd                             0x080002b3   Thumb Code   322  dadd.o(.text)
    __aeabi_dsub                             0x080003f5   Thumb Code     6  dadd.o(.text)
    __aeabi_drsub                            0x080003fb   Thumb Code     6  dadd.o(.text)
    __aeabi_dmul                             0x08000401   Thumb Code   228  dmul.o(.text)
    __aeabi_ddiv                             0x080004e5   Thumb Code   222  ddiv.o(.text)
    __aeabi_dcmple                           0x080005c3   Thumb Code    54  dcmple.o(.text)
    __aeabi_dcmpge                           0x080005f9   Thumb Code    54  dcmpge.o(.text)
    __aeabi_i2d                              0x0800062f   Thumb Code    34  dflti.o(.text)
    __aeabi_d2iz                             0x08000651   Thumb Code    62  dfixi.o(.text)
    __aeabi_f2d                              0x0800068f   Thumb Code    38  f2d.o(.text)
    __aeabi_d2f                              0x080006b5   Thumb Code    56  d2f.o(.text)
    __aeabi_uidiv                            0x080006ed   Thumb Code     0  uidiv.o(.text)
    __aeabi_uidivmod                         0x080006ed   Thumb Code    44  uidiv.o(.text)
    __aeabi_llsl                             0x08000719   Thumb Code    30  llshl.o(.text)
    _ll_shift_l                              0x08000719   Thumb Code     0  llshl.o(.text)
    __aeabi_llsr                             0x08000737   Thumb Code    32  llushr.o(.text)
    _ll_ushift_r                             0x08000737   Thumb Code     0  llushr.o(.text)
    __aeabi_lasr                             0x08000757   Thumb Code    36  llsshr.o(.text)
    _ll_sshift_r                             0x08000757   Thumb Code     0  llsshr.o(.text)
    __I$use$fp                               0x0800077b   Thumb Code     0  iusefp.o(.text)
    __aeabi_atexit                           0x0800077b   Thumb Code    46  aeabi_atexit.o(.text)
    _float_round                             0x080007a9   Thumb Code    18  fepilogue.o(.text)
    _float_epilogue                          0x080007bb   Thumb Code    92  fepilogue.o(.text)
    _double_round                            0x08000817   Thumb Code    30  depilogue.o(.text)
    _double_epilogue                         0x08000835   Thumb Code   156  depilogue.o(.text)
    __ARM_scalbn                             0x080008d1   Thumb Code    46  dscalb.o(.text)
    scalbn                                   0x080008d1   Thumb Code     0  dscalb.o(.text)
    __aeabi_d2ulz                            0x080008ff   Thumb Code    48  dfixul.o(.text)
    __aeabi_cdrcmple                         0x08000931   Thumb Code    48  cdrcmple.o(.text)
    __scatterload                            0x08000961   Thumb Code    28  init.o(.text)
    __scatterload_rt2                        0x08000961   Thumb Code     0  init.o(.text)
    __rt_ddtor_pointer_addr                  0x08000985   Thumb Code     4  cpp_dtor.o(.text)
    __cxa_finalize                           0x0800098d   Thumb Code    66  cxa_finalize.o(.text)
    _dsqrt                                   0x080009cf   Thumb Code   162  dsqrt.o(.text)
    __rt_lib_shutdown_cpp_2                  0x08000a71   Thumb Code     2  cpp_final.o(.text)
    BusFault_Handler                         0x08000a75   Thumb Code     4  stm32f4xx_it.o(.text.BusFault_Handler)
    CAN_Config                               0x08000a79   Thumb Code    90  can.o(.text.CAN_Config)
    CAN_Filter_Config                        0x08000ad5   Thumb Code    74  can.o(.text.CAN_Filter_Config)
    CAN_ReceiveMsg                           0x08000b21   Thumb Code   150  can.o(.text.CAN_ReceiveMsg)
    CAN_SendMsg                              0x08000bb9   Thumb Code   148  can.o(.text.CAN_SendMsg)
    CopeWristPosData                         0x08000c4d   Thumb Code   218  bwt61cl.o(.text.CopeWristPosData)
    DebugMon_Handler                         0x08000d29   Thumb Code     2  stm32f4xx_it.o(.text.DebugMon_Handler)
    Get_USART_Command                        0x08000d31   Thumb Code   400  usart_get.o(.text.Get_USART_Command)
    HAL_CAN_ActivateNotification             0x08000ec1   Thumb Code    82  stm32f4xx_hal_can.o(.text.HAL_CAN_ActivateNotification)
    HAL_CAN_AddTxMessage                     0x08000f15   Thumb Code   368  stm32f4xx_hal_can.o(.text.HAL_CAN_AddTxMessage)
    HAL_CAN_ConfigFilter                     0x08001085   Thumb Code   420  stm32f4xx_hal_can.o(.text.HAL_CAN_ConfigFilter)
    HAL_CAN_GetRxMessage                     0x08001229   Thumb Code   496  stm32f4xx_hal_can.o(.text.HAL_CAN_GetRxMessage)
    HAL_CAN_Init                             0x08001419   Thumb Code   478  stm32f4xx_hal_can.o(.text.HAL_CAN_Init)
    HAL_CAN_MspInit                          0x080015f9   Thumb Code   142  can.o(.text.HAL_CAN_MspInit)
    HAL_CAN_Start                            0x08001689   Thumb Code   138  stm32f4xx_hal_can.o(.text.HAL_CAN_Start)
    HAL_DMA_Abort_IT                         0x08001715   Thumb Code    68  stm32f4xx_hal_dma.o(.text.HAL_DMA_Abort_IT)
    HAL_GPIO_Init                            0x08001759   Thumb Code   952  stm32f4xx_hal_gpio.o(.text.HAL_GPIO_Init)
    HAL_GetREVID                             0x08001b11   Thumb Code    14  stm32f4xx_hal.o(.text.HAL_GetREVID)
    HAL_GetTick                              0x08001b21   Thumb Code    12  stm32f4xx_hal.o(.text.HAL_GetTick)
    HAL_Init                                 0x08001b2d   Thumb Code    46  stm32f4xx_hal.o(.text.HAL_Init)
    HAL_InitTick                             0x08001b5d   Thumb Code   112  stm32f4xx_hal.o(.text.HAL_InitTick)
    HAL_MspInit                              0x08001bcd   Thumb Code     2  stm32f4xx_hal_msp.o(.text.HAL_MspInit)
    HAL_NVIC_EnableIRQ                       0x08001bd1   Thumb Code    20  stm32f4xx_hal_cortex.o(.text.HAL_NVIC_EnableIRQ)
    HAL_NVIC_SetPriority                     0x08001be5   Thumb Code    50  stm32f4xx_hal_cortex.o(.text.HAL_NVIC_SetPriority)
    HAL_NVIC_SetPriorityGrouping             0x08001c19   Thumb Code    16  stm32f4xx_hal_cortex.o(.text.HAL_NVIC_SetPriorityGrouping)
    HAL_RCC_ClockConfig                      0x08001c29   Thumb Code   602  stm32f4xx_hal_rcc.o(.text.HAL_RCC_ClockConfig)
    HAL_RCC_GetHCLKFreq                      0x08001e85   Thumb Code    12  stm32f4xx_hal_rcc.o(.text.HAL_RCC_GetHCLKFreq)
    HAL_RCC_GetPCLK1Freq                     0x08001e91   Thumb Code    34  stm32f4xx_hal_rcc.o(.text.HAL_RCC_GetPCLK1Freq)
    HAL_RCC_GetPCLK2Freq                     0x08001eb5   Thumb Code    34  stm32f4xx_hal_rcc.o(.text.HAL_RCC_GetPCLK2Freq)
    HAL_RCC_GetSysClockFreq                  0x08001ed9   Thumb Code   230  stm32f4xx_hal_rcc.o(.text.HAL_RCC_GetSysClockFreq)
    HAL_RCC_OscConfig                        0x08001fc1   Thumb Code  1584  stm32f4xx_hal_rcc.o(.text.HAL_RCC_OscConfig)
    HAL_SYSTICK_CLKSourceConfig              0x080025f1   Thumb Code    52  stm32f4xx_hal_cortex.o(.text.HAL_SYSTICK_CLKSourceConfig)
    HAL_SYSTICK_Config                       0x08002625   Thumb Code    16  stm32f4xx_hal_cortex.o(.text.HAL_SYSTICK_Config)
    HAL_UART_ErrorCallback                   0x08002635   Thumb Code     8  stm32f4xx_hal_uart.o(.text.HAL_UART_ErrorCallback)
    HAL_UART_GetState                        0x0800263d   Thumb Code    40  stm32f4xx_hal_uart.o(.text.HAL_UART_GetState)
    HAL_UART_IRQHandler                      0x08002665   Thumb Code   508  stm32f4xx_hal_uart.o(.text.HAL_UART_IRQHandler)
    HAL_UART_Init                            0x08002861   Thumb Code   154  stm32f4xx_hal_uart.o(.text.HAL_UART_Init)
    HAL_UART_MspInit                         0x080028fd   Thumb Code   318  usart.o(.text.HAL_UART_MspInit)
    HAL_UART_Receive_IT                      0x08002a3d   Thumb Code   186  stm32f4xx_hal_uart.o(.text.HAL_UART_Receive_IT)
    HAL_UART_RxCpltCallback                  0x08002af9   Thumb Code   254  usart.o(.text.HAL_UART_RxCpltCallback)
    HAL_UART_Transmit                        0x08002bf9   Thumb Code   352  stm32f4xx_hal_uart.o(.text.HAL_UART_Transmit)
    HAL_UART_TxCpltCallback                  0x08002d59   Thumb Code     8  stm32f4xx_hal_uart.o(.text.HAL_UART_TxCpltCallback)
    HardFault_Handler                        0x08002d61   Thumb Code     4  stm32f4xx_it.o(.text.HardFault_Handler)
    MX_CAN1_Init                             0x08002d65   Thumb Code   102  can.o(.text.MX_CAN1_Init)
    MemManage_Handler                        0x08002dcd   Thumb Code     4  stm32f4xx_it.o(.text.MemManage_Handler)
    Motor_QB                                 0x08002dd1   Thumb Code    26  motioncontrol.o(.text.Motor_QB)
    NMI_Handler                              0x08002ded   Thumb Code     2  stm32f4xx_it.o(.text.NMI_Handler)
    NMT_State_Change                         0x08002df1   Thumb Code    54  nmt_control.o(.text.NMT_State_Change)
    PendSV_Handler                           0x08002ea1   Thumb Code   100  port.o(.text.PendSV_Handler)
    ReceivePDO                               0x08002f05   Thumb Code   210  pdo.o(.text.ReceivePDO)
    SDO_Write                                0x08002fd9   Thumb Code   142  sdo.o(.text.SDO_Write)
    SVC_Handler                              0x08003071   Thumb Code    36  port.o(.text.SVC_Handler)
    Serialport_Init                          0x08003095   Thumb Code    24  usart.o(.text.Serialport_Init)
    Stm32_Clock_Init                         0x080030ad   Thumb Code   228  sys.o(.text.Stm32_Clock_Init)
    Sync_Send                                0x08003191   Thumb Code    36  nmt_control.o(.text.Sync_Send)
    SysTick_Handler                          0x08003209   Thumb Code    20  delay.o(.text.SysTick_Handler)
    SystemInit                               0x0800321d   Thumb Code   110  system_stm32f4xx.o(.text.SystemInit)
    TransmitPDO                              0x0800328d   Thumb Code   160  pdo.o(.text.TransmitPDO)
    USART1_IRQHandler                        0x080039d1   Thumb Code   122  usart.o(.text.USART1_IRQHandler)
    USART2_IRQHandler                        0x08003a4d   Thumb Code   140  usart.o(.text.USART2_IRQHandler)
    UsageFault_Handler                       0x08003ad9   Thumb Code     4  stm32f4xx_it.o(.text.UsageFault_Handler)
    WristPositionControl                     0x08003add   Thumb Code  1188  motioncontrol.o(.text.WristPositionControl)
    Wrist_task(void*)                        0x08003fb1   Thumb Code   404  main.o(.text._Z10Wrist_taskPv)
    start_task(void*)                        0x08004145   Thumb Code   160  main.o(.text._Z10start_taskPv)
    Command_task(void*)                      0x080041e5   Thumb Code   304  main.o(.text._Z12Command_taskPv)
    WristPos_task(void*)                     0x08004315   Thumb Code   472  main.o(.text._Z13WristPos_taskPv)
    Epos::EnableDevice()                     0x080044ed   Thumb Code    38  epos.o(.text._ZN4Epos12EnableDeviceEv)
    Epos::Get_ActualPos()                    0x08004515   Thumb Code    96  epos.o(.text._ZN4Epos13Get_ActualPosEv)
    Epos::MoveToPosition(unsigned char, int) 0x08004575   Thumb Code    64  epos.o(.text._ZN4Epos14MoveToPositionEhi)
    Epos::WriteControlword(unsigned short)   0x080045b5   Thumb Code    48  epos.o(.text._ZN4Epos16WriteControlwordEt)
    Epos::Set_TargetPosition(unsigned char, int) 0x080045e5   Thumb Code    84  epos.o(.text._ZN4Epos18Set_TargetPositionEhi)
    Epos::Epos__sub_object(unsigned char, unsigned char, int, int, unsigned int, unsigned int, unsigned int, unsigned int, unsigned char) 0x08004639   Thumb Code    94  motioncontrol.o(.text._ZN4EposC2Ehhiijjjjh)
    FuzzyPID::GetSumGrad()                   0x08004699   Thumb Code   416  fuzzypid.o(.text._ZN8FuzzyPID10GetSumGradEv)
    FuzzyPID::Quantization(float, float, float) 0x08004839   Thumb Code   168  fuzzypid.o(.text._ZN8FuzzyPID12QuantizationEfff)
    FuzzyPID::FuzzyPIDcontroller(float, float, float, float, float, float, float, float, float, float, float, float, float, float) 0x080048e1   Thumb Code   476  fuzzypid.o(.text._ZN8FuzzyPID18FuzzyPIDcontrollerEffffffffffffff)
    FuzzyPID::Get_grad_membership(float, float) 0x08004abd   Thumb Code   696  fuzzypid.o(.text._ZN8FuzzyPID19Get_grad_membershipEff)
    FuzzyPID::Inverse_quantization(float, float, float) 0x08004d75   Thumb Code    68  fuzzypid.o(.text._ZN8FuzzyPID20Inverse_quantizationEfff)
    FuzzyPID::GetOUT()                       0x08004db9   Thumb Code   134  fuzzypid.o(.text._ZN8FuzzyPID6GetOUTEv)
    FuzzyPID::changeOut(double, double)      0x08004e41   Thumb Code   240  fuzzypid.o(.text._ZN8FuzzyPID9changeOutEdd)
    FuzzyPID::FuzzyPID()                     0x08004f31   Thumb Code  1718  fuzzypid.o(.text._ZN8FuzzyPIDC2Ev)
    FuzzyPID::FuzzyPID__sub_object()         0x08004f31   Thumb Code  1718  fuzzypid.o(.text._ZN8FuzzyPIDC2Ev)
    FuzzyPID::~FuzzyPID()                    0x080055e9   Thumb Code    10  fuzzypid.o(.text._ZN8FuzzyPIDD2Ev)
    FuzzyPID::~FuzzyPID__sub_object()        0x080055e9   Thumb Code    10  fuzzypid.o(.text._ZN8FuzzyPIDD2Ev)
    delay_init                               0x08005815   Thumb Code    96  delay.o(.text.delay_init)
    delay_ms                                 0x08005875   Thumb Code   108  delay.o(.text.delay_ms)
    delay_us                                 0x080058e1   Thumb Code   138  delay.o(.text.delay_us)
    fputc                                    0x0800596d   Thumb Code    48  usart.o(.text.fputc)
    main                                     0x0800599d   Thumb Code    94  main.o(.text.main)
    printCANframe                            0x080059fd   Thumb Code   172  usart_print.o(.text.printCANframe)
    print_data_dec                           0x08005aa9   Thumb Code    70  usart_print.o(.text.print_data_dec)
    print_data_format                        0x08005af1   Thumb Code    52  usart_print.o(.text.print_data_format)
    print_data_hex                           0x08005b25   Thumb Code    56  usart_print.o(.text.print_data_hex)
    print_str                                0x08005b5d   Thumb Code    38  usart_print.o(.text.print_str)
    println_str                              0x08005b85   Thumb Code    52  usart_print.o(.text.println_str)
    pvPortMalloc                             0x080069cd   Thumb Code   456  heap_4.o(.text.pvPortMalloc)
    pxPortInitialiseStack                    0x08006b95   Thumb Code    94  port.o(.text.pxPortInitialiseStack)
    uart1_init                               0x08006bf5   Thumb Code    68  usart.o(.text.uart1_init)
    uart2_init                               0x08006c39   Thumb Code    68  usart.o(.text.uart2_init)
    uxListRemove                             0x08006c7d   Thumb Code    72  list.o(.text.uxListRemove)
    uxTaskResetEventItemValue                0x08006cc5   Thumb Code    34  tasks.o(.text.uxTaskResetEventItemValue)
    vApplicationStackOverflowHook            0x08006ce9   Thumb Code    26  tasks.o(.text.vApplicationStackOverflowHook)
    vListInitialise                          0x08006d05   Thumb Code    46  list.o(.text.vListInitialise)
    vListInitialiseItem                      0x08006d35   Thumb Code    14  list.o(.text.vListInitialiseItem)
    vListInsert                              0x08006d45   Thumb Code   106  list.o(.text.vListInsert)
    vListInsertEnd                           0x08006db1   Thumb Code    58  list.o(.text.vListInsertEnd)
    vPortEnterCritical                       0x08006e01   Thumb Code    86  port.o(.text.vPortEnterCritical)
    vPortExitCritical                        0x08006e59   Thumb Code    74  port.o(.text.vPortExitCritical)
    vPortFree                                0x08006ea5   Thumb Code   186  heap_4.o(.text.vPortFree)
    vPortSetupTimerInterrupt                 0x08006f61   Thumb Code    68  port.o(.text.vPortSetupTimerInterrupt)
    vQueueAddToRegistry                      0x08006fa5   Thumb Code   182  queue.o(.text.vQueueAddToRegistry)
    vQueueWaitForMessageRestricted           0x0800705d   Thumb Code   100  queue.o(.text.vQueueWaitForMessageRestricted)
    vTaskDelay                               0x080070c1   Thumb Code   110  tasks.o(.text.vTaskDelay)
    vTaskDelete                              0x08007131   Thumb Code   340  tasks.o(.text.vTaskDelete)
    vTaskInternalSetTimeOutState             0x08007285   Thumb Code    36  tasks.o(.text.vTaskInternalSetTimeOutState)
    vTaskMissedYield                         0x080072a9   Thumb Code    14  tasks.o(.text.vTaskMissedYield)
    vTaskPlaceOnEventList                    0x080072b9   Thumb Code    66  tasks.o(.text.vTaskPlaceOnEventList)
    vTaskPlaceOnEventListRestricted          0x080072fd   Thumb Code   124  tasks.o(.text.vTaskPlaceOnEventListRestricted)
    vTaskPlaceOnUnorderedEventList           0x08007379   Thumb Code   156  tasks.o(.text.vTaskPlaceOnUnorderedEventList)
    vTaskRemoveFromUnorderedEventList        0x08007415   Thumb Code   356  tasks.o(.text.vTaskRemoveFromUnorderedEventList)
    vTaskStartScheduler                      0x08007579   Thumb Code   178  tasks.o(.text.vTaskStartScheduler)
    vTaskSuspendAll                          0x0800762d   Thumb Code    16  tasks.o(.text.vTaskSuspendAll)
    vTaskSwitchContext                       0x0800763d   Thumb Code   280  tasks.o(.text.vTaskSwitchContext)
    xEventGroupClearBits                     0x08007755   Thumb Code   100  event_groups.o(.text.xEventGroupClearBits)
    xEventGroupCreate                        0x080077b9   Thumb Code    42  event_groups.o(.text.xEventGroupCreate)
    xEventGroupSetBits                       0x080077e5   Thumb Code   282  event_groups.o(.text.xEventGroupSetBits)
    xEventGroupWaitBits                      0x08007901   Thumb Code   442  event_groups.o(.text.xEventGroupWaitBits)
    xPortStartScheduler                      0x08007abd   Thumb Code   342  port.o(.text.xPortStartScheduler)
    xPortSysTickHandler                      0x08007c15   Thumb Code    60  port.o(.text.xPortSysTickHandler)
    xQueueGenericCreate                      0x08007c51   Thumb Code   154  queue.o(.text.xQueueGenericCreate)
    xQueueGenericReset                       0x08007ced   Thumb Code   264  queue.o(.text.xQueueGenericReset)
    xQueueGenericSend                        0x08007df5   Thumb Code   556  queue.o(.text.xQueueGenericSend)
    xQueueReceive                            0x08008021   Thumb Code   476  queue.o(.text.xQueueReceive)
    xTaskCheckForTimeOut                     0x080081fd   Thumb Code   210  tasks.o(.text.xTaskCheckForTimeOut)
    xTaskCreate                              0x080082d1   Thumb Code   160  tasks.o(.text.xTaskCreate)
    xTaskGetSchedulerState                   0x08008371   Thumb Code    56  tasks.o(.text.xTaskGetSchedulerState)
    xTaskGetTickCount                        0x080083a9   Thumb Code    20  tasks.o(.text.xTaskGetTickCount)
    xTaskIncrementTick                       0x080083bd   Thumb Code   608  tasks.o(.text.xTaskIncrementTick)
    xTaskPriorityDisinherit                  0x0800861d   Thumb Code   312  tasks.o(.text.xTaskPriorityDisinherit)
    xTaskRemoveFromEventList                 0x08008755   Thumb Code   396  tasks.o(.text.xTaskRemoveFromEventList)
    xTaskResumeAll                           0x080088e1   Thumb Code   546  tasks.o(.text.xTaskResumeAll)
    xTimerCreateTimerTask                    0x08008b05   Thumb Code   108  timers.o(.text.xTimerCreateTimerTask)
    __0printf                                0x08008b71   Thumb Code    22  printfa.o(i.__0printf)
    __1printf                                0x08008b71   Thumb Code     0  printfa.o(i.__0printf)
    __2printf                                0x08008b71   Thumb Code     0  printfa.o(i.__0printf)
    __c89printf                              0x08008b71   Thumb Code     0  printfa.o(i.__0printf)
    printf                                   0x08008b71   Thumb Code     0  printfa.o(i.__0printf)
    __0sprintf                               0x08008b91   Thumb Code    34  printfa.o(i.__0sprintf)
    __1sprintf                               0x08008b91   Thumb Code     0  printfa.o(i.__0sprintf)
    __2sprintf                               0x08008b91   Thumb Code     0  printfa.o(i.__0sprintf)
    __c89sprintf                             0x08008b91   Thumb Code     0  printfa.o(i.__0sprintf)
    sprintf                                  0x08008b91   Thumb Code     0  printfa.o(i.__0sprintf)
    __ARM_fpclassify                         0x08008bb9   Thumb Code    48  fpclassify.o(i.__ARM_fpclassify)
    __hardfp_pow                             0x08008be9   Thumb Code  3088  pow.o(i.__hardfp_pow)
    __kernel_poly                            0x08009849   Thumb Code   248  poly.o(i.__kernel_poly)
    __mathlib_dbl_divzero                    0x08009941   Thumb Code    28  dunder.o(i.__mathlib_dbl_divzero)
    __mathlib_dbl_infnan2                    0x08009971   Thumb Code    20  dunder.o(i.__mathlib_dbl_infnan2)
    __mathlib_dbl_invalid                    0x08009989   Thumb Code    24  dunder.o(i.__mathlib_dbl_invalid)
    __mathlib_dbl_overflow                   0x080099a9   Thumb Code    24  dunder.o(i.__mathlib_dbl_overflow)
    __mathlib_dbl_underflow                  0x080099c9   Thumb Code    24  dunder.o(i.__mathlib_dbl_underflow)
    __scatterload_copy                       0x080099e9   Thumb Code    14  handlers.o(i.__scatterload_copy)
    __scatterload_null                       0x080099f7   Thumb Code     2  handlers.o(i.__scatterload_null)
    __scatterload_zeroinit                   0x080099f9   Thumb Code    14  handlers.o(i.__scatterload_zeroinit)
    __set_errno                              0x08009a09   Thumb Code     6  errno.o(i.__set_errno)
    fabs                                     0x0800a2d1   Thumb Code    24  fabs.o(i.fabs)
    free                                     0x0800a2e9   Thumb Code    76  malloc.o(i.free)
    malloc                                   0x0800a339   Thumb Code    92  malloc.o(i.malloc)
    sqrt                                     0x0800a3a5   Thumb Code   110  sqrt.o(i.sqrt)
    __mathlib_zero                           0x0800a4a0   Data           8  qnan.o(.constdata)
    AHBPrescTable                            0x0800a4a8   Data          16  system_stm32f4xx.o(.rodata.AHBPrescTable)
    APBPrescTable                            0x0800a4b8   Data           8  system_stm32f4xx.o(.rodata.APBPrescTable)
    uxTopUsedPriority                        0x0800a748   Data           4  tasks.o(.rodata.uxTopUsedPriority)
    Region$$Table$$Base                      0x0800a74c   Number         0  anon$$obj.o(Region$$Table)
    Region$$Table$$Limit                     0x0800a76c   Number         0  anon$$obj.o(Region$$Table)
    SHT$$INIT_ARRAY$$Base                    0x0800a76c   Number         0  main.o(.init_array)
    SHT$$INIT_ARRAY$$Limit                   0x0800a778   Number         0  cpp_init.o(.init_array)
    __stdout                                 0x20000000   Data           4  stdout.o(.data)
    __microlib_freelist                      0x2000000c   Data           4  mvars.o(.data)
    __microlib_freelist_initialised          0x20000010   Data           4  mvars.o(.data)
    RxPDO                                    0x200000a0   Data           8  pdo.o(.data.RxPDO)
    SystemCoreClock                          0x200000a8   Data           4  system_stm32f4xx.o(.data.SystemCoreClock)
    TxPDO                                    0x200000ac   Data           8  pdo.o(.data.TxPDO)
    uwTickFreq                               0x200000c0   Data           1  stm32f4xx_hal.o(.data.uwTickFreq)
    uwTickPrio                               0x200000c4   Data           4  stm32f4xx_hal.o(.data.uwTickPrio)
    CommandQueue                             0x20000140   Data           4  main.o(.bss.CommandQueue)
    CommandTask_Handler                      0x20000144   Data           4  main.o(.bss.CommandTask_Handler)
    EventGroupHandler                        0x20000148   Data           4  main.o(.bss.EventGroupHandler)
    Poseture_Adjustment                      0x2000014c   Data         968  motioncontrol.o(.bss.Poseture_Adjustment)
    RxMessage                                0x20000514   Data          28  can.o(.bss.RxMessage)
    StartTask_Handler                        0x20000530   Data           4  main.o(.bss.StartTask_Handler)
    UART1_Handler                            0x20000534   Data          64  usart.o(.bss.UART1_Handler)
    UART2_Handler                            0x20000574   Data          64  usart.o(.bss.UART2_Handler)
    USART1_RX_BUF                            0x200005b4   Data         200  usart.o(.bss.USART1_RX_BUF)
    USART1_RX_STA                            0x2000067c   Data           2  usart.o(.bss.USART1_RX_STA)
    WristPosQueue                            0x20000680   Data           4  main.o(.bss.WristPosQueue)
    WristPosTask_Handler                     0x20000684   Data           4  main.o(.bss.WristPosTask_Handler)
    WristTask_Handler                        0x20000688   Data           4  main.o(.bss.WristTask_Handler)
    aRxBuffer                                0x2000079f   Data           1  usart.o(.bss.aRxBuffer)
    bRxBuffer                                0x200007a0   Data           1  usart.o(.bss.bRxBuffer)
    hcan1                                    0x200007a8   Data          40  can.o(.bss.hcan1)
    motor_QB                                 0x200007d0   Data          32  motioncontrol.o(.bss.motor_QB)
    motor_W1                                 0x200007f0   Data          32  motioncontrol.o(.bss.motor_W1)
    motor_W2                                 0x20000810   Data          32  motioncontrol.o(.bss.motor_W2)
    motor_ZB                                 0x20000830   Data          32  motioncontrol.o(.bss.motor_ZB)
    motor_test                               0x20000850   Data          32  motor_test.o(.bss.motor_test)
    pxCurrentTCB                             0x20000874   Data           4  tasks.o(.bss.pxCurrentTCB)
    stcAcc                                   0x200008f0   Data           8  bwt61cl.o(.bss.stcAcc)
    stcAngle                                 0x200008f8   Data           8  bwt61cl.o(.bss.stcAngle)
    stcGyro                                  0x20000900   Data           8  bwt61cl.o(.bss.stcGyro)
    uwTick                                   0x20013510   Data           4  stm32f4xx_hal.o(.bss.uwTick)
    xQueueRegistry                           0x200135ac   Data          64  queue.o(.bss.xQueueRegistry)
    __heap_base                              0x20013630   Data           0  startup_stm32f407xx.o(HEAP)
    __heap_limit                             0x20013830   Data           0  startup_stm32f407xx.o(HEAP)
    __initial_sp                             0x20013c30   Data           0  startup_stm32f407xx.o(STACK)



==============================================================================

Memory Map of the image

  Image Entry point : 0x08000189

  Load Region LR_IROM1 (Base: 0x08000000, Size: 0x0000a848, Max: 0x00100000, ABSOLUTE)

    Execution Region ER_IROM1 (Exec base: 0x08000000, Load base: 0x08000000, Size: 0x0000a778, Max: 0x00100000, ABSOLUTE)

    Exec Addr    Load Addr    Size         Type   Attr      Idx    E Section Name        Object

    0x08000000   0x08000000   0x00000188   Data   RO           86    RESET               startup_stm32f407xx.o
    0x08000188   0x08000188   0x00000000   Code   RO         1945  * .ARM.Collect$$$$00000000  mc_w.l(entry.o)
    0x08000188   0x08000188   0x00000004   Code   RO         2046    .ARM.Collect$$$$00000001  mc_w.l(entry2.o)
    0x0800018c   0x0800018c   0x00000004   Code   RO         2049    .ARM.Collect$$$$00000004  mc_w.l(entry5.o)
    0x08000190   0x08000190   0x00000000   Code   RO         2051    .ARM.Collect$$$$00000008  mc_w.l(entry7b.o)
    0x08000190   0x08000190   0x00000004   Code   RO         2052    .ARM.Collect$$$$00000009  mc_w.l(entry8a.o)
    0x08000194   0x08000194   0x00000000   Code   RO         2053    .ARM.Collect$$$$0000000A  mc_w.l(entry8b.o)
    0x08000194   0x08000194   0x00000008   Code   RO         2054    .ARM.Collect$$$$0000000B  mc_w.l(entry9a.o)
    0x0800019c   0x0800019c   0x00000000   Code   RO         2056    .ARM.Collect$$$$0000000D  mc_w.l(entry10a.o)
    0x0800019c   0x0800019c   0x00000004   Code   RO         2057    .ARM.Collect$$$$0000000E  mc_w.l(entry10b.o)
    0x080001a0   0x080001a0   0x00000000   Code   RO         2058    .ARM.Collect$$$$0000000F  mc_w.l(entry11a.o)
    0x080001a0   0x080001a0   0x00000004   Code   RO         2047    .ARM.Collect$$$$00002712  mc_w.l(entry2.o)
    0x080001a4   0x080001a4   0x00000024   Code   RO           87    .text               startup_stm32f407xx.o
    0x080001c8   0x080001c8   0x00000062   Code   RO         1948    .text               mc_w.l(uldiv.o)
    0x0800022a   0x0800022a   0x00000008   Code   RO         1950    .text               mc_w.l(siabs.o)
    0x08000232   0x08000232   0x00000024   Code   RO         1954    .text               mc_w.l(memcpya.o)
    0x08000256   0x08000256   0x00000024   Code   RO         1956    .text               mc_w.l(memseta.o)
    0x0800027a   0x0800027a   0x0000000e   Code   RO         1958    .text               mc_w.l(strlen.o)
    0x08000288   0x08000288   0x00000020   Code   RO         1993    .text               mc_w.l(cpp_init.o)
    0x080002a8   0x080002a8   0x0000000a   Code   RO         1995    .text               mc_w.l(cxa_atexit.o)
    0x080002b2   0x080002b2   0x0000014e   Code   RO         1997    .text               mf_w.l(dadd.o)
    0x08000400   0x08000400   0x000000e4   Code   RO         1999    .text               mf_w.l(dmul.o)
    0x080004e4   0x080004e4   0x000000de   Code   RO         2001    .text               mf_w.l(ddiv.o)
    0x080005c2   0x080005c2   0x00000036   Code   RO         2003    .text               mf_w.l(dcmple.o)
    0x080005f8   0x080005f8   0x00000036   Code   RO         2005    .text               mf_w.l(dcmpge.o)
    0x0800062e   0x0800062e   0x00000022   Code   RO         2007    .text               mf_w.l(dflti.o)
    0x08000650   0x08000650   0x0000003e   Code   RO         2009    .text               mf_w.l(dfixi.o)
    0x0800068e   0x0800068e   0x00000026   Code   RO         2011    .text               mf_w.l(f2d.o)
    0x080006b4   0x080006b4   0x00000038   Code   RO         2013    .text               mf_w.l(d2f.o)
    0x080006ec   0x080006ec   0x0000002c   Code   RO         2070    .text               mc_w.l(uidiv.o)
    0x08000718   0x08000718   0x0000001e   Code   RO         2072    .text               mc_w.l(llshl.o)
    0x08000736   0x08000736   0x00000020   Code   RO         2074    .text               mc_w.l(llushr.o)
    0x08000756   0x08000756   0x00000024   Code   RO         2076    .text               mc_w.l(llsshr.o)
    0x0800077a   0x0800077a   0x00000000   Code   RO         2085    .text               mc_w.l(iusefp.o)
    0x0800077a   0x0800077a   0x0000002e   Code   RO         2086    .text               mc_w.l(aeabi_atexit.o)
    0x080007a8   0x080007a8   0x0000006e   Code   RO         2092    .text               mf_w.l(fepilogue.o)
    0x08000816   0x08000816   0x000000ba   Code   RO         2094    .text               mf_w.l(depilogue.o)
    0x080008d0   0x080008d0   0x0000002e   Code   RO         2098    .text               mf_w.l(dscalb.o)
    0x080008fe   0x080008fe   0x00000030   Code   RO         2100    .text               mf_w.l(dfixul.o)
    0x0800092e   0x0800092e   0x00000002   PAD
    0x08000930   0x08000930   0x00000030   Code   RO         2102    .text               mf_w.l(cdrcmple.o)
    0x08000960   0x08000960   0x00000024   Code   RO         2104    .text               mc_w.l(init.o)
    0x08000984   0x08000984   0x00000008   Code   RO         2134    .text               mc_w.l(cpp_dtor.o)
    0x0800098c   0x0800098c   0x00000042   Code   RO         2137    .text               mc_w.l(cxa_finalize.o)
    0x080009ce   0x080009ce   0x000000a2   Code   RO         2139    .text               mf_w.l(dsqrt.o)
    0x08000a70   0x08000a70   0x00000002   Code   RO         2143    .text               mc_w.l(cpp_final.o)
    0x08000a72   0x08000a72   0x00000002   PAD
    0x08000a74   0x08000a74   0x00000004   Code   RO           47    .text.BusFault_Handler  stm32f4xx_it.o
    0x08000a78   0x08000a78   0x0000005a   Code   RO         1198    .text.CAN_Config    can.o
    0x08000ad2   0x08000ad2   0x00000002   PAD
    0x08000ad4   0x08000ad4   0x0000004a   Code   RO         1196    .text.CAN_Filter_Config  can.o
    0x08000b1e   0x08000b1e   0x00000002   PAD
    0x08000b20   0x08000b20   0x00000096   Code   RO         1202    .text.CAN_ReceiveMsg  can.o
    0x08000bb6   0x08000bb6   0x00000002   PAD
    0x08000bb8   0x08000bb8   0x00000094   Code   RO         1200    .text.CAN_SendMsg   can.o
    0x08000c4c   0x08000c4c   0x000000da   Code   RO         1920    .text.CopeWristPosData  bwt61cl.o
    0x08000d26   0x08000d26   0x00000002   PAD
    0x08000d28   0x08000d28   0x00000002   Code   RO           51    .text.DebugMon_Handler  stm32f4xx_it.o
    0x08000d2a   0x08000d2a   0x00000006   PAD
    0x08000d30   0x08000d30   0x00000190   Code   RO         1249    .text.Get_USART_Command  usart_get.o
    0x08000ec0   0x08000ec0   0x00000052   Code   RO          665    .text.HAL_CAN_ActivateNotification  stm32f4xx_hal_can.o
    0x08000f12   0x08000f12   0x00000002   PAD
    0x08000f14   0x08000f14   0x00000170   Code   RO          651    .text.HAL_CAN_AddTxMessage  stm32f4xx_hal_can.o
    0x08001084   0x08001084   0x000001a4   Code   RO          641    .text.HAL_CAN_ConfigFilter  stm32f4xx_hal_can.o
    0x08001228   0x08001228   0x000001f0   Code   RO          661    .text.HAL_CAN_GetRxMessage  stm32f4xx_hal_can.o
    0x08001418   0x08001418   0x000001de   Code   RO          631    .text.HAL_CAN_Init  stm32f4xx_hal_can.o
    0x080015f6   0x080015f6   0x00000002   PAD
    0x080015f8   0x080015f8   0x0000008e   Code   RO         1194    .text.HAL_CAN_MspInit  can.o
    0x08001686   0x08001686   0x00000002   PAD
    0x08001688   0x08001688   0x0000008a   Code   RO          643    .text.HAL_CAN_Start  stm32f4xx_hal_can.o
    0x08001712   0x08001712   0x00000002   PAD
    0x08001714   0x08001714   0x00000044   Code   RO          594    .text.HAL_DMA_Abort_IT  stm32f4xx_hal_dma.o
    0x08001758   0x08001758   0x000003b8   Code   RO          229    .text.HAL_GPIO_Init  stm32f4xx_hal_gpio.o
    0x08001b10   0x08001b10   0x0000000e   Code   RO          122    .text.HAL_GetREVID  stm32f4xx_hal.o
    0x08001b1e   0x08001b1e   0x00000002   PAD
    0x08001b20   0x08001b20   0x0000000c   Code   RO          106    .text.HAL_GetTick   stm32f4xx_hal.o
    0x08001b2c   0x08001b2c   0x0000002e   Code   RO           94    .text.HAL_Init      stm32f4xx_hal.o
    0x08001b5a   0x08001b5a   0x00000002   PAD
    0x08001b5c   0x08001b5c   0x00000070   Code   RO           96    .text.HAL_InitTick  stm32f4xx_hal.o
    0x08001bcc   0x08001bcc   0x00000002   Code   RO           74    .text.HAL_MspInit   stm32f4xx_hal_msp.o
    0x08001bce   0x08001bce   0x00000002   PAD
    0x08001bd0   0x08001bd0   0x00000014   Code   RO          170    .text.HAL_NVIC_EnableIRQ  stm32f4xx_hal_cortex.o
    0x08001be4   0x08001be4   0x00000032   Code   RO          162    .text.HAL_NVIC_SetPriority  stm32f4xx_hal_cortex.o
    0x08001c16   0x08001c16   0x00000002   PAD
    0x08001c18   0x08001c18   0x00000010   Code   RO          158    .text.HAL_NVIC_SetPriorityGrouping  stm32f4xx_hal_cortex.o
    0x08001c28   0x08001c28   0x0000025a   Code   RO          316    .text.HAL_RCC_ClockConfig  stm32f4xx_hal_rcc.o
    0x08001e82   0x08001e82   0x00000002   PAD
    0x08001e84   0x08001e84   0x0000000c   Code   RO          326    .text.HAL_RCC_GetHCLKFreq  stm32f4xx_hal_rcc.o
    0x08001e90   0x08001e90   0x00000022   Code   RO          328    .text.HAL_RCC_GetPCLK1Freq  stm32f4xx_hal_rcc.o
    0x08001eb2   0x08001eb2   0x00000002   PAD
    0x08001eb4   0x08001eb4   0x00000022   Code   RO          330    .text.HAL_RCC_GetPCLK2Freq  stm32f4xx_hal_rcc.o
    0x08001ed6   0x08001ed6   0x00000002   PAD
    0x08001ed8   0x08001ed8   0x000000e6   Code   RO          318    .text.HAL_RCC_GetSysClockFreq  stm32f4xx_hal_rcc.o
    0x08001fbe   0x08001fbe   0x00000002   PAD
    0x08001fc0   0x08001fc0   0x00000630   Code   RO          314    .text.HAL_RCC_OscConfig  stm32f4xx_hal_rcc.o
    0x080025f0   0x080025f0   0x00000034   Code   RO          216    .text.HAL_SYSTICK_CLKSourceConfig  stm32f4xx_hal_cortex.o
    0x08002624   0x08002624   0x00000010   Code   RO          182    .text.HAL_SYSTICK_Config  stm32f4xx_hal_cortex.o
    0x08002634   0x08002634   0x00000008   Code   RO          448    .text.HAL_UART_ErrorCallback  stm32f4xx_hal_uart.o
    0x0800263c   0x0800263c   0x00000028   Code   RO          472    .text.HAL_UART_GetState  stm32f4xx_hal_uart.o
    0x08002664   0x08002664   0x000001fc   Code   RO          442    .text.HAL_UART_IRQHandler  stm32f4xx_hal_uart.o
    0x08002860   0x08002860   0x0000009a   Code   RO          366    .text.HAL_UART_Init  stm32f4xx_hal_uart.o
    0x080028fa   0x080028fa   0x00000002   PAD
    0x080028fc   0x080028fc   0x0000013e   Code   RO         1166    .text.HAL_UART_MspInit  usart.o
    0x08002a3a   0x08002a3a   0x00000002   PAD
    0x08002a3c   0x08002a3c   0x000000ba   Code   RO          390    .text.HAL_UART_Receive_IT  stm32f4xx_hal_uart.o
    0x08002af6   0x08002af6   0x00000002   PAD
    0x08002af8   0x08002af8   0x000000fe   Code   RO         1168    .text.HAL_UART_RxCpltCallback  usart.o
    0x08002bf6   0x08002bf6   0x00000002   PAD
    0x08002bf8   0x08002bf8   0x00000160   Code   RO          382    .text.HAL_UART_Transmit  stm32f4xx_hal_uart.o
    0x08002d58   0x08002d58   0x00000008   Code   RO          454    .text.HAL_UART_TxCpltCallback  stm32f4xx_hal_uart.o
    0x08002d60   0x08002d60   0x00000004   Code   RO           43    .text.HardFault_Handler  stm32f4xx_it.o
    0x08002d64   0x08002d64   0x00000066   Code   RO         1192    .text.MX_CAN1_Init  can.o
    0x08002dca   0x08002dca   0x00000002   PAD
    0x08002dcc   0x08002dcc   0x00000004   Code   RO           45    .text.MemManage_Handler  stm32f4xx_it.o
    0x08002dd0   0x08002dd0   0x0000001a   Code   RO         1376    .text.Motor_QB      motioncontrol.o
    0x08002dea   0x08002dea   0x00000002   PAD
    0x08002dec   0x08002dec   0x00000002   Code   RO           41    .text.NMI_Handler   stm32f4xx_it.o
    0x08002dee   0x08002dee   0x00000002   PAD
    0x08002df0   0x08002df0   0x00000036   Code   RO         1214    .text.NMT_State_Change  nmt_control.o
    0x08002e26   0x08002e26   0x00000002   PAD
    0x08002e28   0x08002e28   0x0000006c   Code   RO          168    .text.NVIC_EncodePriority  stm32f4xx_hal_cortex.o
    0x08002e94   0x08002e94   0x0000000c   PAD
    0x08002ea0   0x08002ea0   0x00000064   Code   RO         1904    .text.PendSV_Handler  port.o
    0x08002f04   0x08002f04   0x000000d2   Code   RO         1227    .text.ReceivePDO    pdo.o
    0x08002fd6   0x08002fd6   0x00000002   PAD
    0x08002fd8   0x08002fd8   0x0000008e   Code   RO         1238    .text.SDO_Write     sdo.o
    0x08003066   0x08003066   0x0000000a   PAD
    0x08003070   0x08003070   0x00000024   Code   RO         1888    .text.SVC_Handler   port.o
    0x08003094   0x08003094   0x00000018   Code   RO         1176    .text.Serialport_Init  usart.o
    0x080030ac   0x080030ac   0x000000e4   Code   RO         1154    .text.Stm32_Clock_Init  sys.o
    0x08003190   0x08003190   0x00000024   Code   RO         1216    .text.Sync_Send     nmt_control.o
    0x080031b4   0x080031b4   0x00000052   Code   RO          184    .text.SysTick_Config  stm32f4xx_hal_cortex.o
    0x08003206   0x08003206   0x00000002   PAD
    0x08003208   0x08003208   0x00000014   Code   RO         1137    .text.SysTick_Handler  delay.o
    0x0800321c   0x0800321c   0x0000006e   Code   RO           60    .text.SystemInit    system_stm32f4xx.o
    0x0800328a   0x0800328a   0x00000002   PAD
    0x0800328c   0x0800328c   0x000000a0   Code   RO         1225    .text.TransmitPDO   pdo.o
    0x0800332c   0x0800332c   0x00000020   Code   RO          446    .text.UART_DMAAbortOnError  stm32f4xx_hal_uart.o
    0x0800334c   0x0800334c   0x00000028   Code   RO          414    .text.UART_EndRxTransfer  stm32f4xx_hal_uart.o
    0x08003374   0x08003374   0x00000026   Code   RO          452    .text.UART_EndTransmit_IT  stm32f4xx_hal_uart.o
    0x0800339a   0x0800339a   0x00000002   PAD
    0x0800339c   0x0800339c   0x000000ee   Code   RO          444    .text.UART_Receive_IT  stm32f4xx_hal_uart.o
    0x0800348a   0x0800348a   0x00000002   PAD
    0x0800348c   0x0800348c   0x00000408   Code   RO          370    .text.UART_SetConfig  stm32f4xx_hal_uart.o
    0x08003894   0x08003894   0x000000a0   Code   RO          450    .text.UART_Transmit_IT  stm32f4xx_hal_uart.o
    0x08003934   0x08003934   0x0000009c   Code   RO          384    .text.UART_WaitOnFlagUntilTimeout  stm32f4xx_hal_uart.o
    0x080039d0   0x080039d0   0x0000007a   Code   RO         1170    .text.USART1_IRQHandler  usart.o
    0x08003a4a   0x08003a4a   0x00000002   PAD
    0x08003a4c   0x08003a4c   0x0000008c   Code   RO         1174    .text.USART2_IRQHandler  usart.o
    0x08003ad8   0x08003ad8   0x00000004   Code   RO           49    .text.UsageFault_Handler  stm32f4xx_it.o
    0x08003adc   0x08003adc   0x000004a4   Code   RO         1378    .text.WristPositionControl  motioncontrol.o
    0x08003f80   0x08003f80   0x00000010   Code   RO           20    .text._GLOBAL__sub_I_main.c  main.o
    0x08003f90   0x08003f90   0x00000018   Code   RO         1380    .text._GLOBAL__sub_I_motioncontrol.cpp  motioncontrol.o
    0x08003fa8   0x08003fa8   0x00000008   Code   RO         1404    .text._GLOBAL__sub_I_motor_test.cpp  motor_test.o
    0x08003fb0   0x08003fb0   0x00000194   Code   RO           14    .text._Z10Wrist_taskPv  main.o
    0x08004144   0x08004144   0x000000a0   Code   RO           10    .text._Z10start_taskPv  main.o
    0x080041e4   0x080041e4   0x00000130   Code   RO           12    .text._Z12Command_taskPv  main.o
    0x08004314   0x08004314   0x000001d8   Code   RO           16    .text._Z13WristPos_taskPv  main.o
    0x080044ec   0x080044ec   0x00000026   Code   RO         1328    .text._ZN4Epos12EnableDeviceEv  epos.o
    0x08004512   0x08004512   0x00000002   PAD
    0x08004514   0x08004514   0x00000060   Code   RO         1314    .text._ZN4Epos13Get_ActualPosEv  epos.o
    0x08004574   0x08004574   0x00000040   Code   RO         1332    .text._ZN4Epos14MoveToPositionEhi  epos.o
    0x080045b4   0x080045b4   0x00000030   Code   RO         1330    .text._ZN4Epos16WriteControlwordEt  epos.o
    0x080045e4   0x080045e4   0x00000054   Code   RO         1298    .text._ZN4Epos18Set_TargetPositionEhi  epos.o
    0x08004638   0x08004638   0x0000005e   Code   RO         1397    .text._ZN4EposC2Ehhiijjjjh  motioncontrol.o
    0x08004696   0x08004696   0x00000002   PAD
    0x08004698   0x08004698   0x000001a0   Code   RO         1423    .text._ZN8FuzzyPID10GetSumGradEv  fuzzypid.o
    0x08004838   0x08004838   0x000000a8   Code   RO         1431    .text._ZN8FuzzyPID12QuantizationEfff  fuzzypid.o
    0x080048e0   0x080048e0   0x000001dc   Code   RO         1429    .text._ZN8FuzzyPID18FuzzyPIDcontrollerEffffffffffffff  fuzzypid.o
    0x08004abc   0x08004abc   0x000002b8   Code   RO         1421    .text._ZN8FuzzyPID19Get_grad_membershipEff  fuzzypid.o
    0x08004d74   0x08004d74   0x00000044   Code   RO         1433    .text._ZN8FuzzyPID20Inverse_quantizationEfff  fuzzypid.o
    0x08004db8   0x08004db8   0x00000086   Code   RO         1425    .text._ZN8FuzzyPID6GetOUTEv  fuzzypid.o
    0x08004e3e   0x08004e3e   0x00000002   PAD
    0x08004e40   0x08004e40   0x000000f0   Code   RO         1427    .text._ZN8FuzzyPID9changeOutEdd  fuzzypid.o
    0x08004f30   0x08004f30   0x000006b6   Code   RO         1417    .text._ZN8FuzzyPIDC2Ev  fuzzypid.o
    0x080055e6   0x080055e6   0x00000002   PAD
    0x080055e8   0x080055e8   0x0000000a   Code   RO         1419    .text._ZN8FuzzyPIDD2Ev  fuzzypid.o
    0x080055f2   0x080055f2   0x00000002   PAD
    0x080055f4   0x080055f4   0x00000030   Code   RO          172    .text.__NVIC_EnableIRQ  stm32f4xx_hal_cortex.o
    0x08005624   0x08005624   0x00000010   Code   RO          164    .text.__NVIC_GetPriorityGrouping  stm32f4xx_hal_cortex.o
    0x08005634   0x08005634   0x00000042   Code   RO          166    .text.__NVIC_SetPriority  stm32f4xx_hal_cortex.o
    0x08005676   0x08005676   0x00000002   PAD
    0x08005678   0x08005678   0x0000003c   Code   RO          160    .text.__NVIC_SetPriorityGrouping  stm32f4xx_hal_cortex.o
    0x080056b4   0x080056b4   0x00000018   Code   RO            2    .text.__cxx_global_var_init  main.o
    0x080056cc   0x080056cc   0x00000030   Code   RO         1350    .text.__cxx_global_var_init  motioncontrol.o
    0x080056fc   0x080056fc   0x00000030   Code   RO         1400    .text.__cxx_global_var_init  motor_test.o
    0x0800572c   0x0800572c   0x00000018   Code   RO            4    .text.__cxx_global_var_init.1  main.o
    0x08005744   0x08005744   0x00000030   Code   RO         1352    .text.__cxx_global_var_init.1  motioncontrol.o
    0x08005774   0x08005774   0x00000012   Code   RO            6    .text.__cxx_global_var_init.2  main.o
    0x08005786   0x08005786   0x00000002   PAD
    0x08005788   0x08005788   0x00000030   Code   RO         1354    .text.__cxx_global_var_init.2  motioncontrol.o
    0x080057b8   0x080057b8   0x00000030   Code   RO         1356    .text.__cxx_global_var_init.3  motioncontrol.o
    0x080057e8   0x080057e8   0x0000002c   Code   RO         1358    .text.__cxx_global_var_init.4  motioncontrol.o
    0x08005814   0x08005814   0x00000060   Code   RO         1139    .text.delay_init    delay.o
    0x08005874   0x08005874   0x0000006c   Code   RO         1143    .text.delay_ms      delay.o
    0x080058e0   0x080058e0   0x0000008a   Code   RO         1141    .text.delay_us      delay.o
    0x0800596a   0x0800596a   0x00000002   PAD
    0x0800596c   0x0800596c   0x00000030   Code   RO         1162    .text.fputc         usart.o
    0x0800599c   0x0800599c   0x0000005e   Code   RO            8    .text.main          main.o
    0x080059fa   0x080059fa   0x00000002   PAD
    0x080059fc   0x080059fc   0x000000ac   Code   RO         1275    .text.printCANframe  usart_print.o
    0x08005aa8   0x08005aa8   0x00000046   Code   RO         1265    .text.print_data_dec  usart_print.o
    0x08005aee   0x08005aee   0x00000002   PAD
    0x08005af0   0x08005af0   0x00000034   Code   RO         1267    .text.print_data_format  usart_print.o
    0x08005b24   0x08005b24   0x00000038   Code   RO         1263    .text.print_data_hex  usart_print.o
    0x08005b5c   0x08005b5c   0x00000026   Code   RO         1261    .text.print_str     usart_print.o
    0x08005b82   0x08005b82   0x00000002   PAD
    0x08005b84   0x08005b84   0x00000034   Code   RO         1269    .text.println_str   usart_print.o
    0x08005bb8   0x08005bb8   0x0000011a   Code   RO         1649    .text.prvAddCurrentTaskToDelayedList  tasks.o
    0x08005cd2   0x08005cd2   0x00000002   PAD
    0x08005cd4   0x08005cd4   0x00000154   Code   RO         1637    .text.prvAddNewTaskToReadyList  tasks.o
    0x08005e28   0x08005e28   0x0000008c   Code   RO         1787    .text.prvCheckForValidListAndQueue  timers.o
    0x08005eb4   0x08005eb4   0x0000005a   Code   RO         1753    .text.prvCheckTasksWaitingTermination  tasks.o
    0x08005f0e   0x08005f0e   0x00000002   PAD
    0x08005f10   0x08005f10   0x00000042   Code   RO         1532    .text.prvCopyDataFromQueue  queue.o
    0x08005f52   0x08005f52   0x00000002   PAD
    0x08005f54   0x08005f54   0x000000cc   Code   RO         1520    .text.prvCopyDataToQueue  queue.o
    0x08006020   0x08006020   0x00000018   Code   RO         1643    .text.prvDeleteTCB  tasks.o
    0x08006038   0x08006038   0x00000040   Code   RO         1821    .text.prvGetNextExpireTime  timers.o
    0x08006078   0x08006078   0x000000ae   Code   RO         1854    .text.prvHeapInit   heap_4.o
    0x08006126   0x08006126   0x00000002   PAD
    0x08006128   0x08006128   0x00000038   Code   RO         1675    .text.prvIdleTask   tasks.o
    0x08006160   0x08006160   0x00000048   Code   RO         1504    .text.prvInitialiseNewQueue  queue.o
    0x080061a8   0x080061a8   0x00000124   Code   RO         1635    .text.prvInitialiseNewTask  tasks.o
    0x080062cc   0x080062cc   0x0000008e   Code   RO         1751    .text.prvInitialiseTaskLists  tasks.o
    0x0800635a   0x0800635a   0x00000002   PAD
    0x0800635c   0x0800635c   0x000000c6   Code   RO         1856    .text.prvInsertBlockIntoFreeList  heap_4.o
    0x08006422   0x08006422   0x00000002   PAD
    0x08006424   0x08006424   0x00000086   Code   RO         1835    .text.prvInsertTimerInActiveList  timers.o
    0x080064aa   0x080064aa   0x00000002   PAD
    0x080064ac   0x080064ac   0x00000028   Code   RO         1534    .text.prvIsQueueEmpty  queue.o
    0x080064d4   0x080064d4   0x0000002e   Code   RO         1522    .text.prvIsQueueFull  queue.o
    0x08006502   0x08006502   0x00000002   PAD
    0x08006504   0x08006504   0x00000028   Code   RO         1896    .text.prvPortStartFirstTask  port.o
    0x0800652c   0x0800652c   0x00000054   Code   RO         1829    .text.prvProcessExpiredTimer  timers.o
    0x08006580   0x08006580   0x00000146   Code   RO         1825    .text.prvProcessReceivedCommands  timers.o
    0x080066c6   0x080066c6   0x00000002   PAD
    0x080066c8   0x080066c8   0x0000009a   Code   RO         1823    .text.prvProcessTimerOrBlockTask  timers.o
    0x08006762   0x08006762   0x00000002   PAD
    0x08006764   0x08006764   0x00000034   Code   RO         1833    .text.prvReloadTimer  timers.o
    0x08006798   0x08006798   0x0000003c   Code   RO         1641    .text.prvResetNextTaskUnblockTime  tasks.o
    0x080067d4   0x080067d4   0x00000044   Code   RO         1827    .text.prvSampleTimeNow  timers.o
    0x08006818   0x08006818   0x00000052   Code   RO         1831    .text.prvSwitchTimerLists  timers.o
    0x0800686a   0x0800686a   0x00000002   PAD
    0x0800686c   0x0800686c   0x0000004c   Code   RO         1886    .text.prvTaskExitError  port.o
    0x080068b8   0x080068b8   0x00000042   Code   RO         1460    .text.prvTestWaitCondition  event_groups.o
    0x080068fa   0x080068fa   0x00000002   PAD
    0x080068fc   0x080068fc   0x0000001e   Code   RO         1789    .text.prvTimerTask  timers.o
    0x0800691a   0x0800691a   0x00000002   PAD
    0x0800691c   0x0800691c   0x000000ae   Code   RO         1524    .text.prvUnlockQueue  queue.o
    0x080069ca   0x080069ca   0x00000002   PAD
    0x080069cc   0x080069cc   0x000001c8   Code   RO         1852    .text.pvPortMalloc  heap_4.o
    0x08006b94   0x08006b94   0x0000005e   Code   RO         1884    .text.pxPortInitialiseStack  port.o
    0x08006bf2   0x08006bf2   0x00000002   PAD
    0x08006bf4   0x08006bf4   0x00000044   Code   RO         1164    .text.uart1_init    usart.o
    0x08006c38   0x08006c38   0x00000044   Code   RO         1172    .text.uart2_init    usart.o
    0x08006c7c   0x08006c7c   0x00000048   Code   RO         1491    .text.uxListRemove  list.o
    0x08006cc4   0x08006cc4   0x00000022   Code   RO         1733    .text.uxTaskResetEventItemValue  tasks.o
    0x08006ce6   0x08006ce6   0x00000002   PAD
    0x08006ce8   0x08006ce8   0x0000001a   Code   RO         1695    .text.vApplicationStackOverflowHook  tasks.o
    0x08006d02   0x08006d02   0x00000002   PAD
    0x08006d04   0x08006d04   0x0000002e   Code   RO         1483    .text.vListInitialise  list.o
    0x08006d32   0x08006d32   0x00000002   PAD
    0x08006d34   0x08006d34   0x0000000e   Code   RO         1485    .text.vListInitialiseItem  list.o
    0x08006d42   0x08006d42   0x00000002   PAD
    0x08006d44   0x08006d44   0x0000006a   Code   RO         1489    .text.vListInsert   list.o
    0x08006dae   0x08006dae   0x00000002   PAD
    0x08006db0   0x08006db0   0x0000003a   Code   RO         1487    .text.vListInsertEnd  list.o
    0x08006dea   0x08006dea   0x00000002   PAD
    0x08006dec   0x08006dec   0x00000014   Code   RO         1894    .text.vPortEnableVFP  port.o
    0x08006e00   0x08006e00   0x00000056   Code   RO         1900    .text.vPortEnterCritical  port.o
    0x08006e56   0x08006e56   0x00000002   PAD
    0x08006e58   0x08006e58   0x0000004a   Code   RO         1902    .text.vPortExitCritical  port.o
    0x08006ea2   0x08006ea2   0x00000002   PAD
    0x08006ea4   0x08006ea4   0x000000ba   Code   RO         1858    .text.vPortFree     heap_4.o
    0x08006f5e   0x08006f5e   0x00000002   PAD
    0x08006f60   0x08006f60   0x00000044   Code   RO         1892    .text.vPortSetupTimerInterrupt  port.o
    0x08006fa4   0x08006fa4   0x000000b6   Code   RO         1564    .text.vQueueAddToRegistry  queue.o
    0x0800705a   0x0800705a   0x00000002   PAD
    0x0800705c   0x0800705c   0x00000064   Code   RO         1568    .text.vQueueWaitForMessageRestricted  queue.o
    0x080070c0   0x080070c0   0x0000006e   Code   RO         1653    .text.vTaskDelay    tasks.o
    0x0800712e   0x0800712e   0x00000002   PAD
    0x08007130   0x08007130   0x00000154   Code   RO         1639    .text.vTaskDelete   tasks.o
    0x08007284   0x08007284   0x00000024   Code   RO         1709    .text.vTaskInternalSetTimeOutState  tasks.o
    0x080072a8   0x080072a8   0x0000000e   Code   RO         1713    .text.vTaskMissedYield  tasks.o
    0x080072b6   0x080072b6   0x00000002   PAD
    0x080072b8   0x080072b8   0x00000042   Code   RO         1697    .text.vTaskPlaceOnEventList  tasks.o
    0x080072fa   0x080072fa   0x00000002   PAD
    0x080072fc   0x080072fc   0x0000007c   Code   RO         1701    .text.vTaskPlaceOnEventListRestricted  tasks.o
    0x08007378   0x08007378   0x0000009c   Code   RO         1699    .text.vTaskPlaceOnUnorderedEventList  tasks.o
    0x08007414   0x08007414   0x00000164   Code   RO         1705    .text.vTaskRemoveFromUnorderedEventList  tasks.o
    0x08007578   0x08007578   0x000000b2   Code   RO         1673    .text.vTaskStartScheduler  tasks.o
    0x0800762a   0x0800762a   0x00000002   PAD
    0x0800762c   0x0800762c   0x00000010   Code   RO         1647    .text.vTaskSuspendAll  tasks.o
    0x0800763c   0x0800763c   0x00000118   Code   RO         1665    .text.vTaskSwitchContext  tasks.o
    0x08007754   0x08007754   0x00000064   Code   RO         1462    .text.xEventGroupClearBits  event_groups.o
    0x080077b8   0x080077b8   0x0000002a   Code   RO         1452    .text.xEventGroupCreate  event_groups.o
    0x080077e2   0x080077e2   0x00000002   PAD
    0x080077e4   0x080077e4   0x0000011a   Code   RO         1456    .text.xEventGroupSetBits  event_groups.o
    0x080078fe   0x080078fe   0x00000002   PAD
    0x08007900   0x08007900   0x000001ba   Code   RO         1458    .text.xEventGroupWaitBits  event_groups.o
    0x08007aba   0x08007aba   0x00000002   PAD
    0x08007abc   0x08007abc   0x00000156   Code   RO         1890    .text.xPortStartScheduler  port.o
    0x08007c12   0x08007c12   0x00000002   PAD
    0x08007c14   0x08007c14   0x0000003c   Code   RO         1906    .text.xPortSysTickHandler  port.o
    0x08007c50   0x08007c50   0x0000009a   Code   RO         1502    .text.xQueueGenericCreate  queue.o
    0x08007cea   0x08007cea   0x00000002   PAD
    0x08007cec   0x08007cec   0x00000108   Code   RO         1500    .text.xQueueGenericReset  queue.o
    0x08007df4   0x08007df4   0x0000022c   Code   RO         1512    .text.xQueueGenericSend  queue.o
    0x08008020   0x08008020   0x000001dc   Code   RO         1530    .text.xQueueReceive  queue.o
    0x080081fc   0x080081fc   0x000000d2   Code   RO         1711    .text.xTaskCheckForTimeOut  tasks.o
    0x080082ce   0x080082ce   0x00000002   PAD
    0x080082d0   0x080082d0   0x000000a0   Code   RO         1633    .text.xTaskCreate   tasks.o
    0x08008370   0x08008370   0x00000038   Code   RO         1725    .text.xTaskGetSchedulerState  tasks.o
    0x080083a8   0x080083a8   0x00000014   Code   RO         1681    .text.xTaskGetTickCount  tasks.o
    0x080083bc   0x080083bc   0x00000260   Code   RO         1679    .text.xTaskIncrementTick  tasks.o
    0x0800861c   0x0800861c   0x00000138   Code   RO         1729    .text.xTaskPriorityDisinherit  tasks.o
    0x08008754   0x08008754   0x0000018c   Code   RO         1703    .text.xTaskRemoveFromEventList  tasks.o
    0x080088e0   0x080088e0   0x00000222   Code   RO         1651    .text.xTaskResumeAll  tasks.o
    0x08008b02   0x08008b02   0x00000002   PAD
    0x08008b04   0x08008b04   0x0000006c   Code   RO         1785    .text.xTimerCreateTimerTask  timers.o
    0x08008b70   0x08008b70   0x00000020   Code   RO         1963    i.__0printf         mc_w.l(printfa.o)
    0x08008b90   0x08008b90   0x00000028   Code   RO         1965    i.__0sprintf        mc_w.l(printfa.o)
    0x08008bb8   0x08008bb8   0x00000030   Code   RO         2035    i.__ARM_fpclassify  m_wm.l(fpclassify.o)
    0x08008be8   0x08008be8   0x00000c60   Code   RO         1938    i.__hardfp_pow      m_wm.l(pow.o)
    0x08009848   0x08009848   0x000000f8   Code   RO         2037    i.__kernel_poly     m_wm.l(poly.o)
    0x08009940   0x08009940   0x00000030   Code   RO         2015    i.__mathlib_dbl_divzero  m_wm.l(dunder.o)
    0x08009970   0x08009970   0x00000014   Code   RO         2017    i.__mathlib_dbl_infnan2  m_wm.l(dunder.o)
    0x08009984   0x08009984   0x00000004   PAD
    0x08009988   0x08009988   0x00000020   Code   RO         2018    i.__mathlib_dbl_invalid  m_wm.l(dunder.o)
    0x080099a8   0x080099a8   0x00000020   Code   RO         2019    i.__mathlib_dbl_overflow  m_wm.l(dunder.o)
    0x080099c8   0x080099c8   0x00000020   Code   RO         2021    i.__mathlib_dbl_underflow  m_wm.l(dunder.o)
    0x080099e8   0x080099e8   0x0000000e   Code   RO         2146    i.__scatterload_copy  mc_w.l(handlers.o)
    0x080099f6   0x080099f6   0x00000002   Code   RO         2147    i.__scatterload_null  mc_w.l(handlers.o)
    0x080099f8   0x080099f8   0x0000000e   Code   RO         2148    i.__scatterload_zeroinit  mc_w.l(handlers.o)
    0x08009a06   0x08009a06   0x00000002   PAD
    0x08009a08   0x08009a08   0x0000000c   Code   RO         2080    i.__set_errno       mc_w.l(errno.o)
    0x08009a14   0x08009a14   0x00000184   Code   RO         1970    i._fp_digits        mc_w.l(printfa.o)
    0x08009b98   0x08009b98   0x000006dc   Code   RO         1971    i._printf_core      mc_w.l(printfa.o)
    0x0800a274   0x0800a274   0x00000024   Code   RO         1972    i._printf_post_padding  mc_w.l(printfa.o)
    0x0800a298   0x0800a298   0x0000002e   Code   RO         1973    i._printf_pre_padding  mc_w.l(printfa.o)
    0x0800a2c6   0x0800a2c6   0x0000000a   Code   RO         1975    i._sputc            mc_w.l(printfa.o)
    0x0800a2d0   0x0800a2d0   0x00000018   Code   RO         2031    i.fabs              m_wm.l(fabs.o)
    0x0800a2e8   0x0800a2e8   0x00000050   Code   RO         2106    i.free              mc_w.l(malloc.o)
    0x0800a338   0x0800a338   0x0000006c   Code   RO         2107    i.malloc            mc_w.l(malloc.o)
    0x0800a3a4   0x0800a3a4   0x0000006e   Code   RO         2042    i.sqrt              m_wm.l(sqrt.o)
    0x0800a412   0x0800a412   0x00000006   PAD
    0x0800a418   0x0800a418   0x00000088   Data   RO         1941    .constdata          m_wm.l(pow.o)
    0x0800a4a0   0x0800a4a0   0x00000008   Data   RO         2039    .constdata          m_wm.l(qnan.o)
    0x0800a4a8   0x0800a4a8   0x00000010   Data   RO           65    .rodata.AHBPrescTable  system_stm32f4xx.o
    0x0800a4b8   0x0800a4b8   0x00000008   Data   RO           66    .rodata.APBPrescTable  system_stm32f4xx.o
    0x0800a4c0   0x0800a4c0   0x0000014c   Data   RO           30    .rodata.str1.1      main.o
    0x0800a60c   0x0800a60c   0x000000b1   Data   RO         1205    .rodata.str1.1      can.o
    0x0800a6bd   0x0800a6bd   0x00000016   Data   RO         1253    .rodata.str1.1      usart_get.o
    0x0800a6d3   0x0800a6d3   0x0000000c   Data   RO         1277    .rodata.str1.1      usart_print.o
    0x0800a6df   0x0800a6df   0x00000039   Data   RO         1342    .rodata.str1.1      epos.o
    0x0800a718   0x0800a718   0x00000020   Data   RO         1771    .rodata.str1.1      tasks.o
    0x0800a738   0x0800a738   0x0000000d   Data   RO         1838    .rodata.str1.1      timers.o
    0x0800a745   0x0800a745   0x00000003   PAD
    0x0800a748   0x0800a748   0x00000004   Data   RO         1756    .rodata.uxTopUsedPriority  tasks.o
    0x0800a74c   0x0800a74c   0x00000020   Data   RO         2145    Region$$Table       anon$$obj.o
    0x0800a76c   0x0800a76c   0x00000004   Data   RO           32    .init_array         main.o
    0x0800a770   0x0800a76c   0x00000004   Data   RO         1390    .init_array         motioncontrol.o
    0x0800a774   0x0800a76c   0x00000004   Data   RO         1408    .init_array         motor_test.o
    0x0800a778   0x0800a76c   0x00000000   Data   RO         1991    .init_array         mc_w.l(cpp_init.o)


    Execution Region RW_IRAM1 (Exec base: 0x20000000, Load base: 0x0800a778, Size: 0x00013c30, Max: 0x00020000, ABSOLUTE)

    Exec Addr    Load Addr    Size         Type   Attr      Idx    E Section Name        Object

    0x20000000   0x0800a778   0x00000004   Data   RW         2060    .data               mc_w.l(stdout.o)
    0x20000004   0x0800a77c   0x00000004   Data   RW         2081    .data               mc_w.l(errno.o)
    0x20000008   0x0800a780   0x00000004   Data   RW         2135    .data               mc_w.l(cpp_dtor.o)
    0x2000000c   0x0800a784   0x00000004   Data   RW         2141    .data               mc_w.l(mvars.o)
    0x20000010   0x0800a788   0x00000004   Data   RW         2142    .data               mc_w.l(mvars.o)
    0x20000014   0x0800a78c   0x0000001c   Data   RW         1435    .data..Lconstinit   fuzzypid.o
    0x20000030   0x0800a7a8   0x0000001c   Data   RW         1436    .data..Lconstinit.1  fuzzypid.o
    0x2000004c   0x0800a7c4   0x0000001c   Data   RW         1437    .data..Lconstinit.2  fuzzypid.o
    0x20000068   0x0800a7e0   0x0000001c   Data   RW         1438    .data..Lconstinit.3  fuzzypid.o
    0x20000084   0x0800a7fc   0x0000001c   Data   RW         1439    .data..Lconstinit.4  fuzzypid.o
    0x200000a0   0x0800a818   0x00000008   Data   RW         1230    .data.RxPDO         pdo.o
    0x200000a8   0x0800a820   0x00000004   Data   RW           64    .data.SystemCoreClock  system_stm32f4xx.o
    0x200000ac   0x0800a824   0x00000008   Data   RW         1229    .data.TxPDO         pdo.o
    0x200000b4   0x0800a82c   0x0000000c   Data   RW           31    .data._ZL13PositionError  main.o
    0x200000c0   0x0800a838   0x00000001   Data   RW          149    .data.uwTickFreq    stm32f4xx_hal.o
    0x200000c1   0x0800a839   0x00000003   PAD
    0x200000c4   0x0800a83c   0x00000004   Data   RW          148    .data.uwTickPrio    stm32f4xx_hal.o
    0x200000c8   0x0800a840   0x00000004   Data   RW         1912    .data.uxCriticalNesting  port.o
    0x200000cc   0x0800a844   0x00000004   PAD
    0x200000d0        -       0x0000001c   Zero   RW         1440    .bss..Lconstinit.5  fuzzypid.o
    0x200000ec        -       0x0000001c   Zero   RW         1441    .bss..Lconstinit.6  fuzzypid.o
    0x20000108        -       0x0000001c   Zero   RW         1442    .bss..Lconstinit.7  fuzzypid.o
    0x20000124        -       0x0000001c   Zero   RW         1443    .bss..Lconstinit.8  fuzzypid.o
    0x20000140        -       0x00000004   Zero   RW           27    .bss.CommandQueue   main.o
    0x20000144        -       0x00000004   Zero   RW           23    .bss.CommandTask_Handler  main.o
    0x20000148        -       0x00000004   Zero   RW           29    .bss.EventGroupHandler  main.o
    0x2000014c        -       0x000003c8   Zero   RW         1386    .bss.Poseture_Adjustment  motioncontrol.o
    0x20000514        -       0x0000001c   Zero   RW         1206    .bss.RxMessage      can.o
    0x20000530        -       0x00000004   Zero   RW           22    .bss.StartTask_Handler  main.o
    0x20000534        -       0x00000040   Zero   RW         1179    .bss.UART1_Handler  usart.o
    0x20000574        -       0x00000040   Zero   RW         1184    .bss.UART2_Handler  usart.o
    0x200005b4        -       0x000000c8   Zero   RW         1181    .bss.USART1_RX_BUF  usart.o
    0x2000067c        -       0x00000002   Zero   RW         1178    .bss.USART1_RX_STA  usart.o
    0x2000067e   0x0800a844   0x00000002   PAD
    0x20000680        -       0x00000004   Zero   RW           28    .bss.WristPosQueue  main.o
    0x20000684        -       0x00000004   Zero   RW           25    .bss.WristPosTask_Handler  main.o
    0x20000688        -       0x00000004   Zero   RW           24    .bss.WristTask_Handler  main.o
    0x2000068c        -       0x0000000c   Zero   RW         1388    .bss._ZL16PositionErrorPre  motioncontrol.o
    0x20000698        -       0x0000000c   Zero   RW         1389    .bss._ZL17PositionErrorPpre  motioncontrol.o
    0x200006a4        -       0x000000fa   Zero   RW         1927    .bss._ZZ16CopeWristPosDataE10ucRxBuffer  bwt61cl.o
    0x2000079e        -       0x00000001   Zero   RW         1928    .bss._ZZ16CopeWristPosDataE7ucRxCnt  bwt61cl.o
    0x2000079f        -       0x00000001   Zero   RW         1180    .bss.aRxBuffer      usart.o
    0x200007a0        -       0x00000001   Zero   RW         1182    .bss.bRxBuffer      usart.o
    0x200007a1   0x0800a844   0x00000001   PAD
    0x200007a2        -       0x00000002   Zero   RW         1146    .bss.fac_ms         delay.o
    0x200007a4        -       0x00000004   Zero   RW         1145    .bss.fac_us         delay.o
    0x200007a8        -       0x00000028   Zero   RW         1204    .bss.hcan1          can.o
    0x200007d0        -       0x00000020   Zero   RW         1384    .bss.motor_QB       motioncontrol.o
    0x200007f0        -       0x00000020   Zero   RW         1382    .bss.motor_W1       motioncontrol.o
    0x20000810        -       0x00000020   Zero   RW         1383    .bss.motor_W2       motioncontrol.o
    0x20000830        -       0x00000020   Zero   RW         1385    .bss.motor_ZB       motioncontrol.o
    0x20000850        -       0x00000020   Zero   RW         1406    .bss.motor_test     motor_test.o
    0x20000870        -       0x00000004   Zero   RW         1842    .bss.prvSampleTimeNow.xLastTime  timers.o
    0x20000874        -       0x00000004   Zero   RW         1755    .bss.pxCurrentTCB   tasks.o
    0x20000878        -       0x00000004   Zero   RW         1840    .bss.pxCurrentTimerList  timers.o
    0x2000087c        -       0x00000004   Zero   RW         1766    .bss.pxDelayedTaskList  tasks.o
    0x20000880        -       0x00000004   Zero   RW         1870    .bss.pxEnd          heap_4.o
    0x20000884        -       0x00000004   Zero   RW         1767    .bss.pxOverflowDelayedTaskList  tasks.o
    0x20000888        -       0x00000004   Zero   RW         1841    .bss.pxOverflowTimerList  timers.o
    0x2000088c        -       0x00000064   Zero   RW         1757    .bss.pxReadyTasksLists  tasks.o
    0x200008f0        -       0x00000008   Zero   RW         1924    .bss.stcAcc         bwt61cl.o
    0x200008f8        -       0x00000008   Zero   RW         1926    .bss.stcAngle       bwt61cl.o
    0x20000900        -       0x00000008   Zero   RW         1925    .bss.stcGyro        bwt61cl.o
    0x20000908        -       0x00012c00   Zero   RW         1876    .bss.ucHeap         heap_4.o
    0x20013508        -       0x00000001   Zero   RW         1910    .bss.ucMaxSysCallPriority  port.o
    0x20013509   0x0800a844   0x00000003   PAD
    0x2001350c        -       0x00000004   Zero   RW         1911    .bss.ulMaxPRIGROUPValue  port.o
    0x20013510        -       0x00000004   Zero   RW          150    .bss.uwTick         stm32f4xx_hal.o
    0x20013514        -       0x00000004   Zero   RW         1762    .bss.uxCurrentNumberOfTasks  tasks.o
    0x20013518        -       0x00000004   Zero   RW         1761    .bss.uxDeletedTasksWaitingCleanUp  tasks.o
    0x2001351c        -       0x00000004   Zero   RW         1764    .bss.uxSchedulerSuspended  tasks.o
    0x20013520        -       0x00000004   Zero   RW         1759    .bss.uxTaskNumber   tasks.o
    0x20013524        -       0x00000004   Zero   RW         1758    .bss.uxTopReadyPriority  tasks.o
    0x20013528        -       0x00000014   Zero   RW         1843    .bss.xActiveTimerList1  timers.o
    0x2001353c        -       0x00000014   Zero   RW         1844    .bss.xActiveTimerList2  timers.o
    0x20013550        -       0x00000014   Zero   RW         1776    .bss.xDelayedTaskList1  tasks.o
    0x20013564        -       0x00000014   Zero   RW         1777    .bss.xDelayedTaskList2  tasks.o
    0x20013578        -       0x00000004   Zero   RW         1871    .bss.xFreeBytesRemaining  heap_4.o
    0x2001357c        -       0x00000004   Zero   RW         1772    .bss.xIdleTaskHandle  tasks.o
    0x20013580        -       0x00000004   Zero   RW         1873    .bss.xMinimumEverFreeBytesRemaining  heap_4.o
    0x20013584        -       0x00000004   Zero   RW         1773    .bss.xNextTaskUnblockTime  tasks.o
    0x20013588        -       0x00000004   Zero   RW         1775    .bss.xNumOfOverflows  tasks.o
    0x2001358c        -       0x00000004   Zero   RW         1874    .bss.xNumberOfSuccessfulAllocations  heap_4.o
    0x20013590        -       0x00000004   Zero   RW         1875    .bss.xNumberOfSuccessfulFrees  heap_4.o
    0x20013594        -       0x00000004   Zero   RW         1774    .bss.xPendedTicks   tasks.o
    0x20013598        -       0x00000014   Zero   RW         1770    .bss.xPendingReadyList  tasks.o
    0x200135ac        -       0x00000040   Zero   RW         1570    .bss.xQueueRegistry  queue.o
    0x200135ec        -       0x00000004   Zero   RW         1763    .bss.xSchedulerRunning  tasks.o
    0x200135f0        -       0x00000008   Zero   RW         1872    .bss.xStart         heap_4.o
    0x200135f8        -       0x00000014   Zero   RW         1768    .bss.xSuspendedTaskList  tasks.o
    0x2001360c        -       0x00000014   Zero   RW         1760    .bss.xTasksWaitingTermination  tasks.o
    0x20013620        -       0x00000004   Zero   RW         1765    .bss.xTickCount     tasks.o
    0x20013624        -       0x00000004   Zero   RW         1837    .bss.xTimerQueue    timers.o
    0x20013628        -       0x00000004   Zero   RW         1839    .bss.xTimerTaskHandle  timers.o
    0x2001362c        -       0x00000004   Zero   RW         1769    .bss.xYieldPending  tasks.o
    0x20013630        -       0x00000200   Zero   RW           85    HEAP                startup_stm32f407xx.o
    0x20013830        -       0x00000400   Zero   RW           84    STACK               startup_stm32f407xx.o


==============================================================================

Image component sizes


      Code (inc. data)   RO Data    RW Data    ZI Data      Debug   Object Name

       218          0          0          0        275       7829   bwt61cl.o
       706          0        177          0         68       5637   can.o
       362          0          0          0          6       1789   delay.o
       330          0         57          0          0      13317   epos.o
       932          0          0          0          0       6153   event_groups.o
      3926         48          0        140        112      16777   fuzzypid.o
      1014          0          0          0      76828       4552   heap_4.o
       296          0          0          0          0       2138   list.o
      1516          8        336         12         28      19642   main.o
      1568         36          4          0       1120      22718   motioncontrol.o
        56          0          4          0         32      10008   motor_test.o
        90          0          0          0          0       7528   nmt_control.o
       370          8          0         16          0       1541   pdo.o
       996         16          0          4          5       3791   port.o
      2334          0          0          0         64      15608   queue.o
       142          0          0          0          0       1319   sdo.o
        36          8        392          0       1536        900   startup_stm32f407xx.o
       184          0          0          5          4       7042   stm32f4xx_hal.o
      1982          0          0          0          0      11338   stm32f4xx_hal_can.o
       534          0          0          0          0       9413   stm32f4xx_hal_cortex.o
        68          0          0          0          0       8437   stm32f4xx_hal_dma.o
       952          0          0          0          0       5094   stm32f4xx_hal_gpio.o
         2          0          0          0          0        499   stm32f4xx_hal_msp.o
      2496          0          0          0          0       7408   stm32f4xx_hal_rcc.o
      2952          0          0          0          0      15414   stm32f4xx_hal_uart.o
        20          0          0          0          0        808   stm32f4xx_it.o
       228          0          0          0          0       2814   sys.o
       110          0         24          4          0       2518   system_stm32f4xx.o
      5330          0         36          0        260      24362   tasks.o
      1242         10         13          0         60       8461   timers.o
      1042          0          0          0        332       7994   usart.o
       400          8         22          0          0       3614   usart_get.o
       440          0         12          0          0       4397   usart_print.o

    ----------------------------------------------------------------------
     33056        142       1112        184      80740     260860   Object Totals
         0          0         32          0          0          0   (incl. Generated)
       182          0          3          3         10          0   (incl. Padding)

    ----------------------------------------------------------------------

      Code (inc. data)   RO Data    RW Data    ZI Data      Debug   Library Member Name

       164         44          0          0          0        620   dunder.o
        24          0          0          0          0        124   fabs.o
        48          0          0          0          0        124   fpclassify.o
       248          0          0          0          0        152   poly.o
      3168        296        136          0          0        352   pow.o
         0          0          8          0          0          0   qnan.o
       110          0          0          0          0        148   sqrt.o
        46          0          0          0          0         84   aeabi_atexit.o
         8          4          0          4          0         68   cpp_dtor.o
         2          0          0          0          0         68   cpp_final.o
        32          8          0          0          0         80   cpp_init.o
        10          0          0          0          0         68   cxa_atexit.o
        66          0          0          0          0         84   cxa_finalize.o
         0          0          0          0          0          0   entry.o
         0          0          0          0          0          0   entry10a.o
         4          0          0          0          0          0   entry10b.o
         0          0          0          0          0          0   entry11a.o
         8          4          0          0          0          0   entry2.o
         4          0          0          0          0          0   entry5.o
         0          0          0          0          0          0   entry7b.o
         4          0          0          0          0          0   entry8a.o
         0          0          0          0          0          0   entry8b.o
         8          4          0          0          0          0   entry9a.o
        12          6          0          4          0         68   errno.o
        30          0          0          0          0          0   handlers.o
        36          8          0          0          0         68   init.o
         0          0          0          0          0          0   iusefp.o
        30          0          0          0          0         68   llshl.o
        36          0          0          0          0         68   llsshr.o
        32          0          0          0          0         68   llushr.o
       188         20          0          0          0        160   malloc.o
        36          0          0          0          0         68   memcpya.o
        36          0          0          0          0        108   memseta.o
         0          0          0          8          0          0   mvars.o
      2308         96          0          0          0        604   printfa.o
         8          0          0          0          0         68   siabs.o
         0          0          0          4          0          0   stdout.o
        14          0          0          0          0         68   strlen.o
        44          0          0          0          0         80   uidiv.o
        98          0          0          0          0         92   uldiv.o
        48          0          0          0          0         68   cdrcmple.o
        56          0          0          0          0         88   d2f.o
       334          0          0          0          0        148   dadd.o
        54          0          0          0          0         80   dcmpge.o
        54          0          0          0          0         80   dcmple.o
       222          0          0          0          0        100   ddiv.o
       186          0          0          0          0        176   depilogue.o
        62          0          0          0          0         80   dfixi.o
        48          0          0          0          0         68   dfixul.o
        34          0          0          0          0         76   dflti.o
       228          0          0          0          0         96   dmul.o
        46          0          0          0          0         80   dscalb.o
       162          0          0          0          0        100   dsqrt.o
        38          0          0          0          0         68   f2d.o
       110          0          0          0          0        168   fepilogue.o

    ----------------------------------------------------------------------
      8560        490        144         20          0       5036   Library Totals
        16          0          0          0          0          0   (incl. Padding)

    ----------------------------------------------------------------------

      Code (inc. data)   RO Data    RW Data    ZI Data      Debug   Library Name

      3762        340        144          0          0       1520   m_wm.l
      3100        150          0         20          0       2040   mc_w.l
      1682          0          0          0          0       1476   mf_w.l

    ----------------------------------------------------------------------
      8560        490        144         20          0       5036   Library Totals

    ----------------------------------------------------------------------

==============================================================================


      Code (inc. data)   RO Data    RW Data    ZI Data      Debug   

     41616        632       1256        204      80740     262708   Grand Totals
     41616        632       1256        204      80740     262708   ELF Image Totals
     41616        632       1256        204          0          0   ROM Totals

==============================================================================

    Total RO  Size (Code + RO Data)                42872 (  41.87kB)
    Total RW  Size (RW Data + ZI Data)             80944 (  79.05kB)
    Total ROM Size (Code + RO Data + RW Data)      43076 (  42.07kB)

==============================================================================

